<?xml version="1.0" encoding="ISO-8859-1" ?>
<link_info>
   <banner>TI ARM Clang Linker PC v3.2.2.LTS</banner>
   <copyright>Copyright (c) 1996-2018 Texas Instruments Incorporated</copyright>
   <link_time>0x674c76b4</link_time>
   <link_errors>0x0</link_errors>
   <output_file>C:\Users\Gavin Bish\workspace_v12\gpiointerrupt_CC3220S_LAUNCHXL_nortos_ticlang\MCU+Image\gpiointerrupt_CC3220S_LAUNCHXL_nortos_ticlang.out</output_file>
   <entry_point>
      <name>resetISR</name>
      <address>0x2000eded</address>
   </entry_point>
   <input_file_list>
      <input_file id="fl-1">
         <path>C:\Users\Gavin Bish\workspace_v12\gpiointerrupt_CC3220S_LAUNCHXL_nortos_ticlang\MCU+Image\.\</path>
         <kind>object</kind>
         <file>gpiointerrupt.o</file>
         <name>gpiointerrupt.o</name>
      </input_file>
      <input_file id="fl-2">
         <path>C:\Users\Gavin Bish\workspace_v12\gpiointerrupt_CC3220S_LAUNCHXL_nortos_ticlang\MCU+Image\.\syscfg\</path>
         <kind>object</kind>
         <file>ti_drivers_config.o</file>
         <name>ti_drivers_config.o</name>
      </input_file>
      <input_file id="fl-3">
         <path>C:\Users\Gavin Bish\workspace_v12\gpiointerrupt_CC3220S_LAUNCHXL_nortos_ticlang\MCU+Image\.\</path>
         <kind>object</kind>
         <file>main_nortos.o</file>
         <name>main_nortos.o</name>
      </input_file>
      <input_file id="fl-13">
         <path>C:\Users\Gavin Bish\workspace_v12\gpiointerrupt_CC3220S_LAUNCHXL_nortos_ticlang\MCU+Image\</path>
         <kind>object</kind>
         <file>&lt;internal&gt;</file>
         <name>&lt;internal&gt;</name>
      </input_file>
      <input_file id="fl-14">
         <path>C:\ti\simplelink_cc32xx_sdk_7_10_00_13\source\ti\drivers\lib\ticlang\m4\</path>
         <kind>archive</kind>
         <file>drivers_cc32xx.a</file>
         <name>GPIO.c.obj</name>
      </input_file>
      <input_file id="fl-15">
         <path>C:\ti\simplelink_cc32xx_sdk_7_10_00_13\source\ti\drivers\lib\ticlang\m4\</path>
         <kind>archive</kind>
         <file>drivers_cc32xx.a</file>
         <name>GPIOCC32XX.c.obj</name>
      </input_file>
      <input_file id="fl-16">
         <path>C:\ti\simplelink_cc32xx_sdk_7_10_00_13\source\ti\drivers\lib\ticlang\m4\</path>
         <kind>archive</kind>
         <file>drivers_cc32xx.a</file>
         <name>PowerCC32XX.c.obj</name>
      </input_file>
      <input_file id="fl-17">
         <path>C:\ti\simplelink_cc32xx_sdk_7_10_00_13\source\ti\drivers\lib\ticlang\m4\</path>
         <kind>archive</kind>
         <file>drivers_cc32xx.a</file>
         <name>PowerCC32XX_ticlang.asm.obj</name>
      </input_file>
      <input_file id="fl-18">
         <path>C:\ti\simplelink_cc32xx_sdk_7_10_00_13\source\ti\drivers\lib\ticlang\m4\</path>
         <kind>archive</kind>
         <file>drivers_cc32xx.a</file>
         <name>Timer.c.obj</name>
      </input_file>
      <input_file id="fl-19">
         <path>C:\ti\simplelink_cc32xx_sdk_7_10_00_13\source\ti\drivers\lib\ticlang\m4\</path>
         <kind>archive</kind>
         <file>drivers_cc32xx.a</file>
         <name>TimerCC32XX.c.obj</name>
      </input_file>
      <input_file id="fl-1a">
         <path>C:\ti\simplelink_cc32xx_sdk_7_10_00_13\source\ti\drivers\lib\ticlang\m4\</path>
         <kind>archive</kind>
         <file>drivers_cc32xx.a</file>
         <name>List.c.obj</name>
      </input_file>
      <input_file id="fl-1b">
         <path>C:\ti\simplelink_cc32xx_sdk_7_10_00_13\kernel\nortos\lib\ticlang\m4\</path>
         <kind>archive</kind>
         <file>nortos_cc32xx.a</file>
         <name>NoRTOS.c.obj</name>
      </input_file>
      <input_file id="fl-1c">
         <path>C:\ti\simplelink_cc32xx_sdk_7_10_00_13\kernel\nortos\lib\ticlang\m4\</path>
         <kind>archive</kind>
         <file>nortos_cc32xx.a</file>
         <name>SemaphoreP_nortos.c.obj</name>
      </input_file>
      <input_file id="fl-1d">
         <path>C:\ti\simplelink_cc32xx_sdk_7_10_00_13\kernel\nortos\lib\ticlang\m4\</path>
         <kind>archive</kind>
         <file>nortos_cc32xx.a</file>
         <name>ClockPSysTick_nortos.c.obj</name>
      </input_file>
      <input_file id="fl-1e">
         <path>C:\ti\simplelink_cc32xx_sdk_7_10_00_13\kernel\nortos\lib\ticlang\m4\</path>
         <kind>archive</kind>
         <file>nortos_cc32xx.a</file>
         <name>HwiPCC32XX_nortos.c.obj</name>
      </input_file>
      <input_file id="fl-1f">
         <path>C:\ti\simplelink_cc32xx_sdk_7_10_00_13\kernel\nortos\lib\ticlang\m4\</path>
         <kind>archive</kind>
         <file>nortos_cc32xx.a</file>
         <name>PowerCC32XX_nortos.c.obj</name>
      </input_file>
      <input_file id="fl-20">
         <path>C:\ti\simplelink_cc32xx_sdk_7_10_00_13\kernel\nortos\lib\ticlang\m4\</path>
         <kind>archive</kind>
         <file>nortos_cc32xx.a</file>
         <name>startup_cc32xx_ticlang.c.obj</name>
      </input_file>
      <input_file id="fl-21">
         <path>C:\ti\simplelink_cc32xx_sdk_7_10_00_13\kernel\nortos\lib\ticlang\m4\</path>
         <kind>archive</kind>
         <file>nortos_cc32xx.a</file>
         <name>SwiP_nortos.c.obj</name>
      </input_file>
      <input_file id="fl-22">
         <path>C:\ti\simplelink_cc32xx_sdk_7_10_00_13\source\ti\devices\cc32xx\driverlib\ticlang\Release\</path>
         <kind>archive</kind>
         <file>driverlib.a</file>
         <name>cpu.obj</name>
      </input_file>
      <input_file id="fl-23">
         <path>C:\ti\simplelink_cc32xx_sdk_7_10_00_13\source\ti\devices\cc32xx\driverlib\ticlang\Release\</path>
         <kind>archive</kind>
         <file>driverlib.a</file>
         <name>gpio.obj</name>
      </input_file>
      <input_file id="fl-24">
         <path>C:\ti\simplelink_cc32xx_sdk_7_10_00_13\source\ti\devices\cc32xx\driverlib\ticlang\Release\</path>
         <kind>archive</kind>
         <file>driverlib.a</file>
         <name>hwspinlock.obj</name>
      </input_file>
      <input_file id="fl-25">
         <path>C:\ti\simplelink_cc32xx_sdk_7_10_00_13\source\ti\devices\cc32xx\driverlib\ticlang\Release\</path>
         <kind>archive</kind>
         <file>driverlib.a</file>
         <name>interrupt.obj</name>
      </input_file>
      <input_file id="fl-26">
         <path>C:\ti\simplelink_cc32xx_sdk_7_10_00_13\source\ti\devices\cc32xx\driverlib\ticlang\Release\</path>
         <kind>archive</kind>
         <file>driverlib.a</file>
         <name>pin.obj</name>
      </input_file>
      <input_file id="fl-27">
         <path>C:\ti\simplelink_cc32xx_sdk_7_10_00_13\source\ti\devices\cc32xx\driverlib\ticlang\Release\</path>
         <kind>archive</kind>
         <file>driverlib.a</file>
         <name>prcm.obj</name>
      </input_file>
      <input_file id="fl-28">
         <path>C:\ti\simplelink_cc32xx_sdk_7_10_00_13\source\ti\devices\cc32xx\driverlib\ticlang\Release\</path>
         <kind>archive</kind>
         <file>driverlib.a</file>
         <name>spi.obj</name>
      </input_file>
      <input_file id="fl-29">
         <path>C:\ti\simplelink_cc32xx_sdk_7_10_00_13\source\ti\devices\cc32xx\driverlib\ticlang\Release\</path>
         <kind>archive</kind>
         <file>driverlib.a</file>
         <name>systick.obj</name>
      </input_file>
      <input_file id="fl-2a">
         <path>C:\ti\simplelink_cc32xx_sdk_7_10_00_13\source\ti\devices\cc32xx\driverlib\ticlang\Release\</path>
         <kind>archive</kind>
         <file>driverlib.a</file>
         <name>timer.obj</name>
      </input_file>
      <input_file id="fl-2b">
         <path>C:\ti\simplelink_cc32xx_sdk_7_10_00_13\source\ti\devices\cc32xx\driverlib\ticlang\Release\</path>
         <kind>archive</kind>
         <file>driverlib.a</file>
         <name>udma.obj</name>
      </input_file>
      <input_file id="fl-2c">
         <path>C:\ti\simplelink_cc32xx_sdk_7_10_00_13\source\ti\devices\cc32xx\driverlib\ticlang\Release\</path>
         <kind>archive</kind>
         <file>driverlib.a</file>
         <name>utils.obj</name>
      </input_file>
      <input_file id="fl-2d">
         <path>C:\ti\simplelink_cc32xx_sdk_7_10_00_13\source\ti\devices\cc32xx\driverlib\ticlang\Release\</path>
         <kind>archive</kind>
         <file>driverlib.a</file>
         <name>flash.obj</name>
      </input_file>
      <input_file id="fl-3c">
         <path>C:\ti\ccs1281\ccs\tools\compiler\ti-cgt-armllvm_3.2.2.LTS\lib\armv7em-ti-none-eabi\c\</path>
         <kind>archive</kind>
         <file>libc.a</file>
         <name>memory.c.obj</name>
      </input_file>
      <input_file id="fl-3d">
         <path>C:\ti\ccs1281\ccs\tools\compiler\ti-cgt-armllvm_3.2.2.LTS\lib\armv7em-ti-none-eabi\c\</path>
         <kind>archive</kind>
         <file>libc.a</file>
         <name>boot_cortex_m.c.obj</name>
      </input_file>
      <input_file id="fl-3e">
         <path>C:\ti\ccs1281\ccs\tools\compiler\ti-cgt-armllvm_3.2.2.LTS\lib\armv7em-ti-none-eabi\c\</path>
         <kind>archive</kind>
         <file>libc.a</file>
         <name>mathacl_init.c.obj</name>
      </input_file>
      <input_file id="fl-3f">
         <path>C:\ti\ccs1281\ccs\tools\compiler\ti-cgt-armllvm_3.2.2.LTS\lib\armv7em-ti-none-eabi\c\</path>
         <kind>archive</kind>
         <file>libc.a</file>
         <name>autoinit.c.obj</name>
      </input_file>
      <input_file id="fl-40">
         <path>C:\ti\ccs1281\ccs\tools\compiler\ti-cgt-armllvm_3.2.2.LTS\lib\armv7em-ti-none-eabi\c\</path>
         <kind>archive</kind>
         <file>libc.a</file>
         <name>pre_init.c.obj</name>
      </input_file>
      <input_file id="fl-41">
         <path>C:\ti\ccs1281\ccs\tools\compiler\ti-cgt-armllvm_3.2.2.LTS\lib\armv7em-ti-none-eabi\c\</path>
         <kind>archive</kind>
         <file>libc.a</file>
         <name>cpy_tbl.c.obj</name>
      </input_file>
      <input_file id="fl-42">
         <path>C:\ti\ccs1281\ccs\tools\compiler\ti-cgt-armllvm_3.2.2.LTS\lib\armv7em-ti-none-eabi\c\</path>
         <kind>archive</kind>
         <file>libc.a</file>
         <name>copy_zero_init.c.obj</name>
      </input_file>
      <input_file id="fl-43">
         <path>C:\ti\ccs1281\ccs\tools\compiler\ti-cgt-armllvm_3.2.2.LTS\lib\armv7em-ti-none-eabi\c\</path>
         <kind>archive</kind>
         <file>libc.a</file>
         <name>copy_decompress_none.c.obj</name>
      </input_file>
      <input_file id="fl-44">
         <path>C:\ti\ccs1281\ccs\tools\compiler\ti-cgt-armllvm_3.2.2.LTS\lib\armv7em-ti-none-eabi\c\</path>
         <kind>archive</kind>
         <file>libc.a</file>
         <name>copy_decompress_lzss.c.obj</name>
      </input_file>
      <input_file id="fl-45">
         <path>C:\ti\ccs1281\ccs\tools\compiler\ti-cgt-armllvm_3.2.2.LTS\lib\armv7em-ti-none-eabi\c\</path>
         <kind>archive</kind>
         <file>libc.a</file>
         <name>exit.c.obj</name>
      </input_file>
      <input_file id="fl-46">
         <path>C:\ti\ccs1281\ccs\tools\compiler\ti-cgt-armllvm_3.2.2.LTS\lib\armv7em-ti-none-eabi\c\</path>
         <kind>archive</kind>
         <file>libc.a</file>
         <name>_lock.c.obj</name>
      </input_file>
      <input_file id="fl-47">
         <path>C:\ti\ccs1281\ccs\tools\compiler\ti-cgt-armllvm_3.2.2.LTS\lib\armv7em-ti-none-eabi\c\</path>
         <kind>archive</kind>
         <file>libc.a</file>
         <name>args_main.c.obj</name>
      </input_file>
      <input_file id="fl-ad">
         <path>C:\ti\ccs1281\ccs\tools\compiler\ti-cgt-armllvm_3.2.2.LTS\lib\clang\15.0.7\lib\armv7em-ti-none-eabi\</path>
         <kind>archive</kind>
         <file>libclang_rt.builtins.a</file>
         <name>aeabi_memcpy.S.obj</name>
      </input_file>
      <input_file id="fl-ae">
         <path>C:\ti\ccs1281\ccs\tools\compiler\ti-cgt-armllvm_3.2.2.LTS\lib\clang\15.0.7\lib\armv7em-ti-none-eabi\</path>
         <kind>archive</kind>
         <file>libclang_rt.builtins.a</file>
         <name>aeabi_memset.S.obj</name>
      </input_file>
      <input_file id="fl-af">
         <path>C:\ti\ccs1281\ccs\tools\compiler\ti-cgt-armllvm_3.2.2.LTS\lib\clang\15.0.7\lib\armv7em-ti-none-eabi\</path>
         <kind>archive</kind>
         <file>libclang_rt.builtins.a</file>
         <name>aeabi_uldivmod.S.obj</name>
      </input_file>
      <input_file id="fl-b0">
         <path>C:\ti\ccs1281\ccs\tools\compiler\ti-cgt-armllvm_3.2.2.LTS\lib\clang\15.0.7\lib\armv7em-ti-none-eabi\</path>
         <kind>archive</kind>
         <file>libclang_rt.builtins.a</file>
         <name>udivmoddi4.S.obj</name>
      </input_file>
      <input_file id="fl-b1">
         <path>C:\ti\ccs1281\ccs\tools\compiler\ti-cgt-armllvm_3.2.2.LTS\lib\clang\15.0.7\lib\armv7em-ti-none-eabi\</path>
         <kind>archive</kind>
         <file>libclang_rt.builtins.a</file>
         <name>aeabi_div0.c.obj</name>
      </input_file>
      <input_file id="fl-b2">
         <path>C:\ti\ccs1281\ccs\tools\compiler\ti-cgt-armllvm_3.2.2.LTS\lib\armv7em-ti-none-eabi\c\</path>
         <kind>archive</kind>
         <file>libc.a</file>
         <name>memcpy_t2.S.obj</name>
      </input_file>
      <input_file id="fl-b3">
         <path>C:\ti\ccs1281\ccs\tools\compiler\ti-cgt-armllvm_3.2.2.LTS\lib\armv7em-ti-none-eabi\c\</path>
         <kind>archive</kind>
         <file>libc.a</file>
         <name>memset_t2.S.obj</name>
      </input_file>
   </input_file_list>
   <object_component_list>
      <object_component id="oc-d2">
         <name>.text.PRCMCC3200MCUInit</name>
         <load_address>0x2000c040</load_address>
         <readonly>true</readonly>
         <executable>true</executable>
         <run_address>0x2000c040</run_address>
         <size>0x4b8</size>
         <alignment>0x2</alignment>
         <input_file_ref idref="fl-27"/>
      </object_component>
      <object_component id="oc-1c3">
         <name>.text.Power_sleep</name>
         <load_address>0x2000c4f8</load_address>
         <readonly>true</readonly>
         <executable>true</executable>
         <run_address>0x2000c4f8</run_address>
         <size>0x3e4</size>
         <alignment>0x4</alignment>
         <input_file_ref idref="fl-16"/>
      </object_component>
      <object_component id="oc-174">
         <name>.text.PowerCC32XX_sleepPolicy</name>
         <load_address>0x2000c8dc</load_address>
         <readonly>true</readonly>
         <executable>true</executable>
         <run_address>0x2000c8dc</run_address>
         <size>0x150</size>
         <alignment>0x4</alignment>
         <input_file_ref idref="fl-1f"/>
      </object_component>
      <object_component id="oc-13e">
         <name>.text.Timer_open</name>
         <load_address>0x2000ca2c</load_address>
         <readonly>true</readonly>
         <executable>true</executable>
         <run_address>0x2000ca2c</run_address>
         <size>0x148</size>
         <alignment>0x4</alignment>
         <input_file_ref idref="fl-19"/>
      </object_component>
      <object_component id="oc-f5">
         <name>.text.GPIO_setConfig</name>
         <load_address>0x2000cb74</load_address>
         <readonly>true</readonly>
         <executable>true</executable>
         <run_address>0x2000cb74</run_address>
         <size>0x140</size>
         <alignment>0x4</alignment>
         <input_file_ref idref="fl-15"/>
      </object_component>
      <object_component id="oc-1eb">
         <name>.text.aligned_alloc</name>
         <load_address>0x2000ccb4</load_address>
         <readonly>true</readonly>
         <executable>true</executable>
         <run_address>0x2000ccb4</run_address>
         <size>0x120</size>
         <alignment>0x4</alignment>
         <input_file_ref idref="fl-3c"/>
      </object_component>
      <object_component id="oc-17b">
         <name>.text.free</name>
         <load_address>0x2000cdd4</load_address>
         <readonly>true</readonly>
         <executable>true</executable>
         <run_address>0x2000cdd4</run_address>
         <size>0xf0</size>
         <alignment>0x4</alignment>
         <input_file_ref idref="fl-3c"/>
      </object_component>
      <object_component id="oc-234">
         <name>.text.IntDisable</name>
         <load_address>0x2000cec4</load_address>
         <readonly>true</readonly>
         <executable>true</executable>
         <run_address>0x2000cec4</run_address>
         <size>0xc8</size>
         <alignment>0x2</alignment>
         <input_file_ref idref="fl-25"/>
      </object_component>
      <object_component id="oc-1ee">
         <name>.text.IntEnable</name>
         <load_address>0x2000cf8c</load_address>
         <readonly>true</readonly>
         <executable>true</executable>
         <run_address>0x2000cf8c</run_address>
         <size>0xc8</size>
         <alignment>0x2</alignment>
         <input_file_ref idref="fl-25"/>
      </object_component>
      <object_component id="oc-1f8">
         <name>.text</name>
         <load_address>0x2000d054</load_address>
         <readonly>true</readonly>
         <executable>true</executable>
         <run_address>0x2000d054</run_address>
         <size>0xb0</size>
         <alignment>0x4</alignment>
         <input_file_ref idref="fl-b0"/>
      </object_component>
      <object_component id="oc-1a8">
         <name>.text.GPIOIntTypeSet</name>
         <load_address>0x2000d104</load_address>
         <readonly>true</readonly>
         <executable>true</executable>
         <run_address>0x2000d104</run_address>
         <size>0xac</size>
         <alignment>0x2</alignment>
         <input_file_ref idref="fl-23"/>
      </object_component>
      <object_component id="oc-230">
         <name>.text.IntPendSet</name>
         <load_address>0x2000d1b0</load_address>
         <readonly>true</readonly>
         <executable>true</executable>
         <run_address>0x2000d1b0</run_address>
         <size>0xa4</size>
         <alignment>0x2</alignment>
         <input_file_ref idref="fl-25"/>
      </object_component>
      <object_component id="oc-150">
         <name>.text.PinConfigSet</name>
         <load_address>0x2000d254</load_address>
         <readonly>true</readonly>
         <executable>true</executable>
         <run_address>0x2000d254</run_address>
         <size>0xa2</size>
         <alignment>0x2</alignment>
         <input_file_ref idref="fl-26"/>
      </object_component>
      <object_component id="oc-e2">
         <name>.text.Board_initHook</name>
         <load_address>0x2000d2f6</load_address>
         <readonly>true</readonly>
         <executable>true</executable>
         <run_address>0x2000d2f6</run_address>
         <size>0x2</size>
         <alignment>0x2</alignment>
         <input_file_ref idref="fl-2"/>
      </object_component>
      <object_component id="oc-129">
         <name>.text.SemaphoreP_pend</name>
         <load_address>0x2000d2f8</load_address>
         <readonly>true</readonly>
         <executable>true</executable>
         <run_address>0x2000d2f8</run_address>
         <size>0x98</size>
         <alignment>0x4</alignment>
         <input_file_ref idref="fl-1c"/>
      </object_component>
      <object_component id="oc-205">
         <name>.text</name>
         <load_address>0x2000d390</load_address>
         <readonly>true</readonly>
         <executable>true</executable>
         <run_address>0x2000d390</run_address>
         <size>0x96</size>
         <alignment>0x10</alignment>
         <input_file_ref idref="fl-17"/>
      </object_component>
      <object_component id="oc-16f">
         <name>.text.PowerCC32XX_initPolicy</name>
         <load_address>0x2000d426</load_address>
         <readonly>true</readonly>
         <executable>true</executable>
         <run_address>0x2000d426</run_address>
         <size>0x2</size>
         <alignment>0x2</alignment>
         <input_file_ref idref="fl-1f"/>
      </object_component>
      <object_component id="oc-dc">
         <name>.text.GPIO_init</name>
         <load_address>0x2000d428</load_address>
         <readonly>true</readonly>
         <executable>true</executable>
         <run_address>0x2000d428</run_address>
         <size>0x90</size>
         <alignment>0x4</alignment>
         <input_file_ref idref="fl-15"/>
      </object_component>
      <object_component id="oc-108">
         <name>.text.PRCMSysResetCauseGet</name>
         <load_address>0x2000d4b8</load_address>
         <readonly>true</readonly>
         <executable>true</executable>
         <run_address>0x2000d4b8</run_address>
         <size>0x8e</size>
         <alignment>0x2</alignment>
         <input_file_ref idref="fl-27"/>
      </object_component>
      <object_component id="oc-1d9">
         <name>.text.SemaphoreP_destruct</name>
         <load_address>0x2000d546</load_address>
         <readonly>true</readonly>
         <executable>true</executable>
         <run_address>0x2000d546</run_address>
         <size>0x2</size>
         <alignment>0x2</alignment>
         <input_file_ref idref="fl-1c"/>
      </object_component>
      <object_component id="oc-11a">
         <name>.text.PowerCC32XX_configureWakeup</name>
         <load_address>0x2000d548</load_address>
         <readonly>true</readonly>
         <executable>true</executable>
         <run_address>0x2000d548</run_address>
         <size>0x88</size>
         <alignment>0x4</alignment>
         <input_file_ref idref="fl-16"/>
      </object_component>
      <object_component id="oc-b0">
         <name>.text.mainThread</name>
         <load_address>0x2000d5d0</load_address>
         <readonly>true</readonly>
         <executable>true</executable>
         <run_address>0x2000d5d0</run_address>
         <size>0x7c</size>
         <alignment>0x4</alignment>
         <input_file_ref idref="fl-1"/>
      </object_component>
      <object_component id="oc-d7">
         <name>.text.Power_init</name>
         <load_address>0x2000d64c</load_address>
         <readonly>true</readonly>
         <executable>true</executable>
         <run_address>0x2000d64c</run_address>
         <size>0x78</size>
         <alignment>0x4</alignment>
         <input_file_ref idref="fl-16"/>
      </object_component>
      <object_component id="oc-1a7">
         <name>.text.HwiP_construct</name>
         <load_address>0x2000d6c4</load_address>
         <readonly>true</readonly>
         <executable>true</executable>
         <run_address>0x2000d6c4</run_address>
         <size>0x74</size>
         <alignment>0x4</alignment>
         <input_file_ref idref="fl-1e"/>
      </object_component>
      <object_component id="oc-16c">
         <name>.text.PRCMHibernateWakeUpGPIOSelect</name>
         <load_address>0x2000d738</load_address>
         <readonly>true</readonly>
         <executable>true</executable>
         <run_address>0x2000d738</run_address>
         <size>0x74</size>
         <alignment>0x2</alignment>
         <input_file_ref idref="fl-27"/>
      </object_component>
      <object_component id="oc-18">
         <name>.text:decompress:lzss</name>
         <load_address>0x2000d7ac</load_address>
         <readonly>true</readonly>
         <executable>true</executable>
         <run_address>0x2000d7ac</run_address>
         <size>0x70</size>
         <alignment>0x2</alignment>
         <input_file_ref idref="fl-44"/>
      </object_component>
      <object_component id="oc-202">
         <name>.text.PinLockLevelSet</name>
         <load_address>0x2000d81c</load_address>
         <readonly>true</readonly>
         <executable>true</executable>
         <run_address>0x2000d81c</run_address>
         <size>0x6c</size>
         <alignment>0x2</alignment>
         <input_file_ref idref="fl-26"/>
      </object_component>
      <object_component id="oc-151">
         <name>.text.Power_setDependency</name>
         <load_address>0x2000d888</load_address>
         <readonly>true</readonly>
         <executable>true</executable>
         <run_address>0x2000d888</run_address>
         <size>0x6c</size>
         <alignment>0x4</alignment>
         <input_file_ref idref="fl-16"/>
      </object_component>
      <object_component id="oc-130">
         <name>.text.powerNotifyFxn</name>
         <load_address>0x2000d8f4</load_address>
         <readonly>true</readonly>
         <executable>true</executable>
         <run_address>0x2000d8f4</run_address>
         <size>0x6c</size>
         <alignment>0x4</alignment>
         <input_file_ref idref="fl-15"/>
      </object_component>
      <object_component id="oc-21a">
         <name>.text.split</name>
         <load_address>0x2000d960</load_address>
         <readonly>true</readonly>
         <executable>true</executable>
         <run_address>0x2000d960</run_address>
         <size>0x6c</size>
         <alignment>0x4</alignment>
         <input_file_ref idref="fl-3c"/>
      </object_component>
      <object_component id="oc-145">
         <name>.text.timerCallback</name>
         <load_address>0x2000d9cc</load_address>
         <readonly>true</readonly>
         <executable>true</executable>
         <run_address>0x2000d9cc</run_address>
         <size>0x6c</size>
         <alignment>0x4</alignment>
         <input_file_ref idref="fl-1"/>
      </object_component>
      <object_component id="oc-110">
         <name>.text.PRCMPeripheralReset</name>
         <load_address>0x2000da38</load_address>
         <readonly>true</readonly>
         <executable>true</executable>
         <run_address>0x2000da38</run_address>
         <size>0x6a</size>
         <alignment>0x2</alignment>
         <input_file_ref idref="fl-27"/>
      </object_component>
      <object_component id="oc-215">
         <name>.text.IntPendClear</name>
         <load_address>0x2000daa2</load_address>
         <readonly>true</readonly>
         <executable>true</executable>
         <run_address>0x2000daa2</run_address>
         <size>0x68</size>
         <alignment>0x2</alignment>
         <input_file_ref idref="fl-25"/>
      </object_component>
      <object_component id="oc-137">
         <name>.text.Timer_init</name>
         <load_address>0x2000db0a</load_address>
         <readonly>true</readonly>
         <executable>true</executable>
         <run_address>0x2000db0a</run_address>
         <size>0x2</size>
         <alignment>0x2</alignment>
         <input_file_ref idref="fl-18"/>
      </object_component>
      <object_component id="oc-ee">
         <name>.text.GPIO_write</name>
         <load_address>0x2000db0c</load_address>
         <readonly>true</readonly>
         <executable>true</executable>
         <run_address>0x2000db0c</run_address>
         <size>0x60</size>
         <alignment>0x4</alignment>
         <input_file_ref idref="fl-15"/>
      </object_component>
      <object_component id="oc-22b">
         <name>.text.FlashDisable</name>
         <load_address>0x2000db6c</load_address>
         <readonly>true</readonly>
         <executable>true</executable>
         <run_address>0x2000db6c</run_address>
         <size>0x5c</size>
         <alignment>0x2</alignment>
         <input_file_ref idref="fl-2d"/>
      </object_component>
      <object_component id="oc-16e">
         <name>.text.PRCMHibernateWakeupSourceDisable</name>
         <load_address>0x2000dbc8</load_address>
         <readonly>true</readonly>
         <executable>true</executable>
         <run_address>0x2000dbc8</run_address>
         <size>0x5c</size>
         <alignment>0x2</alignment>
         <input_file_ref idref="fl-27"/>
      </object_component>
      <object_component id="oc-193">
         <name>.text.TimerCC32XX_allocateTimerResource</name>
         <load_address>0x2000dc24</load_address>
         <readonly>true</readonly>
         <executable>true</executable>
         <run_address>0x2000dc24</run_address>
         <size>0x5c</size>
         <alignment>0x4</alignment>
         <input_file_ref idref="fl-19"/>
      </object_component>
      <object_component id="oc-10f">
         <name>.text.PRCMPeripheralClkEnable</name>
         <load_address>0x2000dc80</load_address>
         <readonly>true</readonly>
         <executable>true</executable>
         <run_address>0x2000dc80</run_address>
         <size>0x5a</size>
         <alignment>0x2</alignment>
         <input_file_ref idref="fl-27"/>
      </object_component>
      <object_component id="oc-21f">
         <name>.text.__aeabi_ldiv0</name>
         <load_address>0x2000dcda</load_address>
         <readonly>true</readonly>
         <executable>true</executable>
         <run_address>0x2000dcda</run_address>
         <size>0x2</size>
         <alignment>0x2</alignment>
         <input_file_ref idref="fl-b1"/>
      </object_component>
      <object_component id="oc-1f6">
         <name>.text.ClockP_startup</name>
         <load_address>0x2000dcdc</load_address>
         <readonly>true</readonly>
         <executable>true</executable>
         <run_address>0x2000dcdc</run_address>
         <size>0x58</size>
         <alignment>0x4</alignment>
         <input_file_ref idref="fl-1d"/>
      </object_component>
      <object_component id="oc-1ed">
         <name>.text.IntPrioritySet</name>
         <load_address>0x2000dd34</load_address>
         <readonly>true</readonly>
         <executable>true</executable>
         <run_address>0x2000dd34</run_address>
         <size>0x58</size>
         <alignment>0x2</alignment>
         <input_file_ref idref="fl-25"/>
      </object_component>
      <object_component id="oc-20f">
         <name>.text.PRCMLPDSEnter</name>
         <load_address>0x2000dd8c</load_address>
         <readonly>true</readonly>
         <executable>true</executable>
         <run_address>0x2000dd8c</run_address>
         <size>0x56</size>
         <alignment>0x2</alignment>
         <input_file_ref idref="fl-27"/>
      </object_component>
      <object_component id="oc-15a">
         <name>.text._nop</name>
         <load_address>0x2000dde2</load_address>
         <readonly>true</readonly>
         <executable>true</executable>
         <run_address>0x2000dde2</run_address>
         <size>0x2</size>
         <alignment>0x2</alignment>
         <input_file_ref idref="fl-46"/>
      </object_component>
      <object_component id="oc-18e">
         <name>.text.PowerCC32XX_setParkState</name>
         <load_address>0x2000dde4</load_address>
         <readonly>true</readonly>
         <executable>true</executable>
         <run_address>0x2000dde4</run_address>
         <size>0x54</size>
         <alignment>0x4</alignment>
         <input_file_ref idref="fl-16"/>
      </object_component>
      <object_component id="oc-217">
         <name>.text.Power_releaseDependency</name>
         <load_address>0x2000de38</load_address>
         <readonly>true</readonly>
         <executable>true</executable>
         <run_address>0x2000de38</run_address>
         <size>0x54</size>
         <alignment>0x4</alignment>
         <input_file_ref idref="fl-16"/>
      </object_component>
      <object_component id="oc-158">
         <name>.text.GPIO_hwiIntFxn</name>
         <load_address>0x2000de8c</load_address>
         <readonly>true</readonly>
         <executable>true</executable>
         <run_address>0x2000de8c</run_address>
         <size>0x50</size>
         <alignment>0x4</alignment>
         <input_file_ref idref="fl-15"/>
      </object_component>
      <object_component id="oc-16d">
         <name>.text.PRCMHibernateWakeupSourceEnable</name>
         <load_address>0x2000dedc</load_address>
         <readonly>true</readonly>
         <executable>true</executable>
         <run_address>0x2000dedc</run_address>
         <size>0x50</size>
         <alignment>0x2</alignment>
         <input_file_ref idref="fl-27"/>
      </object_component>
      <object_component id="oc-1cc">
         <name>.text.SemaphoreP_construct</name>
         <load_address>0x2000df2c</load_address>
         <readonly>true</readonly>
         <executable>true</executable>
         <run_address>0x2000df2c</run_address>
         <size>0x50</size>
         <alignment>0x4</alignment>
         <input_file_ref idref="fl-1c"/>
      </object_component>
      <object_component id="oc-155">
         <name>.text.GPIO_setInterruptConfig</name>
         <load_address>0x2000df7c</load_address>
         <readonly>true</readonly>
         <executable>true</executable>
         <run_address>0x2000df7c</run_address>
         <size>0x4c</size>
         <alignment>0x4</alignment>
         <input_file_ref idref="fl-15"/>
      </object_component>
      <object_component id="oc-229">
         <name>.text.PRCMLPDSRestoreInfoSet</name>
         <load_address>0x2000dfc8</load_address>
         <readonly>true</readonly>
         <executable>true</executable>
         <run_address>0x2000dfc8</run_address>
         <size>0x4c</size>
         <alignment>0x2</alignment>
         <input_file_ref idref="fl-27"/>
      </object_component>
      <object_component id="oc-198">
         <name>.text.initHw</name>
         <load_address>0x2000e014</load_address>
         <readonly>true</readonly>
         <executable>true</executable>
         <run_address>0x2000e014</run_address>
         <size>0x4c</size>
         <alignment>0x2</alignment>
         <input_file_ref idref="fl-19"/>
      </object_component>
      <object_component id="oc-197">
         <name>.text.getPrescaler</name>
         <load_address>0x2000e060</load_address>
         <readonly>true</readonly>
         <executable>true</executable>
         <run_address>0x2000e060</run_address>
         <size>0x4a</size>
         <alignment>0x2</alignment>
         <input_file_ref idref="fl-19"/>
      </object_component>
      <object_component id="oc-57">
         <name>.text.busFaultHandler</name>
         <load_address>0x2000e0aa</load_address>
         <readonly>true</readonly>
         <executable>true</executable>
         <run_address>0x2000e0aa</run_address>
         <size>0x2</size>
         <alignment>0x2</alignment>
         <input_file_ref idref="fl-20"/>
      </object_component>
      <object_component id="oc-58">
         <name>.text.ClockP_sysTickHandler</name>
         <load_address>0x2000e0ac</load_address>
         <readonly>true</readonly>
         <executable>true</executable>
         <run_address>0x2000e0ac</run_address>
         <size>0x48</size>
         <alignment>0x4</alignment>
         <input_file_ref idref="fl-1d"/>
      </object_component>
      <object_component id="oc-209">
         <name>.text.PRCMIntEnable</name>
         <load_address>0x2000e0f4</load_address>
         <readonly>true</readonly>
         <executable>true</executable>
         <run_address>0x2000e0f4</run_address>
         <size>0x48</size>
         <alignment>0x2</alignment>
         <input_file_ref idref="fl-27"/>
      </object_component>
      <object_component id="oc-1a5">
         <name>.text.PRCMPeripheralStatusGet</name>
         <load_address>0x2000e13c</load_address>
         <readonly>true</readonly>
         <executable>true</executable>
         <run_address>0x2000e13c</run_address>
         <size>0x48</size>
         <alignment>0x2</alignment>
         <input_file_ref idref="fl-27"/>
      </object_component>
      <object_component id="oc-226">
         <name>.text.PinConfigGet</name>
         <load_address>0x2000e184</load_address>
         <readonly>true</readonly>
         <executable>true</executable>
         <run_address>0x2000e184</run_address>
         <size>0x48</size>
         <alignment>0x2</alignment>
         <input_file_ref idref="fl-26"/>
      </object_component>
      <object_component id="oc-20e">
         <name>.text.PRCMLPDSEnterKeepDebugIf</name>
         <load_address>0x2000e1cc</load_address>
         <readonly>true</readonly>
         <executable>true</executable>
         <run_address>0x2000e1cc</run_address>
         <size>0x46</size>
         <alignment>0x2</alignment>
         <input_file_ref idref="fl-27"/>
      </object_component>
      <object_component id="oc-154">
         <name>.text.GPIODirModeSet</name>
         <load_address>0x2000e212</load_address>
         <readonly>true</readonly>
         <executable>true</executable>
         <run_address>0x2000e212</run_address>
         <size>0x44</size>
         <alignment>0x2</alignment>
         <input_file_ref idref="fl-23"/>
      </object_component>
      <object_component id="oc-182">
         <name>.text.clkFxn</name>
         <load_address>0x2000e256</load_address>
         <readonly>true</readonly>
         <executable>true</executable>
         <run_address>0x2000e256</run_address>
         <size>0x2</size>
         <alignment>0x2</alignment>
         <input_file_ref idref="fl-1c"/>
      </object_component>
      <object_component id="oc-1a9">
         <name>.text.GPIO_disableInt</name>
         <load_address>0x2000e258</load_address>
         <readonly>true</readonly>
         <executable>true</executable>
         <run_address>0x2000e258</run_address>
         <size>0x44</size>
         <alignment>0x4</alignment>
         <input_file_ref idref="fl-15"/>
      </object_component>
      <object_component id="oc-f4">
         <name>.text.GPIO_enableInt</name>
         <load_address>0x2000e29c</load_address>
         <readonly>true</readonly>
         <executable>true</executable>
         <run_address>0x2000e29c</run_address>
         <size>0x44</size>
         <alignment>0x4</alignment>
         <input_file_ref idref="fl-15"/>
      </object_component>
      <object_component id="oc-232">
         <name>.text.Power_releaseConstraint</name>
         <load_address>0x2000e2e0</load_address>
         <readonly>true</readonly>
         <executable>true</executable>
         <run_address>0x2000e2e0</run_address>
         <size>0x44</size>
         <alignment>0x4</alignment>
         <input_file_ref idref="fl-16"/>
      </object_component>
      <object_component id="oc-144">
         <name>.text.Timer_start</name>
         <load_address>0x2000e324</load_address>
         <readonly>true</readonly>
         <executable>true</executable>
         <run_address>0x2000e324</run_address>
         <size>0x44</size>
         <alignment>0x2</alignment>
         <input_file_ref idref="fl-18"/>
      </object_component>
      <object_component id="oc-7d">
         <name>.text.addToList</name>
         <load_address>0x2000e368</load_address>
         <readonly>true</readonly>
         <executable>true</executable>
         <run_address>0x2000e368</run_address>
         <size>0x44</size>
         <alignment>0x4</alignment>
         <input_file_ref idref="fl-1d"/>
      </object_component>
      <object_component id="oc-117">
         <name>.text.PinModeSet</name>
         <load_address>0x2000e3ac</load_address>
         <readonly>true</readonly>
         <executable>true</executable>
         <run_address>0x2000e3ac</run_address>
         <size>0x42</size>
         <alignment>0x2</alignment>
         <input_file_ref idref="fl-26"/>
      </object_component>
      <object_component id="oc-1e2">
         <name>.text.TimerControlStall</name>
         <load_address>0x2000e3ee</load_address>
         <readonly>true</readonly>
         <executable>true</executable>
         <run_address>0x2000e3ee</run_address>
         <size>0x42</size>
         <alignment>0x2</alignment>
         <input_file_ref idref="fl-2a"/>
      </object_component>
      <object_component id="oc-196">
         <name>.text.Timer_close</name>
         <load_address>0x2000e430</load_address>
         <readonly>true</readonly>
         <executable>true</executable>
         <run_address>0x2000e430</run_address>
         <size>0x42</size>
         <alignment>0x2</alignment>
         <input_file_ref idref="fl-19"/>
      </object_component>
      <object_component id="oc-1b8">
         <name>.text.getCountsRTC</name>
         <load_address>0x2000e472</load_address>
         <readonly>true</readonly>
         <executable>true</executable>
         <run_address>0x2000e472</run_address>
         <size>0x42</size>
         <alignment>0x2</alignment>
         <input_file_ref idref="fl-1f"/>
      </object_component>
      <object_component id="oc-12b">
         <name>.text.SemaphoreP_post</name>
         <load_address>0x2000e4b4</load_address>
         <readonly>true</readonly>
         <executable>true</executable>
         <run_address>0x2000e4b4</run_address>
         <size>0x40</size>
         <alignment>0x4</alignment>
         <input_file_ref idref="fl-1c"/>
      </object_component>
      <object_component id="oc-1d5">
         <name>.text.Timer_stop</name>
         <load_address>0x2000e4f4</load_address>
         <readonly>true</readonly>
         <executable>true</executable>
         <run_address>0x2000e4f4</run_address>
         <size>0x40</size>
         <alignment>0x2</alignment>
         <input_file_ref idref="fl-18"/>
      </object_component>
      <object_component id="oc-228">
         <name>.text.PinDirModeSet</name>
         <load_address>0x2000e534</load_address>
         <readonly>true</readonly>
         <executable>true</executable>
         <run_address>0x2000e534</run_address>
         <size>0x3e</size>
         <alignment>0x2</alignment>
         <input_file_ref idref="fl-26"/>
      </object_component>
      <object_component id="oc-56">
         <name>.text.defaultHandler</name>
         <load_address>0x2000e572</load_address>
         <readonly>true</readonly>
         <executable>true</executable>
         <run_address>0x2000e572</run_address>
         <size>0x2</size>
         <alignment>0x2</alignment>
         <input_file_ref idref="fl-20"/>
      </object_component>
      <object_component id="oc-1d0">
         <name>.text.ClockP_stop</name>
         <load_address>0x2000e574</load_address>
         <readonly>true</readonly>
         <executable>true</executable>
         <run_address>0x2000e574</run_address>
         <size>0x3c</size>
         <alignment>0x4</alignment>
         <input_file_ref idref="fl-1d"/>
      </object_component>
      <object_component id="oc-ed">
         <name>.text.initTimer</name>
         <load_address>0x2000e5b0</load_address>
         <readonly>true</readonly>
         <executable>true</executable>
         <run_address>0x2000e5b0</run_address>
         <size>0x3c</size>
         <alignment>0x4</alignment>
         <input_file_ref idref="fl-1"/>
      </object_component>
      <object_component id="oc-1a0">
         <name>.text.TimerSupport_timerEnable</name>
         <load_address>0x2000e5ec</load_address>
         <readonly>true</readonly>
         <executable>true</executable>
         <run_address>0x2000e5ec</run_address>
         <size>0x3a</size>
         <alignment>0x2</alignment>
         <input_file_ref idref="fl-19"/>
      </object_component>
      <object_component id="oc-55">
         <name>.text.faultISR</name>
         <load_address>0x2000e626</load_address>
         <readonly>true</readonly>
         <executable>true</executable>
         <run_address>0x2000e626</run_address>
         <size>0x2</size>
         <alignment>0x2</alignment>
         <input_file_ref idref="fl-20"/>
      </object_component>
      <object_component id="oc-181">
         <name>.text.ClockP_destruct</name>
         <load_address>0x2000e628</load_address>
         <readonly>true</readonly>
         <executable>true</executable>
         <run_address>0x2000e628</run_address>
         <size>0x38</size>
         <alignment>0x4</alignment>
         <input_file_ref idref="fl-1d"/>
      </object_component>
      <object_component id="oc-1e7">
         <name>.text.Power_setConstraint</name>
         <load_address>0x2000e660</load_address>
         <readonly>true</readonly>
         <executable>true</executable>
         <run_address>0x2000e660</run_address>
         <size>0x38</size>
         <alignment>0x4</alignment>
         <input_file_ref idref="fl-16"/>
      </object_component>
      <object_component id="oc-1c9">
         <name>.text.SwiP_restore</name>
         <load_address>0x2000e698</load_address>
         <readonly>true</readonly>
         <executable>true</executable>
         <run_address>0x2000e698</run_address>
         <size>0x38</size>
         <alignment>0x4</alignment>
         <input_file_ref idref="fl-21"/>
      </object_component>
      <object_component id="oc-1a1">
         <name>.text.setMorseLEDs</name>
         <load_address>0x2000e6d0</load_address>
         <readonly>true</readonly>
         <executable>true</executable>
         <run_address>0x2000e6d0</run_address>
         <size>0x38</size>
         <alignment>0x4</alignment>
         <input_file_ref idref="fl-1"/>
      </object_component>
      <object_component id="oc-bf">
         <name>.text:__TI_auto_init_nobinit_nopinit</name>
         <load_address>0x2000e708</load_address>
         <readonly>true</readonly>
         <executable>true</executable>
         <run_address>0x2000e708</run_address>
         <size>0x38</size>
         <alignment>0x4</alignment>
         <input_file_ref idref="fl-3f"/>
      </object_component>
      <object_component id="oc-204">
         <name>.text.PinLock</name>
         <load_address>0x2000e740</load_address>
         <readonly>true</readonly>
         <executable>true</executable>
         <run_address>0x2000e740</run_address>
         <size>0x36</size>
         <alignment>0x2</alignment>
         <input_file_ref idref="fl-26"/>
      </object_component>
      <object_component id="oc-19d">
         <name>.text.TimerCC32XX_hwiIntFunction</name>
         <load_address>0x2000e776</load_address>
         <readonly>true</readonly>
         <executable>true</executable>
         <run_address>0x2000e776</run_address>
         <size>0x36</size>
         <alignment>0x2</alignment>
         <input_file_ref idref="fl-19"/>
      </object_component>
      <object_component id="oc-17e">
         <name>.text.ClockP_start</name>
         <load_address>0x2000e7ac</load_address>
         <readonly>true</readonly>
         <executable>true</executable>
         <run_address>0x2000e7ac</run_address>
         <size>0x34</size>
         <alignment>0x4</alignment>
         <input_file_ref idref="fl-1d"/>
      </object_component>
      <object_component id="oc-227">
         <name>.text.PinDirModeGet</name>
         <load_address>0x2000e7e0</load_address>
         <readonly>true</readonly>
         <executable>true</executable>
         <run_address>0x2000e7e0</run_address>
         <size>0x34</size>
         <alignment>0x2</alignment>
         <input_file_ref idref="fl-26"/>
      </object_component>
      <object_component id="oc-112">
         <name>.text.PinModeGet</name>
         <load_address>0x2000e814</load_address>
         <readonly>true</readonly>
         <executable>true</executable>
         <run_address>0x2000e814</run_address>
         <size>0x34</size>
         <alignment>0x2</alignment>
         <input_file_ref idref="fl-26"/>
      </object_component>
      <object_component id="oc-201">
         <name>.text.PowerCC32XX_parkPin</name>
         <load_address>0x2000e848</load_address>
         <readonly>true</readonly>
         <executable>true</executable>
         <run_address>0x2000e848</run_address>
         <size>0x34</size>
         <alignment>0x2</alignment>
         <input_file_ref idref="fl-16"/>
      </object_component>
      <object_component id="oc-1da">
         <name>.text.TimerCC32XX_freeTimerResource</name>
         <load_address>0x2000e87c</load_address>
         <readonly>true</readonly>
         <executable>true</executable>
         <run_address>0x2000e87c</run_address>
         <size>0x34</size>
         <alignment>0x4</alignment>
         <input_file_ref idref="fl-19"/>
      </object_component>
      <object_component id="oc-4f">
         <name>.text.initVectors</name>
         <load_address>0x2000e8b0</load_address>
         <readonly>true</readonly>
         <executable>true</executable>
         <run_address>0x2000e8b0</run_address>
         <size>0x34</size>
         <alignment>0x4</alignment>
         <input_file_ref idref="fl-20"/>
      </object_component>
      <object_component id="oc-1b5">
         <name>.text.ClockP_getTicksUntilInterrupt</name>
         <load_address>0x2000e8e4</load_address>
         <readonly>true</readonly>
         <executable>true</executable>
         <run_address>0x2000e8e4</run_address>
         <size>0x30</size>
         <alignment>0x4</alignment>
         <input_file_ref idref="fl-1d"/>
      </object_component>
      <object_component id="oc-1c2">
         <name>.text.PRCMLPDSIntervalSet</name>
         <load_address>0x2000e914</load_address>
         <readonly>true</readonly>
         <executable>true</executable>
         <run_address>0x2000e914</run_address>
         <size>0x30</size>
         <alignment>0x2</alignment>
         <input_file_ref idref="fl-27"/>
      </object_component>
      <object_component id="oc-1f7">
         <name>.text.PRCMSlowClkCtrFastGet</name>
         <load_address>0x2000e944</load_address>
         <readonly>true</readonly>
         <executable>true</executable>
         <run_address>0x2000e944</run_address>
         <size>0x30</size>
         <alignment>0x2</alignment>
         <input_file_ref idref="fl-27"/>
      </object_component>
      <object_component id="oc-1e1">
         <name>.text.TimerLoadSet</name>
         <load_address>0x2000e974</load_address>
         <readonly>true</readonly>
         <executable>true</executable>
         <run_address>0x2000e974</run_address>
         <size>0x30</size>
         <alignment>0x2</alignment>
         <input_file_ref idref="fl-2a"/>
      </object_component>
      <object_component id="oc-1e0">
         <name>.text.TimerPrescaleSet</name>
         <load_address>0x2000e9a4</load_address>
         <readonly>true</readonly>
         <executable>true</executable>
         <run_address>0x2000e9a4</run_address>
         <size>0x30</size>
         <alignment>0x2</alignment>
         <input_file_ref idref="fl-2a"/>
      </object_component>
      <object_component id="oc-1ff">
         <name>.text.notify</name>
         <load_address>0x2000e9d4</load_address>
         <readonly>true</readonly>
         <executable>true</executable>
         <run_address>0x2000e9d4</run_address>
         <size>0x30</size>
         <alignment>0x4</alignment>
         <input_file_ref idref="fl-16"/>
      </object_component>
      <object_component id="oc-1ab">
         <name>.text.GPIOIntStatus</name>
         <load_address>0x2000ea04</load_address>
         <readonly>true</readonly>
         <executable>true</executable>
         <run_address>0x2000ea04</run_address>
         <size>0x2e</size>
         <alignment>0x2</alignment>
         <input_file_ref idref="fl-23"/>
      </object_component>
      <object_component id="oc-54">
         <name>.text.nmiISR</name>
         <load_address>0x2000ea32</load_address>
         <readonly>true</readonly>
         <executable>true</executable>
         <run_address>0x2000ea32</run_address>
         <size>0x2</size>
         <alignment>0x2</alignment>
         <input_file_ref idref="fl-20"/>
      </object_component>
      <object_component id="oc-f9">
         <name>.text.gpioButtonFxn1</name>
         <load_address>0x2000ea34</load_address>
         <readonly>true</readonly>
         <executable>true</executable>
         <run_address>0x2000ea34</run_address>
         <size>0x2c</size>
         <alignment>0x4</alignment>
         <input_file_ref idref="fl-1"/>
      </object_component>
      <object_component id="oc-153">
         <name>.text.HwiP_create</name>
         <load_address>0x2000ea60</load_address>
         <readonly>true</readonly>
         <executable>true</executable>
         <run_address>0x2000ea60</run_address>
         <size>0x2a</size>
         <alignment>0x2</alignment>
         <input_file_ref idref="fl-1e"/>
      </object_component>
      <object_component id="oc-16b">
         <name>.text.PRCMLPDSWakeUpGPIOSelect</name>
         <load_address>0x2000ea8a</load_address>
         <readonly>true</readonly>
         <executable>true</executable>
         <run_address>0x2000ea8a</run_address>
         <size>0x2a</size>
         <alignment>0x2</alignment>
         <input_file_ref idref="fl-27"/>
      </object_component>
      <object_component id="oc-111">
         <name>.text.PRCMPeripheralClkDisable</name>
         <load_address>0x2000eab4</load_address>
         <readonly>true</readonly>
         <executable>true</executable>
         <run_address>0x2000eab4</run_address>
         <size>0x2a</size>
         <alignment>0x2</alignment>
         <input_file_ref idref="fl-27"/>
      </object_component>
      <object_component id="oc-214">
         <name>.text.List_remove</name>
         <load_address>0x2000eade</load_address>
         <readonly>true</readonly>
         <executable>true</executable>
         <run_address>0x2000eade</run_address>
         <size>0x28</size>
         <alignment>0x2</alignment>
         <input_file_ref idref="fl-1a"/>
      </object_component>
      <object_component id="oc-200">
         <name>.text.PRCMSRAMRetentionEnable</name>
         <load_address>0x2000eb06</load_address>
         <readonly>true</readonly>
         <executable>true</executable>
         <run_address>0x2000eb06</run_address>
         <size>0x28</size>
         <alignment>0x2</alignment>
         <input_file_ref idref="fl-27"/>
      </object_component>
      <object_component id="oc-213">
         <name>.text.TimerSupport_timerDisable</name>
         <load_address>0x2000eb2e</load_address>
         <readonly>true</readonly>
         <executable>true</executable>
         <run_address>0x2000eb2e</run_address>
         <size>0x28</size>
         <alignment>0x2</alignment>
         <input_file_ref idref="fl-19"/>
      </object_component>
      <object_component id="oc-1cf">
         <name>.text.free_list_insert</name>
         <load_address>0x2000eb58</load_address>
         <readonly>true</readonly>
         <executable>true</executable>
         <run_address>0x2000eb58</run_address>
         <size>0x28</size>
         <alignment>0x4</alignment>
         <input_file_ref idref="fl-3c"/>
      </object_component>
      <object_component id="oc-235">
         <name>.text.IntUnregister</name>
         <load_address>0x2000eb80</load_address>
         <readonly>true</readonly>
         <executable>true</executable>
         <run_address>0x2000eb80</run_address>
         <size>0x24</size>
         <alignment>0x2</alignment>
         <input_file_ref idref="fl-25"/>
      </object_component>
      <object_component id="oc-183">
         <name>.text.List_put</name>
         <load_address>0x2000eba4</load_address>
         <readonly>true</readonly>
         <executable>true</executable>
         <run_address>0x2000eba4</run_address>
         <size>0x24</size>
         <alignment>0x2</alignment>
         <input_file_ref idref="fl-1a"/>
      </object_component>
      <object_component id="oc-169">
         <name>.text.PRCMLPDSWakeupSourceEnable</name>
         <load_address>0x2000ebc8</load_address>
         <readonly>true</readonly>
         <executable>true</executable>
         <run_address>0x2000ebc8</run_address>
         <size>0x24</size>
         <alignment>0x2</alignment>
         <input_file_ref idref="fl-27"/>
      </object_component>
      <object_component id="oc-20b">
         <name>.text.PowerCC32XX_restoreParkedPin</name>
         <load_address>0x2000ebec</load_address>
         <readonly>true</readonly>
         <executable>true</executable>
         <run_address>0x2000ebec</run_address>
         <size>0x24</size>
         <alignment>0x2</alignment>
         <input_file_ref idref="fl-16"/>
      </object_component>
      <object_component id="oc-12a">
         <name>.text.Power_registerNotify</name>
         <load_address>0x2000ec10</load_address>
         <readonly>true</readonly>
         <executable>true</executable>
         <run_address>0x2000ec10</run_address>
         <size>0x24</size>
         <alignment>0x4</alignment>
         <input_file_ref idref="fl-16"/>
      </object_component>
      <object_component id="oc-f8">
         <name>.text.gpioButtonFxn0</name>
         <load_address>0x2000ec34</load_address>
         <readonly>true</readonly>
         <executable>true</executable>
         <run_address>0x2000ec34</run_address>
         <size>0x24</size>
         <alignment>0x4</alignment>
         <input_file_ref idref="fl-1"/>
      </object_component>
      <object_component id="oc-76">
         <name>.text:_c_int00_noargs</name>
         <load_address>0x2000ec58</load_address>
         <readonly>true</readonly>
         <executable>true</executable>
         <run_address>0x2000ec58</run_address>
         <size>0x24</size>
         <alignment>0x4</alignment>
         <input_file_ref idref="fl-3d"/>
      </object_component>
      <object_component id="oc-146">
         <name>.text.GPIOPinWrite</name>
         <load_address>0x2000ec7c</load_address>
         <readonly>true</readonly>
         <executable>true</executable>
         <run_address>0x2000ec7c</run_address>
         <size>0x22</size>
         <alignment>0x2</alignment>
         <input_file_ref idref="fl-23"/>
      </object_component>
      <object_component id="oc-20a">
         <name>.text.PinUnlock</name>
         <load_address>0x2000ec9e</load_address>
         <readonly>true</readonly>
         <executable>true</executable>
         <run_address>0x2000ec9e</run_address>
         <size>0x22</size>
         <alignment>0x2</alignment>
         <input_file_ref idref="fl-26"/>
      </object_component>
      <object_component id="oc-1ec">
         <name>.text.IntRegister</name>
         <load_address>0x2000ecc0</load_address>
         <readonly>true</readonly>
         <executable>true</executable>
         <run_address>0x2000ecc0</run_address>
         <size>0x20</size>
         <alignment>0x2</alignment>
         <input_file_ref idref="fl-25"/>
      </object_component>
      <object_component id="oc-1d6">
         <name>.text.Power_unregisterNotify</name>
         <load_address>0x2000ece0</load_address>
         <readonly>true</readonly>
         <executable>true</executable>
         <run_address>0x2000ece0</run_address>
         <size>0x20</size>
         <alignment>0x4</alignment>
         <input_file_ref idref="fl-16"/>
      </object_component>
      <object_component id="oc-194">
         <name>.text.SemaphoreP_constructBinary</name>
         <load_address>0x2000ed00</load_address>
         <readonly>true</readonly>
         <executable>true</executable>
         <run_address>0x2000ed00</run_address>
         <size>0x20</size>
         <alignment>0x4</alignment>
         <input_file_ref idref="fl-1c"/>
      </object_component>
      <object_component id="oc-120">
         <name>.text.SemaphoreP_createBinary</name>
         <load_address>0x2000ed20</load_address>
         <readonly>true</readonly>
         <executable>true</executable>
         <run_address>0x2000ed20</run_address>
         <size>0x20</size>
         <alignment>0x4</alignment>
         <input_file_ref idref="fl-1c"/>
      </object_component>
      <object_component id="oc-1db">
         <name>.text.TimerDisable</name>
         <load_address>0x2000ed40</load_address>
         <readonly>true</readonly>
         <executable>true</executable>
         <run_address>0x2000ed40</run_address>
         <size>0x20</size>
         <alignment>0x2</alignment>
         <input_file_ref idref="fl-2a"/>
      </object_component>
      <object_component id="oc-ef">
         <name>.text.GPIO_setCallback</name>
         <load_address>0x2000ed60</load_address>
         <readonly>true</readonly>
         <executable>true</executable>
         <run_address>0x2000ed60</run_address>
         <size>0x1c</size>
         <alignment>0x4</alignment>
         <input_file_ref idref="fl-14"/>
      </object_component>
      <object_component id="oc-1f1">
         <name>.text.HwiP_dispatch</name>
         <load_address>0x2000ed7c</load_address>
         <readonly>true</readonly>
         <executable>true</executable>
         <run_address>0x2000ed7c</run_address>
         <size>0x1c</size>
         <alignment>0x4</alignment>
         <input_file_ref idref="fl-1e"/>
      </object_component>
      <object_component id="oc-1ae">
         <name>.text.SwiP_disable</name>
         <load_address>0x2000ed98</load_address>
         <readonly>true</readonly>
         <executable>true</executable>
         <run_address>0x2000ed98</run_address>
         <size>0x1c</size>
         <alignment>0x4</alignment>
         <input_file_ref idref="fl-21"/>
      </object_component>
      <object_component id="oc-1ce">
         <name>.text.free_list_remove</name>
         <load_address>0x2000edb4</load_address>
         <readonly>true</readonly>
         <executable>true</executable>
         <run_address>0x2000edb4</run_address>
         <size>0x1c</size>
         <alignment>0x4</alignment>
         <input_file_ref idref="fl-3c"/>
      </object_component>
      <object_component id="oc-1d3">
         <name>.text.getPowerMgrId</name>
         <load_address>0x2000edd0</load_address>
         <readonly>true</readonly>
         <executable>true</executable>
         <run_address>0x2000edd0</run_address>
         <size>0x1c</size>
         <alignment>0x4</alignment>
         <input_file_ref idref="fl-19"/>
      </object_component>
      <object_component id="oc-21">
         <name>.text.resetISR</name>
         <load_address>0x2000edec</load_address>
         <readonly>true</readonly>
         <executable>true</executable>
         <run_address>0x2000edec</run_address>
         <size>0x1c</size>
         <alignment>0x2</alignment>
         <input_file_ref idref="fl-20"/>
      </object_component>
      <object_component id="oc-1f2">
         <name>.text.GPIOIntDisable</name>
         <load_address>0x2000ee08</load_address>
         <readonly>true</readonly>
         <executable>true</executable>
         <run_address>0x2000ee08</run_address>
         <size>0x1a</size>
         <alignment>0x2</alignment>
         <input_file_ref idref="fl-23"/>
      </object_component>
      <object_component id="oc-10e">
         <name>.text.PRCMHIBRegRead</name>
         <load_address>0x2000ee22</load_address>
         <readonly>true</readonly>
         <executable>true</executable>
         <run_address>0x2000ee22</run_address>
         <size>0x1a</size>
         <alignment>0x2</alignment>
         <input_file_ref idref="fl-27"/>
      </object_component>
      <object_component id="oc-10d">
         <name>.text.PRCMHIBRegWrite</name>
         <load_address>0x2000ee3c</load_address>
         <readonly>true</readonly>
         <executable>true</executable>
         <run_address>0x2000ee3c</run_address>
         <size>0x1a</size>
         <alignment>0x2</alignment>
         <input_file_ref idref="fl-27"/>
      </object_component>
      <object_component id="oc-16a">
         <name>.text.PRCMLPDSWakeupSourceDisable</name>
         <load_address>0x2000ee56</load_address>
         <readonly>true</readonly>
         <executable>true</executable>
         <run_address>0x2000ee56</run_address>
         <size>0x1a</size>
         <alignment>0x2</alignment>
         <input_file_ref idref="fl-27"/>
      </object_component>
      <object_component id="oc-203">
         <name>.text.PinToPadGet</name>
         <load_address>0x2000ee70</load_address>
         <readonly>true</readonly>
         <executable>true</executable>
         <run_address>0x2000ee70</run_address>
         <size>0x1a</size>
         <alignment>0x2</alignment>
         <input_file_ref idref="fl-26"/>
      </object_component>
      <object_component id="oc-1e8">
         <name>.text.TimerEnable</name>
         <load_address>0x2000ee8a</load_address>
         <readonly>true</readonly>
         <executable>true</executable>
         <run_address>0x2000ee8a</run_address>
         <size>0x1a</size>
         <alignment>0x2</alignment>
         <input_file_ref idref="fl-2a"/>
      </object_component>
      <object_component id="oc-14f">
         <name>.text.GPIOIntEnable</name>
         <load_address>0x2000eea4</load_address>
         <readonly>true</readonly>
         <executable>true</executable>
         <run_address>0x2000eea4</run_address>
         <size>0x18</size>
         <alignment>0x2</alignment>
         <input_file_ref idref="fl-23"/>
      </object_component>
      <object_component id="oc-177">
         <name>.text.SemaphoreP_create</name>
         <load_address>0x2000eebc</load_address>
         <readonly>true</readonly>
         <executable>true</executable>
         <run_address>0x2000eebc</run_address>
         <size>0x18</size>
         <alignment>0x2</alignment>
         <input_file_ref idref="fl-1c"/>
      </object_component>
      <object_component id="oc-a6">
         <name>.text.Board_init</name>
         <load_address>0x2000eed4</load_address>
         <readonly>true</readonly>
         <executable>true</executable>
         <run_address>0x2000eed4</run_address>
         <size>0x16</size>
         <alignment>0x2</alignment>
         <input_file_ref idref="fl-2"/>
      </object_component>
      <object_component id="oc-1c5">
         <name>.text.SysTickPeriodSet</name>
         <load_address>0x2000eeea</load_address>
         <readonly>true</readonly>
         <executable>true</executable>
         <run_address>0x2000eeea</run_address>
         <size>0x16</size>
         <alignment>0x2</alignment>
         <input_file_ref idref="fl-29"/>
      </object_component>
      <object_component id="oc-231">
         <name>.text.TimerIntDisable</name>
         <load_address>0x2000ef00</load_address>
         <readonly>true</readonly>
         <executable>true</executable>
         <run_address>0x2000ef00</run_address>
         <size>0x16</size>
         <alignment>0x2</alignment>
         <input_file_ref idref="fl-2a"/>
      </object_component>
      <object_component id="oc-6c">
         <name>.text.CPUcpsid</name>
         <load_address>0x2000ef16</load_address>
         <readonly>true</readonly>
         <executable>true</executable>
         <run_address>0x2000ef16</run_address>
         <size>0x14</size>
         <alignment>0x2</alignment>
         <input_file_ref idref="fl-22"/>
      </object_component>
      <object_component id="oc-18f">
         <name>.text.CPUcpsie</name>
         <load_address>0x2000ef2a</load_address>
         <readonly>true</readonly>
         <executable>true</executable>
         <run_address>0x2000ef2a</run_address>
         <size>0x14</size>
         <alignment>0x2</alignment>
         <input_file_ref idref="fl-22"/>
      </object_component>
      <object_component id="oc-216">
         <name>.text.HwiP_destruct</name>
         <load_address>0x2000ef3e</load_address>
         <readonly>true</readonly>
         <executable>true</executable>
         <run_address>0x2000ef3e</run_address>
         <size>0x14</size>
         <alignment>0x2</alignment>
         <input_file_ref idref="fl-1e"/>
      </object_component>
      <object_component id="oc-73">
         <name>.text.IntVTableBaseSet</name>
         <load_address>0x2000ef52</load_address>
         <readonly>true</readonly>
         <executable>true</executable>
         <run_address>0x2000ef52</run_address>
         <size>0x14</size>
         <alignment>0x2</alignment>
         <input_file_ref idref="fl-25"/>
      </object_component>
      <object_component id="oc-18a">
         <name>.text.Power_disablePolicy</name>
         <load_address>0x2000ef68</load_address>
         <readonly>true</readonly>
         <executable>true</executable>
         <run_address>0x2000ef68</run_address>
         <size>0x14</size>
         <alignment>0x4</alignment>
         <input_file_ref idref="fl-16"/>
      </object_component>
      <object_component id="oc-1b6">
         <name>.text.Power_getTransitionLatency</name>
         <load_address>0x2000ef7c</load_address>
         <readonly>true</readonly>
         <executable>true</executable>
         <run_address>0x2000ef7c</run_address>
         <size>0x14</size>
         <alignment>0x4</alignment>
         <input_file_ref idref="fl-16"/>
      </object_component>
      <object_component id="oc-1cd">
         <name>.text.Power_idleFunc</name>
         <load_address>0x2000ef90</load_address>
         <readonly>true</readonly>
         <executable>true</executable>
         <run_address>0x2000ef90</run_address>
         <size>0x14</size>
         <alignment>0x4</alignment>
         <input_file_ref idref="fl-16"/>
      </object_component>
      <object_component id="oc-1e6">
         <name>.text.TimerIntEnable</name>
         <load_address>0x2000efa4</load_address>
         <readonly>true</readonly>
         <executable>true</executable>
         <run_address>0x2000efa4</run_address>
         <size>0x14</size>
         <alignment>0x2</alignment>
         <input_file_ref idref="fl-2a"/>
      </object_component>
      <object_component id="oc-1b9">
         <name>.text.__aeabi_uldivmod</name>
         <load_address>0x2000efb8</load_address>
         <readonly>true</readonly>
         <executable>true</executable>
         <run_address>0x2000efb8</run_address>
         <size>0x14</size>
         <alignment>0x4</alignment>
         <input_file_ref idref="fl-af"/>
      </object_component>
      <object_component id="oc-17d">
         <name>.text.ClockP_add</name>
         <load_address>0x2000efcc</load_address>
         <readonly>true</readonly>
         <executable>true</executable>
         <run_address>0x2000efcc</run_address>
         <size>0x12</size>
         <alignment>0x2</alignment>
         <input_file_ref idref="fl-1d"/>
      </object_component>
      <object_component id="oc-1aa">
         <name>.text.GPIOIntClear</name>
         <load_address>0x2000efde</load_address>
         <readonly>true</readonly>
         <executable>true</executable>
         <run_address>0x2000efde</run_address>
         <size>0x12</size>
         <alignment>0x2</alignment>
         <input_file_ref idref="fl-23"/>
      </object_component>
      <object_component id="oc-152">
         <name>.text.HwiP_Params_init</name>
         <load_address>0x2000eff0</load_address>
         <readonly>true</readonly>
         <executable>true</executable>
         <run_address>0x2000eff0</run_address>
         <size>0x12</size>
         <alignment>0x2</alignment>
         <input_file_ref idref="fl-1e"/>
      </object_component>
      <object_component id="oc-1d8">
         <name>.text.HwiP_delete</name>
         <load_address>0x2000f002</load_address>
         <readonly>true</readonly>
         <executable>true</executable>
         <run_address>0x2000f002</run_address>
         <size>0x12</size>
         <alignment>0x2</alignment>
         <input_file_ref idref="fl-1e"/>
      </object_component>
      <object_component id="oc-1c6">
         <name>.text.SysTickEnable</name>
         <load_address>0x2000f014</load_address>
         <readonly>true</readonly>
         <executable>true</executable>
         <run_address>0x2000f014</run_address>
         <size>0x12</size>
         <alignment>0x2</alignment>
         <input_file_ref idref="fl-29"/>
      </object_component>
      <object_component id="oc-1bd">
         <name>.text.SysTickIntDisable</name>
         <load_address>0x2000f026</load_address>
         <readonly>true</readonly>
         <executable>true</executable>
         <run_address>0x2000f026</run_address>
         <size>0x12</size>
         <alignment>0x2</alignment>
         <input_file_ref idref="fl-29"/>
      </object_component>
      <object_component id="oc-1c7">
         <name>.text.SysTickIntEnable</name>
         <load_address>0x2000f038</load_address>
         <readonly>true</readonly>
         <executable>true</executable>
         <run_address>0x2000f038</run_address>
         <size>0x12</size>
         <alignment>0x2</alignment>
         <input_file_ref idref="fl-29"/>
      </object_component>
      <object_component id="oc-81">
         <name>.text:TI_memcpy_small</name>
         <load_address>0x2000f04a</load_address>
         <readonly>true</readonly>
         <executable>true</executable>
         <run_address>0x2000f04a</run_address>
         <size>0x12</size>
         <alignment>0x1</alignment>
         <input_file_ref idref="fl-b2"/>
      </object_component>
      <object_component id="oc-43">
         <name>.text:decompress:ZI:__TI_zero_init_nomemset</name>
         <load_address>0x2000f05c</load_address>
         <readonly>true</readonly>
         <executable>true</executable>
         <run_address>0x2000f05c</run_address>
         <size>0x12</size>
         <alignment>0x2</alignment>
         <input_file_ref idref="fl-42"/>
      </object_component>
      <object_component id="oc-195">
         <name>.text.ClockP_getCpuFreq</name>
         <load_address>0x2000f070</load_address>
         <readonly>true</readonly>
         <executable>true</executable>
         <run_address>0x2000f070</run_address>
         <size>0x10</size>
         <alignment>0x4</alignment>
         <input_file_ref idref="fl-1d"/>
      </object_component>
      <object_component id="oc-1b7">
         <name>.text.ClockP_getSystemTicks</name>
         <load_address>0x2000f080</load_address>
         <readonly>true</readonly>
         <executable>true</executable>
         <run_address>0x2000f080</run_address>
         <size>0x10</size>
         <alignment>0x4</alignment>
         <input_file_ref idref="fl-1d"/>
      </object_component>
      <object_component id="oc-1c4">
         <name>.text.ClockP_setTicks</name>
         <load_address>0x2000f090</load_address>
         <readonly>true</readonly>
         <executable>true</executable>
         <run_address>0x2000f090</run_address>
         <size>0x10</size>
         <alignment>0x4</alignment>
         <input_file_ref idref="fl-1d"/>
      </object_component>
      <object_component id="oc-189">
         <name>.text.HwiP_inISR</name>
         <load_address>0x2000f0a0</load_address>
         <readonly>true</readonly>
         <executable>true</executable>
         <run_address>0x2000f0a0</run_address>
         <size>0x10</size>
         <alignment>0x4</alignment>
         <input_file_ref idref="fl-1e"/>
      </object_component>
      <object_component id="oc-180">
         <name>.text.Power_enablePolicy</name>
         <load_address>0x2000f0b0</load_address>
         <readonly>true</readonly>
         <executable>true</executable>
         <run_address>0x2000f0b0</run_address>
         <size>0x10</size>
         <alignment>0x4</alignment>
         <input_file_ref idref="fl-16"/>
      </object_component>
      <object_component id="oc-1e5">
         <name>.text.TimerIntClear</name>
         <load_address>0x2000f0c0</load_address>
         <readonly>true</readonly>
         <executable>true</executable>
         <run_address>0x2000f0c0</run_address>
         <size>0x10</size>
         <alignment>0x2</alignment>
         <input_file_ref idref="fl-2a"/>
      </object_component>
      <object_component id="oc-13c">
         <name>.text.Timer_Params_init</name>
         <load_address>0x2000f0d0</load_address>
         <readonly>true</readonly>
         <executable>true</executable>
         <run_address>0x2000f0d0</run_address>
         <size>0x10</size>
         <alignment>0x4</alignment>
         <input_file_ref idref="fl-18"/>
      </object_component>
      <object_component id="oc-8f">
         <name>.text.main</name>
         <load_address>0x2000f0e0</load_address>
         <readonly>true</readonly>
         <executable>true</executable>
         <run_address>0x2000f0e0</run_address>
         <size>0x10</size>
         <alignment>0x2</alignment>
         <input_file_ref idref="fl-3"/>
      </object_component>
      <object_component id="oc-1c">
         <name>.text:decompress:none</name>
         <load_address>0x2000f0f0</load_address>
         <readonly>true</readonly>
         <executable>true</executable>
         <run_address>0x2000f0f0</run_address>
         <size>0xe</size>
         <alignment>0x2</alignment>
         <input_file_ref idref="fl-43"/>
      </object_component>
      <object_component id="oc-210">
         <name>.text.CPUwfi</name>
         <load_address>0x2000f0fe</load_address>
         <readonly>true</readonly>
         <executable>true</executable>
         <run_address>0x2000f0fe</run_address>
         <size>0xc</size>
         <alignment>0x2</alignment>
         <input_file_ref idref="fl-22"/>
      </object_component>
      <object_component id="oc-20c">
         <name>.text.PRCMLPDSWakeupCauseGet</name>
         <load_address>0x2000f10a</load_address>
         <readonly>true</readonly>
         <executable>true</executable>
         <run_address>0x2000f10a</run_address>
         <size>0xc</size>
         <alignment>0x2</alignment>
         <input_file_ref idref="fl-27"/>
      </object_component>
      <object_component id="oc-1b4">
         <name>.text.Power_getConstraintMask</name>
         <load_address>0x2000f118</load_address>
         <readonly>true</readonly>
         <executable>true</executable>
         <run_address>0x2000f118</run_address>
         <size>0xc</size>
         <alignment>0x4</alignment>
         <input_file_ref idref="fl-16"/>
      </object_component>
      <object_component id="oc-19c">
         <name>.text.postNotifyFxn</name>
         <load_address>0x2000f124</load_address>
         <readonly>true</readonly>
         <executable>true</executable>
         <run_address>0x2000f124</run_address>
         <size>0xc</size>
         <alignment>0x2</alignment>
         <input_file_ref idref="fl-19"/>
      </object_component>
      <object_component id="oc-17f">
         <name>.text.ClockP_isActive</name>
         <load_address>0x2000f130</load_address>
         <readonly>true</readonly>
         <executable>true</executable>
[...]
         <name>ClockP_getSystemTicks</name>
         <value>0x2000f081</value>
         <object_component_ref idref="oc-1b7"/>
      </symbol>
      <symbol id="sm-1db">
         <name>ClockP_getTicksUntilInterrupt</name>
         <value>0x2000e8e5</value>
         <object_component_ref idref="oc-1b5"/>
      </symbol>
      <symbol id="sm-1dc">
         <name>ClockP_isActive</name>
         <value>0x2000f131</value>
         <object_component_ref idref="oc-17f"/>
      </symbol>
      <symbol id="sm-1dd">
         <name>ClockP_setTicks</name>
         <value>0x2000f091</value>
         <object_component_ref idref="oc-1c4"/>
      </symbol>
      <symbol id="sm-1de">
         <name>ClockP_tickPeriod</name>
         <value>0x2000f854</value>
         <object_component_ref idref="oc-1cb"/>
      </symbol>
      <symbol id="sm-203">
         <name>HwiP_enable</name>
         <value>0x2000f17f</value>
         <object_component_ref idref="oc-e5"/>
      </symbol>
      <symbol id="sm-204">
         <name>HwiP_disable</name>
         <value>0x2000f14f</value>
         <object_component_ref idref="oc-126"/>
      </symbol>
      <symbol id="sm-205">
         <name>HwiP_restore</name>
         <value>0x2000f157</value>
         <object_component_ref idref="oc-127"/>
      </symbol>
      <symbol id="sm-206">
         <name>HwiP_clearInterrupt</name>
         <value>0x2000f17b</value>
         <object_component_ref idref="oc-1d7"/>
      </symbol>
      <symbol id="sm-207">
         <name>HwiP_destruct</name>
         <value>0x2000ef3f</value>
         <object_component_ref idref="oc-216"/>
      </symbol>
      <symbol id="sm-208">
         <name>HwiP_delete</name>
         <value>0x2000f003</value>
         <object_component_ref idref="oc-1d8"/>
      </symbol>
      <symbol id="sm-209">
         <name>HwiP_dispatch</name>
         <value>0x2000ed7d</value>
         <object_component_ref idref="oc-1f1"/>
      </symbol>
      <symbol id="sm-20a">
         <name>HwiP_construct</name>
         <value>0x2000d6c5</value>
         <object_component_ref idref="oc-1a7"/>
      </symbol>
      <symbol id="sm-20b">
         <name>HwiP_swiPIntNum</name>
         <value>0x2000f858</value>
         <object_component_ref idref="oc-1ef"/>
      </symbol>
      <symbol id="sm-20c">
         <name>HwiP_Params_init</name>
         <value>0x2000eff1</value>
         <object_component_ref idref="oc-152"/>
      </symbol>
      <symbol id="sm-20d">
         <name>HwiP_create</name>
         <value>0x2000ea61</value>
         <object_component_ref idref="oc-153"/>
      </symbol>
      <symbol id="sm-20e">
         <name>HwiP_post</name>
         <value>0x2000f183</value>
         <object_component_ref idref="oc-211"/>
      </symbol>
      <symbol id="sm-20f">
         <name>HwiP_inISR</name>
         <value>0x2000f0a1</value>
         <object_component_ref idref="oc-189"/>
      </symbol>
      <symbol id="sm-21f">
         <name>PowerCC32XX_initPolicy</name>
         <value>0x2000d427</value>
         <object_component_ref idref="oc-16f"/>
      </symbol>
      <symbol id="sm-220">
         <name>PowerCC32XX_sleepPolicy</name>
         <value>0x2000c8dd</value>
         <object_component_ref idref="oc-174"/>
      </symbol>
      <symbol id="sm-23d">
         <name>resetISR</name>
         <value>0x2000eded</value>
         <object_component_ref idref="oc-21"/>
      </symbol>
      <symbol id="sm-23e">
         <name>initVectors</name>
         <value>0x2000e8b1</value>
         <object_component_ref idref="oc-4f"/>
      </symbol>
      <symbol id="sm-253">
         <name>SwiP_disable</name>
         <value>0x2000ed99</value>
         <object_component_ref idref="oc-1ae"/>
      </symbol>
      <symbol id="sm-254">
         <name>SwiP_restore</name>
         <value>0x2000e699</value>
         <object_component_ref idref="oc-1c9"/>
      </symbol>
      <symbol id="sm-26b">
         <name>CPUcpsid</name>
         <value>0x2000ef17</value>
         <object_component_ref idref="oc-6c"/>
      </symbol>
      <symbol id="sm-26c">
         <name>CPUcpsie</name>
         <value>0x2000ef2b</value>
         <object_component_ref idref="oc-18f"/>
      </symbol>
      <symbol id="sm-26d">
         <name>CPUwfi</name>
         <value>0x2000f0ff</value>
         <object_component_ref idref="oc-210"/>
      </symbol>
      <symbol id="sm-2a6">
         <name>GPIODirModeSet</name>
         <value>0x2000e213</value>
         <object_component_ref idref="oc-154"/>
      </symbol>
      <symbol id="sm-2a7">
         <name>GPIOIntClear</name>
         <value>0x2000efdf</value>
         <object_component_ref idref="oc-1aa"/>
      </symbol>
      <symbol id="sm-2a8">
         <name>GPIOIntDisable</name>
         <value>0x2000ee09</value>
         <object_component_ref idref="oc-1f2"/>
      </symbol>
      <symbol id="sm-2a9">
         <name>GPIOIntEnable</name>
         <value>0x2000eea5</value>
         <object_component_ref idref="oc-14f"/>
      </symbol>
      <symbol id="sm-2aa">
         <name>GPIOIntStatus</name>
         <value>0x2000ea05</value>
         <object_component_ref idref="oc-1ab"/>
      </symbol>
      <symbol id="sm-2ab">
         <name>GPIOIntTypeSet</name>
         <value>0x2000d105</value>
         <object_component_ref idref="oc-1a8"/>
      </symbol>
      <symbol id="sm-2ac">
         <name>GPIOPinWrite</name>
         <value>0x2000ec7d</value>
         <object_component_ref idref="oc-146"/>
      </symbol>
      <symbol id="sm-2fc">
         <name>IntDisable</name>
         <value>0x2000cec5</value>
         <object_component_ref idref="oc-234"/>
      </symbol>
      <symbol id="sm-2fd">
         <name>IntEnable</name>
         <value>0x2000cf8d</value>
         <object_component_ref idref="oc-1ee"/>
      </symbol>
      <symbol id="sm-2fe">
         <name>IntMasterDisable</name>
         <value>0x2000f13b</value>
         <object_component_ref idref="oc-4a"/>
      </symbol>
      <symbol id="sm-2ff">
         <name>IntMasterEnable</name>
         <value>0x2000f145</value>
         <object_component_ref idref="oc-133"/>
      </symbol>
      <symbol id="sm-300">
         <name>IntPendClear</name>
         <value>0x2000daa3</value>
         <object_component_ref idref="oc-215"/>
      </symbol>
      <symbol id="sm-301">
         <name>IntPendSet</name>
         <value>0x2000d1b1</value>
         <object_component_ref idref="oc-230"/>
      </symbol>
      <symbol id="sm-302">
         <name>IntPrioritySet</name>
         <value>0x2000dd35</value>
         <object_component_ref idref="oc-1ed"/>
      </symbol>
      <symbol id="sm-303">
         <name>IntRegister</name>
         <value>0x2000ecc1</value>
         <object_component_ref idref="oc-1ec"/>
      </symbol>
      <symbol id="sm-304">
         <name>IntUnregister</name>
         <value>0x2000eb81</value>
         <object_component_ref idref="oc-235"/>
      </symbol>
      <symbol id="sm-305">
         <name>IntVTableBaseSet</name>
         <value>0x2000ef53</value>
         <object_component_ref idref="oc-73"/>
      </symbol>
      <symbol id="sm-34b">
         <name>PinConfigGet</name>
         <value>0x2000e185</value>
         <object_component_ref idref="oc-226"/>
      </symbol>
      <symbol id="sm-34c">
         <name>PinConfigSet</name>
         <value>0x2000d255</value>
         <object_component_ref idref="oc-150"/>
      </symbol>
      <symbol id="sm-34d">
         <name>PinDirModeGet</name>
         <value>0x2000e7e1</value>
         <object_component_ref idref="oc-227"/>
      </symbol>
      <symbol id="sm-34e">
         <name>PinDirModeSet</name>
         <value>0x2000e535</value>
         <object_component_ref idref="oc-228"/>
      </symbol>
      <symbol id="sm-34f">
         <name>PinLock</name>
         <value>0x2000e741</value>
         <object_component_ref idref="oc-204"/>
      </symbol>
      <symbol id="sm-350">
         <name>PinLockLevelSet</name>
         <value>0x2000d81d</value>
         <object_component_ref idref="oc-202"/>
      </symbol>
      <symbol id="sm-351">
         <name>PinModeGet</name>
         <value>0x2000e815</value>
         <object_component_ref idref="oc-112"/>
      </symbol>
      <symbol id="sm-352">
         <name>PinModeSet</name>
         <value>0x2000e3ad</value>
         <object_component_ref idref="oc-117"/>
      </symbol>
      <symbol id="sm-353">
         <name>PinToPadGet</name>
         <value>0x2000ee71</value>
         <object_component_ref idref="oc-203"/>
      </symbol>
      <symbol id="sm-354">
         <name>PinUnlock</name>
         <value>0x2000ec9f</value>
         <object_component_ref idref="oc-20a"/>
      </symbol>
      <symbol id="sm-406">
         <name>PRCMCC3200MCUInit</name>
         <value>0x2000c041</value>
         <object_component_ref idref="oc-d2"/>
      </symbol>
      <symbol id="sm-407">
         <name>PRCMHIBRegRead</name>
         <value>0x2000ee23</value>
         <object_component_ref idref="oc-10e"/>
      </symbol>
      <symbol id="sm-408">
         <name>PRCMHIBRegWrite</name>
         <value>0x2000ee3d</value>
         <object_component_ref idref="oc-10d"/>
      </symbol>
      <symbol id="sm-409">
         <name>PRCMHibernateWakeUpGPIOSelect</name>
         <value>0x2000d739</value>
         <object_component_ref idref="oc-16c"/>
      </symbol>
      <symbol id="sm-40a">
         <name>PRCMHibernateWakeupSourceDisable</name>
         <value>0x2000dbc9</value>
         <object_component_ref idref="oc-16e"/>
      </symbol>
      <symbol id="sm-40b">
         <name>PRCMHibernateWakeupSourceEnable</name>
         <value>0x2000dedd</value>
         <object_component_ref idref="oc-16d"/>
      </symbol>
      <symbol id="sm-40c">
         <name>PRCMIntEnable</name>
         <value>0x2000e0f5</value>
         <object_component_ref idref="oc-209"/>
      </symbol>
      <symbol id="sm-40d">
         <name>PRCMLPDSEnter</name>
         <value>0x2000dd8d</value>
         <object_component_ref idref="oc-20f"/>
      </symbol>
      <symbol id="sm-40e">
         <name>PRCMLPDSEnterKeepDebugIf</name>
         <value>0x2000e1cd</value>
         <object_component_ref idref="oc-20e"/>
      </symbol>
      <symbol id="sm-40f">
         <name>PRCMLPDSIntervalSet</name>
         <value>0x2000e915</value>
         <object_component_ref idref="oc-1c2"/>
      </symbol>
      <symbol id="sm-410">
         <name>PRCMLPDSRestoreInfoSet</name>
         <value>0x2000dfc9</value>
         <object_component_ref idref="oc-229"/>
      </symbol>
      <symbol id="sm-411">
         <name>PRCMLPDSWakeUpGPIOSelect</name>
         <value>0x2000ea8b</value>
         <object_component_ref idref="oc-16b"/>
      </symbol>
      <symbol id="sm-412">
         <name>PRCMLPDSWakeupCauseGet</name>
         <value>0x2000f10b</value>
         <object_component_ref idref="oc-20c"/>
      </symbol>
      <symbol id="sm-413">
         <name>PRCMLPDSWakeupSourceDisable</name>
         <value>0x2000ee57</value>
         <object_component_ref idref="oc-16a"/>
      </symbol>
      <symbol id="sm-414">
         <name>PRCMLPDSWakeupSourceEnable</name>
         <value>0x2000ebc9</value>
         <object_component_ref idref="oc-169"/>
      </symbol>
      <symbol id="sm-415">
         <name>PRCMPeripheralClkDisable</name>
         <value>0x2000eab5</value>
         <object_component_ref idref="oc-111"/>
      </symbol>
      <symbol id="sm-416">
         <name>PRCMPeripheralClkEnable</name>
         <value>0x2000dc81</value>
         <object_component_ref idref="oc-10f"/>
      </symbol>
      <symbol id="sm-417">
         <name>PRCMPeripheralReset</name>
         <value>0x2000da39</value>
         <object_component_ref idref="oc-110"/>
      </symbol>
      <symbol id="sm-418">
         <name>PRCMPeripheralStatusGet</name>
         <value>0x2000e13d</value>
         <object_component_ref idref="oc-1a5"/>
      </symbol>
      <symbol id="sm-419">
         <name>PRCMSRAMRetentionEnable</name>
         <value>0x2000eb07</value>
         <object_component_ref idref="oc-200"/>
      </symbol>
      <symbol id="sm-41a">
         <name>PRCMSleepEnter</name>
         <value>0x2000f15f</value>
         <object_component_ref idref="oc-1c8"/>
      </symbol>
      <symbol id="sm-41b">
         <name>PRCMSlowClkCtrFastGet</name>
         <value>0x2000e945</value>
         <object_component_ref idref="oc-1f7"/>
      </symbol>
      <symbol id="sm-41c">
         <name>PRCMSysResetCauseGet</name>
         <value>0x2000d4b9</value>
         <object_component_ref idref="oc-108"/>
      </symbol>
      <symbol id="sm-43a">
         <name>SysTickEnable</name>
         <value>0x2000f015</value>
         <object_component_ref idref="oc-1c6"/>
      </symbol>
      <symbol id="sm-43b">
         <name>SysTickIntDisable</name>
         <value>0x2000f027</value>
         <object_component_ref idref="oc-1bd"/>
      </symbol>
      <symbol id="sm-43c">
         <name>SysTickIntEnable</name>
         <value>0x2000f039</value>
         <object_component_ref idref="oc-1c7"/>
      </symbol>
      <symbol id="sm-43d">
         <name>SysTickPeriodSet</name>
         <value>0x2000eeeb</value>
         <object_component_ref idref="oc-1c5"/>
      </symbol>
      <symbol id="sm-47c">
         <name>TimerControlStall</name>
         <value>0x2000e3ef</value>
         <object_component_ref idref="oc-1e2"/>
      </symbol>
      <symbol id="sm-47d">
         <name>TimerDisable</name>
         <value>0x2000ed41</value>
         <object_component_ref idref="oc-1db"/>
      </symbol>
      <symbol id="sm-47e">
         <name>TimerEnable</name>
         <value>0x2000ee8b</value>
         <object_component_ref idref="oc-1e8"/>
      </symbol>
      <symbol id="sm-47f">
         <name>TimerIntClear</name>
         <value>0x2000f0c1</value>
         <object_component_ref idref="oc-1e5"/>
      </symbol>
      <symbol id="sm-480">
         <name>TimerIntDisable</name>
         <value>0x2000ef01</value>
         <object_component_ref idref="oc-231"/>
      </symbol>
      <symbol id="sm-481">
         <name>TimerIntEnable</name>
         <value>0x2000efa5</value>
         <object_component_ref idref="oc-1e6"/>
      </symbol>
      <symbol id="sm-482">
         <name>TimerLoadSet</name>
         <value>0x2000e975</value>
         <object_component_ref idref="oc-1e1"/>
      </symbol>
      <symbol id="sm-483">
         <name>TimerPrescaleSet</name>
         <value>0x2000e9a5</value>
         <object_component_ref idref="oc-1e0"/>
      </symbol>
      <symbol id="sm-48f">
         <name>UtilsDelay</name>
         <value>0x2000f167</value>
         <object_component_ref idref="oc-109"/>
      </symbol>
      <symbol id="sm-4bc">
         <name>FlashDisable</name>
         <value>0x2000db6d</value>
         <object_component_ref idref="oc-22b"/>
      </symbol>
      <symbol id="sm-4dc">
         <name>malloc</name>
         <value>0x2000f16f</value>
         <object_component_ref idref="oc-1a6"/>
      </symbol>
      <symbol id="sm-4dd">
         <name>aligned_alloc</name>
         <value>0x2000ccb5</value>
         <object_component_ref idref="oc-1eb"/>
      </symbol>
      <symbol id="sm-4de">
         <name>free</name>
         <value>0x2000cdd5</value>
         <object_component_ref idref="oc-17b"/>
      </symbol>
      <symbol id="sm-4df">
         <name>_sys_memory</name>
         <value>0x20004040</value>
         <object_component_ref idref="oc-31"/>
      </symbol>
      <symbol id="sm-4e0">
         <name>memalign</name>
         <value>0x2000ccb5</value>
         <object_component_ref idref="oc-1eb"/>
      </symbol>
      <symbol id="sm-4eb">
         <name>_c_int00_noargs</name>
         <value>0x2000ec59</value>
         <object_component_ref idref="oc-76"/>
      </symbol>
      <symbol id="sm-4ec">
         <name>__stack</name>
         <value>0x20003000</value>
         <object_component_ref idref="oc-16"/>
      </symbol>
      <symbol id="sm-4f8">
         <name>__TI_auto_init_nobinit_nopinit</name>
         <value>0x2000e709</value>
         <object_component_ref idref="oc-bf"/>
      </symbol>
      <symbol id="sm-500">
         <name>_system_pre_init</name>
         <value>0x2000f199</value>
         <object_component_ref idref="oc-8b"/>
      </symbol>
      <symbol id="sm-50b">
         <name>__TI_zero_init_nomemset</name>
         <value>0x2000f05d</value>
         <object_component_ref idref="oc-43"/>
      </symbol>
      <symbol id="sm-514">
         <name>__TI_decompress_none</name>
         <value>0x2000f0f1</value>
         <object_component_ref idref="oc-1c"/>
      </symbol>
      <symbol id="sm-51e">
         <name>__TI_decompress_lzss</name>
         <value>0x2000d7ad</value>
         <object_component_ref idref="oc-18"/>
      </symbol>
      <symbol id="sm-528">
         <name>abort</name>
         <value>0x2000f19d</value>
         <object_component_ref idref="oc-b8"/>
      </symbol>
      <symbol id="sm-529">
         <name>C$$EXIT</name>
         <value>0x2000f19c</value>
         <object_component_ref idref="oc-b8"/>
      </symbol>
      <symbol id="sm-532">
         <name>_nop</name>
         <value>0x2000dde3</value>
         <object_component_ref idref="oc-15a"/>
      </symbol>
      <symbol id="sm-533">
         <name>_lock</name>
         <value>0x2000f85c</value>
         <object_component_ref idref="oc-fe"/>
      </symbol>
      <symbol id="sm-534">
         <name>_unlock</name>
         <value>0x2000f860</value>
         <object_component_ref idref="oc-101"/>
      </symbol>
      <symbol id="sm-53b">
         <name>__aeabi_memcpy</name>
         <value>0x2000f195</value>
         <object_component_ref idref="oc-3c"/>
      </symbol>
      <symbol id="sm-53c">
         <name>__aeabi_memcpy4</name>
         <value>0x2000f195</value>
         <object_component_ref idref="oc-3c"/>
      </symbol>
      <symbol id="sm-53d">
         <name>__aeabi_memcpy8</name>
         <value>0x2000f195</value>
         <object_component_ref idref="oc-3c"/>
      </symbol>
      <symbol id="sm-543">
         <name>__aeabi_uldivmod</name>
         <value>0x2000efb9</value>
         <object_component_ref idref="oc-1b9"/>
      </symbol>
      <symbol id="sm-549">
         <name>__udivmoddi4</name>
         <value>0x2000d055</value>
         <object_component_ref idref="oc-1f8"/>
      </symbol>
      <symbol id="sm-553">
         <name>__aeabi_ldiv0</name>
         <value>0x2000dcdb</value>
         <object_component_ref idref="oc-21f"/>
      </symbol>
      <symbol id="sm-55b">
         <name>TI_memcpy_small</name>
         <value>0x2000f04b</value>
         <object_component_ref idref="oc-81"/>
      </symbol>
      <symbol id="sm-55c">
         <name>__TI_static_base__</name>
         <value>0x2000ff08</value>
      </symbol>
      <symbol id="sm-55f">
         <name>ITM_flush</name>
         <value>0x0</value>
      </symbol>
      <symbol id="sm-560">
         <name>ITM_restore</name>
         <value>0x0</value>
      </symbol>
      <symbol id="sm-561">
         <name>__mpu_init</name>
         <value>0x0</value>
      </symbol>
      <symbol id="sm-562">
         <name>_system_post_cinit</name>
         <value>0x0</value>
      </symbol>
   </symbol_table>
   <title>Link successful</title>
</link_info>
