******************************************************************************
            TI ARM Clang Linker PC v3.2.2                      
******************************************************************************
>> Linked Sun Dec  1 09:46:12 2024

OUTPUT FILE NAME:   <gpiointerrupt_CC3220S_LAUNCHXL_nortos_ticlang.out>
ENTRY POINT SYMBOL: "resetISR"  address: 2000eded


MEMORY CONFIGURATION

         name            origin    length      used     unused   attr    fill
----------------------  --------  ---------  --------  --------  ----  --------
  SRAM2                 20000000   00004000  0000130c  00002cf4  RW X
  SRAM                  20004000   0003c000  0000c01c  0002ffe4  RW X
  LOG_DATA              90000000   00040000  00000000  00040000  R   
  LOG_PTR               94000008   00040000  00000000  00040000  R   


SEGMENT ALLOCATION MAP

run origin  load origin   length   init length attrs members
----------  ----------- ---------- ----------- ----- -------
20003000    20003000    00001000   00000000    rw-
  20003000    20003000    00001000   00000000    rw- .stack
20004000    20004000    00000040   00000040    r--
  20004000    20004000    00000040   00000040    r-- .resetVecs
20004040    20004040    00008000   00000000    rw-
  20004040    20004040    00008000   00000000    rw- .sysmem
2000c040    2000c040    00003160   00003160    r-x
  2000c040    2000c040    00003160   00003160    r-x .text
2000f1a0    2000f1a0    000006c9   00000000    rw-
  2000f1a0    2000f1a0    000006c9   00000000    rw- .data
2000f86c    2000f86c    000003c4   000003c4    r--
  2000f86c    2000f86c    000003c4   000003c4    r-- .rodata
2000fc30    2000fc30    000002d7   00000000    rw-
  2000fc30    2000fc30    000002d7   00000000    rw- .bss
2000ff08    2000ff08    00000118   00000118    r--
  2000ff08    2000ff08    00000118   00000118    r-- .cinit


SECTION ALLOCATION MAP

 output                                  attributes/
section   page    origin      length       input sections
--------  ----  ----------  ----------   ----------------
.text      0    2000c040    00003160     
                  2000c040    000004b8     driverlib.a : prcm.obj (.text.PRCMCC3200MCUInit)
                  2000c4f8    000003e4     drivers_cc32xx.a : PowerCC32XX.c.obj (.text.Power_sleep)
                  2000c8dc    00000150     nortos_cc32xx.a : PowerCC32XX_nortos.c.obj (.text.PowerCC32XX_sleepPolicy)
                  2000ca2c    00000148     drivers_cc32xx.a : TimerCC32XX.c.obj (.text.Timer_open)
                  2000cb74    00000140                      : GPIOCC32XX.c.obj (.text.GPIO_setConfig)
                  2000ccb4    00000120     libc.a : memory.c.obj (.text.aligned_alloc)
                  2000cdd4    000000f0            : memory.c.obj (.text.free)
                  2000cec4    000000c8     driverlib.a : interrupt.obj (.text.IntDisable)
                  2000cf8c    000000c8                 : interrupt.obj (.text.IntEnable)
                  2000d054    000000b0     libclang_rt.builtins.a : udivmoddi4.S.obj (.text)
                  2000d104    000000ac     driverlib.a : gpio.obj (.text.GPIOIntTypeSet)
                  2000d1b0    000000a4                 : interrupt.obj (.text.IntPendSet)
                  2000d254    000000a2                 : pin.obj (.text.PinConfigSet)
                  2000d2f6    00000002     ti_drivers_config.o (.text.Board_initHook)
                  2000d2f8    00000098     nortos_cc32xx.a : SemaphoreP_nortos.c.obj (.text.SemaphoreP_pend)
                  2000d390    00000096     drivers_cc32xx.a : PowerCC32XX_ticlang.asm.obj (.text)
                  2000d426    00000002     nortos_cc32xx.a : PowerCC32XX_nortos.c.obj (.text.PowerCC32XX_initPolicy)
                  2000d428    00000090     drivers_cc32xx.a : GPIOCC32XX.c.obj (.text.GPIO_init)
                  2000d4b8    0000008e     driverlib.a : prcm.obj (.text.PRCMSysResetCauseGet)
                  2000d546    00000002     nortos_cc32xx.a : SemaphoreP_nortos.c.obj (.text.SemaphoreP_destruct)
                  2000d548    00000088     drivers_cc32xx.a : PowerCC32XX.c.obj (.text.PowerCC32XX_configureWakeup)
                  2000d5d0    0000007c     gpiointerrupt.o (.text.mainThread)
                  2000d64c    00000078     drivers_cc32xx.a : PowerCC32XX.c.obj (.text.Power_init)
                  2000d6c4    00000074     nortos_cc32xx.a : HwiPCC32XX_nortos.c.obj (.text.HwiP_construct)
                  2000d738    00000074     driverlib.a : prcm.obj (.text.PRCMHibernateWakeUpGPIOSelect)
                  2000d7ac    00000070     libc.a : copy_decompress_lzss.c.obj (.text:decompress:lzss)
                  2000d81c    0000006c     driverlib.a : pin.obj (.text.PinLockLevelSet)
                  2000d888    0000006c     drivers_cc32xx.a : PowerCC32XX.c.obj (.text.Power_setDependency)
                  2000d8f4    0000006c                      : GPIOCC32XX.c.obj (.text.powerNotifyFxn)
                  2000d960    0000006c     libc.a : memory.c.obj (.text.split)
                  2000d9cc    0000006c     gpiointerrupt.o (.text.timerCallback)
                  2000da38    0000006a     driverlib.a : prcm.obj (.text.PRCMPeripheralReset)
                  2000daa2    00000068                 : interrupt.obj (.text.IntPendClear)
                  2000db0a    00000002     drivers_cc32xx.a : Timer.c.obj (.text.Timer_init)
                  2000db0c    00000060                      : GPIOCC32XX.c.obj (.text.GPIO_write)
                  2000db6c    0000005c     driverlib.a : flash.obj (.text.FlashDisable)
                  2000dbc8    0000005c                 : prcm.obj (.text.PRCMHibernateWakeupSourceDisable)
                  2000dc24    0000005c     drivers_cc32xx.a : TimerCC32XX.c.obj (.text.TimerCC32XX_allocateTimerResource)
                  2000dc80    0000005a     driverlib.a : prcm.obj (.text.PRCMPeripheralClkEnable)
                  2000dcda    00000002     libclang_rt.builtins.a : aeabi_div0.c.obj (.text.__aeabi_ldiv0)
                  2000dcdc    00000058     nortos_cc32xx.a : ClockPSysTick_nortos.c.obj (.text.ClockP_startup)
                  2000dd34    00000058     driverlib.a : interrupt.obj (.text.IntPrioritySet)
                  2000dd8c    00000056                 : prcm.obj (.text.PRCMLPDSEnter)
                  2000dde2    00000002     libc.a : _lock.c.obj (.text._nop)
                  2000dde4    00000054     drivers_cc32xx.a : PowerCC32XX.c.obj (.text.PowerCC32XX_setParkState)
                  2000de38    00000054                      : PowerCC32XX.c.obj (.text.Power_releaseDependency)
                  2000de8c    00000050                      : GPIOCC32XX.c.obj (.text.GPIO_hwiIntFxn)
                  2000dedc    00000050     driverlib.a : prcm.obj (.text.PRCMHibernateWakeupSourceEnable)
                  2000df2c    00000050     nortos_cc32xx.a : SemaphoreP_nortos.c.obj (.text.SemaphoreP_construct)
                  2000df7c    0000004c     drivers_cc32xx.a : GPIOCC32XX.c.obj (.text.GPIO_setInterruptConfig)
                  2000dfc8    0000004c     driverlib.a : prcm.obj (.text.PRCMLPDSRestoreInfoSet)
                  2000e014    0000004c     drivers_cc32xx.a : TimerCC32XX.c.obj (.text.initHw)
                  2000e060    0000004a                      : TimerCC32XX.c.obj (.text.getPrescaler)
                  2000e0aa    00000002     nortos_cc32xx.a : startup_cc32xx_ticlang.c.obj (.text.busFaultHandler)
                  2000e0ac    00000048                     : ClockPSysTick_nortos.c.obj (.text.ClockP_sysTickHandler)
                  2000e0f4    00000048     driverlib.a : prcm.obj (.text.PRCMIntEnable)
                  2000e13c    00000048                 : prcm.obj (.text.PRCMPeripheralStatusGet)
                  2000e184    00000048                 : pin.obj (.text.PinConfigGet)
                  2000e1cc    00000046                 : prcm.obj (.text.PRCMLPDSEnterKeepDebugIf)
                  2000e212    00000044                 : gpio.obj (.text.GPIODirModeSet)
                  2000e256    00000002     nortos_cc32xx.a : SemaphoreP_nortos.c.obj (.text.clkFxn)
                  2000e258    00000044     drivers_cc32xx.a : GPIOCC32XX.c.obj (.text.GPIO_disableInt)
                  2000e29c    00000044                      : GPIOCC32XX.c.obj (.text.GPIO_enableInt)
                  2000e2e0    00000044                      : PowerCC32XX.c.obj (.text.Power_releaseConstraint)
                  2000e324    00000044                      : Timer.c.obj (.text.Timer_start)
                  2000e368    00000044     nortos_cc32xx.a : ClockPSysTick_nortos.c.obj (.text.addToList)
                  2000e3ac    00000042     driverlib.a : pin.obj (.text.PinModeSet)
                  2000e3ee    00000042                 : timer.obj (.text.TimerControlStall)
                  2000e430    00000042     drivers_cc32xx.a : TimerCC32XX.c.obj (.text.Timer_close)
                  2000e472    00000042     nortos_cc32xx.a : PowerCC32XX_nortos.c.obj (.text.getCountsRTC)
                  2000e4b4    00000040                     : SemaphoreP_nortos.c.obj (.text.SemaphoreP_post)
                  2000e4f4    00000040     drivers_cc32xx.a : Timer.c.obj (.text.Timer_stop)
                  2000e534    0000003e     driverlib.a : pin.obj (.text.PinDirModeSet)
                  2000e572    00000002     nortos_cc32xx.a : startup_cc32xx_ticlang.c.obj (.text.defaultHandler)
                  2000e574    0000003c                     : ClockPSysTick_nortos.c.obj (.text.ClockP_stop)
                  2000e5b0    0000003c     gpiointerrupt.o (.text.initTimer)
                  2000e5ec    0000003a     drivers_cc32xx.a : TimerCC32XX.c.obj (.text.TimerSupport_timerEnable)
                  2000e626    00000002     nortos_cc32xx.a : startup_cc32xx_ticlang.c.obj (.text.faultISR)
                  2000e628    00000038                     : ClockPSysTick_nortos.c.obj (.text.ClockP_destruct)
                  2000e660    00000038     drivers_cc32xx.a : PowerCC32XX.c.obj (.text.Power_setConstraint)
                  2000e698    00000038     nortos_cc32xx.a : SwiP_nortos.c.obj (.text.SwiP_restore)
                  2000e6d0    00000038     gpiointerrupt.o (.text.setMorseLEDs)
                  2000e708    00000038     libc.a : autoinit.c.obj (.text:__TI_auto_init_nobinit_nopinit)
                  2000e740    00000036     driverlib.a : pin.obj (.text.PinLock)
                  2000e776    00000036     drivers_cc32xx.a : TimerCC32XX.c.obj (.text.TimerCC32XX_hwiIntFunction)
                  2000e7ac    00000034     nortos_cc32xx.a : ClockPSysTick_nortos.c.obj (.text.ClockP_start)
                  2000e7e0    00000034     driverlib.a : pin.obj (.text.PinDirModeGet)
                  2000e814    00000034                 : pin.obj (.text.PinModeGet)
                  2000e848    00000034     drivers_cc32xx.a : PowerCC32XX.c.obj (.text.PowerCC32XX_parkPin)
                  2000e87c    00000034                      : TimerCC32XX.c.obj (.text.TimerCC32XX_freeTimerResource)
                  2000e8b0    00000034     nortos_cc32xx.a : startup_cc32xx_ticlang.c.obj (.text.initVectors)
                  2000e8e4    00000030                     : ClockPSysTick_nortos.c.obj (.text.ClockP_getTicksUntilInterrupt)
                  2000e914    00000030     driverlib.a : prcm.obj (.text.PRCMLPDSIntervalSet)
                  2000e944    00000030                 : prcm.obj (.text.PRCMSlowClkCtrFastGet)
                  2000e974    00000030                 : timer.obj (.text.TimerLoadSet)
                  2000e9a4    00000030                 : timer.obj (.text.TimerPrescaleSet)
                  2000e9d4    00000030     drivers_cc32xx.a : PowerCC32XX.c.obj (.text.notify)
                  2000ea04    0000002e     driverlib.a : gpio.obj (.text.GPIOIntStatus)
                  2000ea32    00000002     nortos_cc32xx.a : startup_cc32xx_ticlang.c.obj (.text.nmiISR)
                  2000ea34    0000002c     gpiointerrupt.o (.text.gpioButtonFxn1)
                  2000ea60    0000002a     nortos_cc32xx.a : HwiPCC32XX_nortos.c.obj (.text.HwiP_create)
                  2000ea8a    0000002a     driverlib.a : prcm.obj (.text.PRCMLPDSWakeUpGPIOSelect)
                  2000eab4    0000002a                 : prcm.obj (.text.PRCMPeripheralClkDisable)
                  2000eade    00000028     drivers_cc32xx.a : List.c.obj (.text.List_remove)
                  2000eb06    00000028     driverlib.a : prcm.obj (.text.PRCMSRAMRetentionEnable)
                  2000eb2e    00000028     drivers_cc32xx.a : TimerCC32XX.c.obj (.text.TimerSupport_timerDisable)
                  2000eb56    00000002     --HOLE-- [fill = 0]
                  2000eb58    00000028     libc.a : memory.c.obj (.text.free_list_insert)
                  2000eb80    00000024     driverlib.a : interrupt.obj (.text.IntUnregister)
                  2000eba4    00000024     drivers_cc32xx.a : List.c.obj (.text.List_put)
                  2000ebc8    00000024     driverlib.a : prcm.obj (.text.PRCMLPDSWakeupSourceEnable)
                  2000ebec    00000024     drivers_cc32xx.a : PowerCC32XX.c.obj (.text.PowerCC32XX_restoreParkedPin)
                  2000ec10    00000024                      : PowerCC32XX.c.obj (.text.Power_registerNotify)
                  2000ec34    00000024     gpiointerrupt.o (.text.gpioButtonFxn0)
                  2000ec58    00000024     libc.a : boot_cortex_m.c.obj (.text:_c_int00_noargs)
                  2000ec7c    00000022     driverlib.a : gpio.obj (.text.GPIOPinWrite)
                  2000ec9e    00000022                 : pin.obj (.text.PinUnlock)
                  2000ecc0    00000020                 : interrupt.obj (.text.IntRegister)
                  2000ece0    00000020     drivers_cc32xx.a : PowerCC32XX.c.obj (.text.Power_unregisterNotify)
                  2000ed00    00000020     nortos_cc32xx.a : SemaphoreP_nortos.c.obj (.text.SemaphoreP_constructBinary)
                  2000ed20    00000020                     : SemaphoreP_nortos.c.obj (.text.SemaphoreP_createBinary)
                  2000ed40    00000020     driverlib.a : timer.obj (.text.TimerDisable)
                  2000ed60    0000001c     drivers_cc32xx.a : GPIO.c.obj (.text.GPIO_setCallback)
                  2000ed7c    0000001c     nortos_cc32xx.a : HwiPCC32XX_nortos.c.obj (.text.HwiP_dispatch)
                  2000ed98    0000001c                     : SwiP_nortos.c.obj (.text.SwiP_disable)
                  2000edb4    0000001c     libc.a : memory.c.obj (.text.free_list_remove)
                  2000edd0    0000001c     drivers_cc32xx.a : TimerCC32XX.c.obj (.text.getPowerMgrId)
                  2000edec    0000001c     nortos_cc32xx.a : startup_cc32xx_ticlang.c.obj (.text.resetISR)
                  2000ee08    0000001a     driverlib.a : gpio.obj (.text.GPIOIntDisable)
                  2000ee22    0000001a                 : prcm.obj (.text.PRCMHIBRegRead)
                  2000ee3c    0000001a                 : prcm.obj (.text.PRCMHIBRegWrite)
                  2000ee56    0000001a                 : prcm.obj (.text.PRCMLPDSWakeupSourceDisable)
                  2000ee70    0000001a                 : pin.obj (.text.PinToPadGet)
                  2000ee8a    0000001a                 : timer.obj (.text.TimerEnable)
                  2000eea4    00000018                 : gpio.obj (.text.GPIOIntEnable)
                  2000eebc    00000018     nortos_cc32xx.a : SemaphoreP_nortos.c.obj (.text.SemaphoreP_create)
                  2000eed4    00000016     ti_drivers_config.o (.text.Board_init)
                  2000eeea    00000016     driverlib.a : systick.obj (.text.SysTickPeriodSet)
                  2000ef00    00000016                 : timer.obj (.text.TimerIntDisable)
                  2000ef16    00000014                 : cpu.obj (.text.CPUcpsid)
                  2000ef2a    00000014                 : cpu.obj (.text.CPUcpsie)
                  2000ef3e    00000014     nortos_cc32xx.a : HwiPCC32XX_nortos.c.obj (.text.HwiP_destruct)
                  2000ef52    00000014     driverlib.a : interrupt.obj (.text.IntVTableBaseSet)
                  2000ef66    00000002     --HOLE-- [fill = 0]
                  2000ef68    00000014     drivers_cc32xx.a : PowerCC32XX.c.obj (.text.Power_disablePolicy)
                  2000ef7c    00000014                      : PowerCC32XX.c.obj (.text.Power_getTransitionLatency)
                  2000ef90    00000014                      : PowerCC32XX.c.obj (.text.Power_idleFunc)
                  2000efa4    00000014     driverlib.a : timer.obj (.text.TimerIntEnable)
                  2000efb8    00000014     libclang_rt.builtins.a : aeabi_uldivmod.S.obj (.text.__aeabi_uldivmod)
                  2000efcc    00000012     nortos_cc32xx.a : ClockPSysTick_nortos.c.obj (.text.ClockP_add)
                  2000efde    00000012     driverlib.a : gpio.obj (.text.GPIOIntClear)
                  2000eff0    00000012     nortos_cc32xx.a : HwiPCC32XX_nortos.c.obj (.text.HwiP_Params_init)
                  2000f002    00000012                     : HwiPCC32XX_nortos.c.obj (.text.HwiP_delete)
                  2000f014    00000012     driverlib.a : systick.obj (.text.SysTickEnable)
                  2000f026    00000012                 : systick.obj (.text.SysTickIntDisable)
                  2000f038    00000012                 : systick.obj (.text.SysTickIntEnable)
                  2000f04a    00000012     libc.a : memcpy_t2.S.obj (.text:TI_memcpy_small)
                  2000f05c    00000012            : copy_zero_init.c.obj (.text:decompress:ZI:__TI_zero_init_nomemset)
                  2000f06e    00000002     --HOLE-- [fill = 0]
                  2000f070    00000010     nortos_cc32xx.a : ClockPSysTick_nortos.c.obj (.text.ClockP_getCpuFreq)
                  2000f080    00000010                     : ClockPSysTick_nortos.c.obj (.text.ClockP_getSystemTicks)
                  2000f090    00000010                     : ClockPSysTick_nortos.c.obj (.text.ClockP_setTicks)
                  2000f0a0    00000010                     : HwiPCC32XX_nortos.c.obj (.text.HwiP_inISR)
                  2000f0b0    00000010     drivers_cc32xx.a : PowerCC32XX.c.obj (.text.Power_enablePolicy)
                  2000f0c0    00000010     driverlib.a : timer.obj (.text.TimerIntClear)
                  2000f0d0    00000010     drivers_cc32xx.a : Timer.c.obj (.text.Timer_Params_init)
                  2000f0e0    00000010     main_nortos.o (.text.main)
                  2000f0f0    0000000e     libc.a : copy_decompress_none.c.obj (.text:decompress:none)
                  2000f0fe    0000000c     driverlib.a : cpu.obj (.text.CPUwfi)
                  2000f10a    0000000c                 : prcm.obj (.text.PRCMLPDSWakeupCauseGet)
                  2000f116    00000002     --HOLE-- [fill = 0]
                  2000f118    0000000c     drivers_cc32xx.a : PowerCC32XX.c.obj (.text.Power_getConstraintMask)
                  2000f124    0000000c                      : TimerCC32XX.c.obj (.text.postNotifyFxn)
                  2000f130    0000000a     nortos_cc32xx.a : ClockPSysTick_nortos.c.obj (.text.ClockP_isActive)
                  2000f13a    0000000a     driverlib.a : interrupt.obj (.text.IntMasterDisable)
                  2000f144    0000000a                 : interrupt.obj (.text.IntMasterEnable)
                  2000f14e    00000008     nortos_cc32xx.a : HwiPCC32XX_nortos.c.obj (.text.HwiP_disable)
                  2000f156    00000008                     : HwiPCC32XX_nortos.c.obj (.text.HwiP_restore)
                  2000f15e    00000008     driverlib.a : prcm.obj (.text.PRCMSleepEnter)
                  2000f166    00000008                 : utils.obj (.text.UtilsDelay)
                  2000f16e    00000008     libc.a : memory.c.obj (.text.malloc)
                  2000f176    00000004     nortos_cc32xx.a : ClockPSysTick_nortos.c.obj (.text.ClockP_doTick)
                  2000f17a    00000004                     : HwiPCC32XX_nortos.c.obj (.text.HwiP_clearInterrupt)
                  2000f17e    00000004                     : HwiPCC32XX_nortos.c.obj (.text.HwiP_enable)
                  2000f182    00000004                     : HwiPCC32XX_nortos.c.obj (.text.HwiP_post)
                  2000f186    00000004     driverlib.a : interrupt.obj (.text.IntDefaultHandler)
                  2000f18a    00000004     nortos_cc32xx.a : NoRTOS.c.obj (.text.NoRTOS_start)
                  2000f18e    00000004                     : SemaphoreP_nortos.c.obj (.text.SemaphoreP_delete)
                  2000f192    00000002     --HOLE-- [fill = 0]
                  2000f194    00000004     libclang_rt.builtins.a : aeabi_memcpy.S.obj (.text.__aeabi_memcpy)
                  2000f198    00000004     libc.a : pre_init.c.obj (.text._system_pre_init)
                  2000f19c    00000004            : exit.c.obj (.text:abort)

.ramVecs   0    20000000    0000030c     NOLOAD SECTION
                  20000000    0000030c     nortos_cc32xx.a : startup_cc32xx_ticlang.c.obj (.ramVecs)

.stack     0    20003000    00001000     UNINITIALIZED
                  20003000    00000004     libc.a : boot_cortex_m.c.obj (.stack)
                  20003004    00000ffc     --HOLE--

.resetVecs 
*          0    20004000    00000040     
                  20004000    00000040     nortos_cc32xx.a : startup_cc32xx_ticlang.c.obj (.resetVecs)

.sysmem    0    20004040    00008000     UNINITIALIZED
                  20004040    00000010     libc.a : memory.c.obj (.sysmem)
                  20004050    00007ff0     --HOLE--

.rodata    0    2000f86c    000003c4     
                  2000f86c    00000100     driverlib.a : pin.obj (.rodata.g_ulPinToPadMap)
                  2000f96c    000000d4                 : interrupt.obj (.rodata.g_pulRegs)
                  2000fa40    000000a8                 : prcm.obj (.rodata.PRCM_PeriphRegsList)
                  2000fae8    00000044     ti_drivers_config.o (.rodata.PowerCC32XX_config)
                  2000fb2c    00000028     drivers_cc32xx.a : GPIOCC32XX.c.obj (.rodata.portConfigs)
                  2000fb54    00000021                      : GPIOCC32XX.c.obj (.rodata.pinTable)
                  2000fb75    00000001     ti_drivers_config.o (.rodata.GPIO_pinUpperBound)
                  2000fb76    00000001     ti_drivers_config.o (.rodata.Timer_count)
                  2000fb77    00000001     --HOLE-- [fill = 0]
                  2000fb78    00000018     driverlib.a : interrupt.obj (.rodata.g_pulDisRegs)
                  2000fb90    00000018                 : interrupt.obj (.rodata.g_pulEnRegs)
                  2000fba8    00000018                 : interrupt.obj (.rodata.g_pulPendRegs)
                  2000fbc0    00000018                 : interrupt.obj (.rodata.g_pulUnpendRegs)
                  2000fbd8    00000010     ti_drivers_config.o (.rodata.GPIO_config)
                  2000fbe8    00000010     ti_drivers_config.o (.rodata.timerCC32XXHWAttrs)
                  2000fbf8    0000000c     gpiointerrupt.o (.rodata..Lswitch.table.setMorseLEDs.1)
                  2000fc04    0000000c     gpiointerrupt.o (.rodata..Lswitch.table.setMorseLEDs)
                  2000fc10    0000000c     drivers_cc32xx.a : Timer.c.obj (.rodata.defaultParams)
                  2000fc1c    0000000c                      : TimerCC32XX.c.obj (.rodata.defaultParams)
                  2000fc28    00000008     ti_drivers_config.o (.rodata.Timer_config)

.cinit     0    2000ff08    00000118     
                  2000ff08    000000f1     (.cinit..data.load) [load image, compression = lzss]
                  2000fff9    00000003     --HOLE-- [fill = 0]
                  2000fffc    0000000c     (__TI_handler_table)
                  20010008    00000008     (.cinit..bss.load) [load image, compression = zero_init]
                  20010010    00000010     (__TI_cinit_table)

.init_array 
*          0    20004000    00000000     UNINITIALIZED

.data      0    2000f1a0    000006c9     UNINITIALIZED
                  2000f1a0    0000030c     nortos_cc32xx.a : HwiPCC32XX_nortos.c.obj (.data.HwiP_dispatchTable)
                  2000f4ac    0000016c     drivers_cc32xx.a : PowerCC32XX.c.obj (.data.PowerCC32XX_module)
                  2000f618    000000f8     ti_drivers_config.o (.data.parkInfo)
                  2000f710    00000084     ti_drivers_config.o (.data.gpioPinConfigs)
                  2000f794    0000004c     nortos_cc32xx.a : SwiP_nortos.c.obj (.data..L_MergedGlobals)
                  2000f7e0    00000048     gpiointerrupt.o (.data..L_MergedGlobals)
                  2000f828    00000018     drivers_cc32xx.a : GPIOCC32XX.c.obj (.data..L_MergedGlobals)
                  2000f840    00000010     nortos_cc32xx.a : SemaphoreP_nortos.c.obj (.data..L_MergedGlobals)
                  2000f850    00000008                     : ClockPSysTick_nortos.c.obj (.data..L_MergedGlobals)
                  2000f858    00000004                     : HwiPCC32XX_nortos.c.obj (.data.HwiP_swiPIntNum)
                  2000f85c    00000004     libc.a : _lock.c.obj (.data._lock)
                  2000f860    00000004            : _lock.c.obj (.data._unlock)
                  2000f864    00000001     drivers_cc32xx.a : GPIOCC32XX.c.obj (.data.initCalled)
                  2000f865    00000001                      : GPIOCC32XX.c.obj (.data.portHwiCreatedBitMask)
                  2000f866    00000002     --HOLE--
                  2000f868    00000001     libc.a : memory.c.obj (.data.memory_is_initialized)

.bss       0    2000fc30    000002d7     UNINITIALIZED
                  2000fc30    0000012c     (.common:PowerCC32XX_contextSave)
                  2000fd5c    00000084     (.common:gpioCallbackFunctions)
                  2000fde0    00000084     (.common:gpioUserArgs)
                  2000fe64    00000084     (.common:timerCC32XXObjects)
                  2000fee8    00000010     (.common:ClockP_ctrl)
                  2000fef8    00000004     nortos_cc32xx.a : ClockPSysTick_nortos.c.obj (.bss.sysTickPeriod)
                  2000fefc    00000004     libc.a : memory.c.obj (.bss.sys_free)
                  2000ff00    00000004     drivers_cc32xx.a : TimerCC32XX.c.obj (.bss.timerState.0)
                  2000ff04    00000001     (.common:BUTTON_STATE)
                  2000ff05    00000001     (.common:CURRENT_MESSAGE)
                  2000ff06    00000001     (.common:LED_STATE)

.log_data 
*          0    90000000    00000000     COPY SECTION

.log_ptr   0    94000008    00000000     COPY SECTION

__llvm_prf_cnts 
*          0    20004000    00000000     UNINITIALIZED

__llvm_prf_bits 
*          0    20004000    00000000     UNINITIALIZED

MODULE SUMMARY

       Module                         code    ro data   rw data
       ------                         ----    -------   -------
    .\
       gpiointerrupt.o                428     24        75     
       main_nortos.o                  16      0         0      
    +--+------------------------------+-------+---------+---------+
       Total:                         444     24        75     
                                                               
    .\syscfg\
       ti_drivers_config.o            24      110       776    
    +--+------------------------------+-------+---------+---------+
       Total:                         24      110       776    
                                                               
    C:/ti/simplelink_cc32xx_sdk_7_10_00_13/kernel/nortos/lib/ticlang/m4/nortos_cc32xx.a
       HwiPCC32XX_nortos.c.obj        286     0         784    
       startup_cc32xx_ticlang.c.obj   88      64        780    
       ClockPSysTick_nortos.c.obj     524     0         28     
       SemaphoreP_nortos.c.obj        392     0         16     
       PowerCC32XX_nortos.c.obj       404     0         0      
       SwiP_nortos.c.obj              84      0         76     
       NoRTOS.c.obj                   4       0         0      
    +--+------------------------------+-------+---------+---------+
       Total:                         1782    64        1684   
                                                               
    C:/ti/simplelink_cc32xx_sdk_7_10_00_13/source/ti/devices/cc32xx/driverlib/ticlang/Release/driverlib.a
       prcm.obj                       2564    168       0      
       interrupt.obj                  868     308       0      
       pin.obj                        688     256       0      
       gpio.obj                       388     0         0      
       timer.obj                      278     0         0      
       flash.obj                      92      0         0      
       systick.obj                    76      0         0      
       cpu.obj                        52      0         0      
       utils.obj                      8       0         0      
    +--+------------------------------+-------+---------+---------+
       Total:                         5014    732       0      
                                                               
    C:/ti/simplelink_cc32xx_sdk_7_10_00_13/source/ti/drivers/lib/ticlang/m4/drivers_cc32xx.a
       PowerCC32XX.c.obj              1944    0         664    
       GPIOCC32XX.c.obj               960     73        26     
       TimerCC32XX.c.obj              880     12        4      
       Timer.c.obj                    150     12        0      
       PowerCC32XX_ticlang.asm.obj    150     0         0      
       List.c.obj                     76      0         0      
       GPIO.c.obj                     28      0         0      
    +--+------------------------------+-------+---------+---------+
       Total:                         4188    97        694    
                                                               
    C:\ti\ccs1281\ccs\tools\compiler\ti-cgt-armllvm_3.2.2.LTS\lib\armv7em-ti-none-eabi/c/libc.a
       memory.c.obj                   712     0         5      
       copy_decompress_lzss.c.obj     112     0         0      
       autoinit.c.obj                 56      0         0      
       boot_cortex_m.c.obj            36      0         0      
       copy_zero_init.c.obj           18      0         0      
       memcpy_t2.S.obj                18      0         0      
       copy_decompress_none.c.obj     14      0         0      
       _lock.c.obj                    2       0         8      
       exit.c.obj                     4       0         0      
       pre_init.c.obj                 4       0         0      
    +--+------------------------------+-------+---------+---------+
       Total:                         976     0         13     
                                                               
    C:\ti\ccs1281\ccs\tools\compiler\ti-cgt-armllvm_3.2.2.LTS\lib\clang/15.0.7/lib/armv7em-ti-none-eabi/libclang_rt.builtins.a
       udivmoddi4.S.obj               176     0         0      
       aeabi_uldivmod.S.obj           20      0         0      
       aeabi_memcpy.S.obj             4       0         0      
       aeabi_div0.c.obj               2       0         0      
    +--+------------------------------+-------+---------+---------+
       Total:                         202     0         0      
                                                               
       Heap:                          0       0         32768  
       Stack:                         0       0         4096   
       Linker Generated:              0       277       0      
    +--+------------------------------+-------+---------+---------+
       Grand Total:                   12630   1304      40106  


LINKER GENERATED COPY TABLES

__TI_cinit_table @ 20010010 records: 2, size/record: 8, table size: 16
	.data: load addr=2000ff08, load size=000000f1 bytes, run addr=2000f1a0, run size=000006c9 bytes, compression=lzss
	.bss: load addr=20010008, load size=00000008 bytes, run addr=2000fc30, run size=000002d7 bytes, compression=zero_init


LINKER GENERATED HANDLER TABLE

__TI_handler_table @ 2000fffc records: 3, size/record: 4, table size: 12
	index: 0, handler: __TI_decompress_lzss
	index: 1, handler: __TI_decompress_none
	index: 2, handler: __TI_zero_init


GLOBAL SYMBOLS: SORTED ALPHABETICALLY BY Name 

address   name                             
-------   ----                             
2000ff04  BUTTON_STATE                     
2000eed5  Board_init                       
2000d2f7  Board_initHook                   
2000f19c  C$$EXIT                          
2000ef17  CPUcpsid                         
2000ef2b  CPUcpsie                         
2000f0ff  CPUwfi                           
2000ff05  CURRENT_MESSAGE                  
2000efcd  ClockP_add                       
2000fee8  ClockP_ctrl                      
2000e629  ClockP_destruct                  
2000f177  ClockP_doTick                    
2000f071  ClockP_getCpuFreq                
2000f081  ClockP_getSystemTicks            
2000e8e5  ClockP_getTicksUntilInterrupt    
2000f131  ClockP_isActive                  
2000f091  ClockP_setTicks                  
2000e7ad  ClockP_start                     
2000dcdd  ClockP_startup                   
2000e575  ClockP_stop                      
2000e0ad  ClockP_sysTickHandler            
2000f854  ClockP_tickPeriod                
2000db6d  FlashDisable                     
2000e213  GPIODirModeSet                   
2000efdf  GPIOIntClear                     
2000ee09  GPIOIntDisable                   
2000eea5  GPIOIntEnable                    
2000ea05  GPIOIntStatus                    
2000d105  GPIOIntTypeSet                   
2000ec7d  GPIOPinWrite                     
2000fbd8  GPIO_config                      
2000e259  GPIO_disableInt                  
2000e29d  GPIO_enableInt                   
2000de8d  GPIO_hwiIntFxn                   
2000d429  GPIO_init                        
2000fb75  GPIO_pinUpperBound               
2000ed61  GPIO_setCallback                 
2000cb75  GPIO_setConfig                   
2000df7d  GPIO_setInterruptConfig          
2000db0d  GPIO_write                       
2000eff1  HwiP_Params_init                 
2000f17b  HwiP_clearInterrupt              
2000d6c5  HwiP_construct                   
2000ea61  HwiP_create                      
2000f003  HwiP_delete                      
2000ef3f  HwiP_destruct                    
2000f14f  HwiP_disable                     
2000ed7d  HwiP_dispatch                    
2000f17f  HwiP_enable                      
2000f0a1  HwiP_inISR                       
2000f183  HwiP_post                        
2000f157  HwiP_restore                     
2000f858  HwiP_swiPIntNum                  
UNDEFED   ITM_flush                        
UNDEFED   ITM_restore                      
2000cec5  IntDisable                       
2000cf8d  IntEnable                        
2000f13b  IntMasterDisable                 
2000f145  IntMasterEnable                  
2000daa3  IntPendClear                     
2000d1b1  IntPendSet                       
2000dd35  IntPrioritySet                   
2000ecc1  IntRegister                      
2000eb81  IntUnregister                    
2000ef53  IntVTableBaseSet                 
2000ff06  LED_STATE                        
2000eba5  List_put                         
2000eadf  List_remove                      
2000f18b  NoRTOS_start                     
2000c041  PRCMCC3200MCUInit                
2000ee23  PRCMHIBRegRead                   
2000ee3d  PRCMHIBRegWrite                  
2000d739  PRCMHibernateWakeUpGPIOSelect    
2000dbc9  PRCMHibernateWakeupSourceDisable 
2000dedd  PRCMHibernateWakeupSourceEnable  
2000e0f5  PRCMIntEnable                    
2000dd8d  PRCMLPDSEnter                    
2000e1cd  PRCMLPDSEnterKeepDebugIf         
2000e915  PRCMLPDSIntervalSet              
2000dfc9  PRCMLPDSRestoreInfoSet           
2000ea8b  PRCMLPDSWakeUpGPIOSelect         
2000f10b  PRCMLPDSWakeupCauseGet           
2000ee57  PRCMLPDSWakeupSourceDisable      
2000ebc9  PRCMLPDSWakeupSourceEnable       
2000eab5  PRCMPeripheralClkDisable         
2000dc81  PRCMPeripheralClkEnable          
2000da39  PRCMPeripheralReset              
2000e13d  PRCMPeripheralStatusGet          
2000eb07  PRCMSRAMRetentionEnable          
2000f15f  PRCMSleepEnter                   
2000e945  PRCMSlowClkCtrFastGet            
2000d4b9  PRCMSysResetCauseGet             
2000e185  PinConfigGet                     
2000d255  PinConfigSet                     
2000e7e1  PinDirModeGet                    
2000e535  PinDirModeSet                    
2000e741  PinLock                          
2000d81d  PinLockLevelSet                  
2000e815  PinModeGet                       
2000e3ad  PinModeSet                       
2000ee71  PinToPadGet                      
2000ec9f  PinUnlock                        
2000fae8  PowerCC32XX_config               
2000d549  PowerCC32XX_configureWakeup      
2000fc30  PowerCC32XX_contextSave          
2000d391  PowerCC32XX_enterLPDS            
2000d427  PowerCC32XX_initPolicy           
2000f4ac  PowerCC32XX_module               
2000e849  PowerCC32XX_parkPin              
2000ebed  PowerCC32XX_restoreParkedPin     
2000d3d5  PowerCC32XX_resumeLPDS           
2000dde5  PowerCC32XX_setParkState         
2000c8dd  PowerCC32XX_sleepPolicy          
2000ef69  Power_disablePolicy              
2000f0b1  Power_enablePolicy               
2000f119  Power_getConstraintMask          
2000ef7d  Power_getTransitionLatency       
2000ef91  Power_idleFunc                   
2000d64d  Power_init                       
2000ec11  Power_registerNotify             
2000e2e1  Power_releaseConstraint          
2000de39  Power_releaseDependency          
2000e661  Power_setConstraint              
2000d889  Power_setDependency              
2000c4f9  Power_sleep                      
2000ece1  Power_unregisterNotify           
2000df2d  SemaphoreP_construct             
2000ed01  SemaphoreP_constructBinary       
2000eebd  SemaphoreP_create                
2000ed21  SemaphoreP_createBinary          
2000f848  SemaphoreP_defaultParams         
2000f18f  SemaphoreP_delete                
2000d547  SemaphoreP_destruct              
2000d2f9  SemaphoreP_pend                  
2000e4b5  SemaphoreP_post                  
2000ed99  SwiP_disable                     
2000e699  SwiP_restore                     
2000f015  SysTickEnable                    
2000f027  SysTickIntDisable                
2000f039  SysTickIntEnable                 
2000eeeb  SysTickPeriodSet                 
2000f04b  TI_memcpy_small                  
2000dc25  TimerCC32XX_allocateTimerResource
2000e87d  TimerCC32XX_freeTimerResource    
2000e3ef  TimerControlStall                
2000ed41  TimerDisable                     
2000ee8b  TimerEnable                      
2000f0c1  TimerIntClear                    
2000ef01  TimerIntDisable                  
2000efa5  TimerIntEnable                   
2000e975  TimerLoadSet                     
2000e9a5  TimerPrescaleSet                 
2000eb2f  TimerSupport_timerDisable        
2000e5ed  TimerSupport_timerEnable         
2000f0d1  Timer_Params_init                
2000e431  Timer_close                      
2000fc28  Timer_config                     
2000fb76  Timer_count                      
2000db0b  Timer_init                       
2000ca2d  Timer_open                       
2000e325  Timer_start                      
2000e4f5  Timer_stop                       
2000f167  UtilsDelay                       
20004000  __STACK_END                      
00001000  __STACK_SIZE                     
00008000  __SYSMEM_SIZE                    
00000000  __TI_ATRegion0_region_sz         
00000000  __TI_ATRegion0_src_addr          
00000000  __TI_ATRegion0_trg_addr          
00000000  __TI_ATRegion1_region_sz         
00000000  __TI_ATRegion1_src_addr          
00000000  __TI_ATRegion1_trg_addr          
00000000  __TI_ATRegion2_region_sz         
00000000  __TI_ATRegion2_src_addr          
00000000  __TI_ATRegion2_trg_addr          
20010010  __TI_CINIT_Base                  
20010020  __TI_CINIT_Limit                 
20010020  __TI_CINIT_Warm                  
2000fffc  __TI_Handler_Table_Base          
20010008  __TI_Handler_Table_Limit         
2000e709  __TI_auto_init_nobinit_nopinit   
2000d7ad  __TI_decompress_lzss             
2000f0f1  __TI_decompress_none             
ffffffff  __TI_pprof_out_hndl              
ffffffff  __TI_prof_data_size              
ffffffff  __TI_prof_data_start             
2000ff08  __TI_static_base__               
2000f05d  __TI_zero_init_nomemset          
2000dcdb  __aeabi_ldiv0                    
2000f195  __aeabi_memcpy                   
2000f195  __aeabi_memcpy4                  
2000f195  __aeabi_memcpy8                  
2000efb9  __aeabi_uldivmod                 
ffffffff  __binit__                        
UNDEFED   __mpu_init                       
20003000  __stack                          
20004000  __start___llvm_prf_bits          
20004000  __start___llvm_prf_cnts          
20004000  __stop___llvm_prf_bits           
20004000  __stop___llvm_prf_cnts           
2000d055  __udivmoddi4                     
2000ec59  _c_int00_noargs                  
2000f85c  _lock                            
2000dde3  _nop                             
20004040  _sys_memory                      
UNDEFED   _system_post_cinit               
2000f199  _system_pre_init                 
2000f860  _unlock                          
2000f19d  abort                            
2000ccb5  aligned_alloc                    
ffffffff  binit                            
2000f7e4  blinkingActive                   
2000e257  clkFxn                           
2000cdd5  free                             
2000ec35  gpioButtonFxn0                   
2000ea35  gpioButtonFxn1                   
2000fd5c  gpioCallbackFunctions            
2000f710  gpioPinConfigs                   
2000fde0  gpioUserArgs                     
2000e5b1  initTimer                        
2000e8b1  initVectors                      
2000f0e1  main                             
2000d5d1  mainThread                       
2000f16f  malloc                           
2000ccb5  memalign                         
2000f7e0  messageCounter                   
2000f7e8  okMessage                        
2000f618  parkInfo                         
2000eded  resetISR                         
2000e6d1  setMorseLEDs                     
2000f807  sosMessage                       
2000fbe8  timerCC32XXHWAttrs               
2000fe64  timerCC32XXObjects               
2000d9cd  timerCallback                    


GLOBAL SYMBOLS: SORTED BY Symbol Address 

address   name                             
-------   ----                             
00000000  __TI_ATRegion0_region_sz         
00000000  __TI_ATRegion0_src_addr          
00000000  __TI_ATRegion0_trg_addr          
00000000  __TI_ATRegion1_region_sz         
00000000  __TI_ATRegion1_src_addr          
00000000  __TI_ATRegion1_trg_addr          
00000000  __TI_ATRegion2_region_sz         
00000000  __TI_ATRegion2_src_addr          
00000000  __TI_ATRegion2_trg_addr          
00001000  __STACK_SIZE                     
00008000  __SYSMEM_SIZE                    
20003000  __stack                          
20004000  __STACK_END                      
20004000  __start___llvm_prf_bits          
20004000  __start___llvm_prf_cnts          
20004000  __stop___llvm_prf_bits           
20004000  __stop___llvm_prf_cnts           
20004040  _sys_memory                      
2000c041  PRCMCC3200MCUInit                
2000c4f9  Power_sleep                      
2000c8dd  PowerCC32XX_sleepPolicy          
2000ca2d  Timer_open                       
2000cb75  GPIO_setConfig                   
2000ccb5  aligned_alloc                    
2000ccb5  memalign                         
2000cdd5  free                             
2000cec5  IntDisable                       
2000cf8d  IntEnable                        
2000d055  __udivmoddi4                     
2000d105  GPIOIntTypeSet                   
2000d1b1  IntPendSet                       
2000d255  PinConfigSet                     
2000d2f7  Board_initHook                   
2000d2f9  SemaphoreP_pend                  
2000d391  PowerCC32XX_enterLPDS            
2000d3d5  PowerCC32XX_resumeLPDS           
2000d427  PowerCC32XX_initPolicy           
2000d429  GPIO_init                        
2000d4b9  PRCMSysResetCauseGet             
2000d547  SemaphoreP_destruct              
2000d549  PowerCC32XX_configureWakeup      
2000d5d1  mainThread                       
2000d64d  Power_init                       
2000d6c5  HwiP_construct                   
2000d739  PRCMHibernateWakeUpGPIOSelect    
2000d7ad  __TI_decompress_lzss             
2000d81d  PinLockLevelSet                  
2000d889  Power_setDependency              
2000d9cd  timerCallback                    
2000da39  PRCMPeripheralReset              
2000daa3  IntPendClear                     
2000db0b  Timer_init                       
2000db0d  GPIO_write                       
2000db6d  FlashDisable                     
2000dbc9  PRCMHibernateWakeupSourceDisable 
2000dc25  TimerCC32XX_allocateTimerResource
2000dc81  PRCMPeripheralClkEnable          
2000dcdb  __aeabi_ldiv0                    
2000dcdd  ClockP_startup                   
2000dd35  IntPrioritySet                   
2000dd8d  PRCMLPDSEnter                    
2000dde3  _nop                             
2000dde5  PowerCC32XX_setParkState         
2000de39  Power_releaseDependency          
2000de8d  GPIO_hwiIntFxn                   
2000dedd  PRCMHibernateWakeupSourceEnable  
2000df2d  SemaphoreP_construct             
2000df7d  GPIO_setInterruptConfig          
2000dfc9  PRCMLPDSRestoreInfoSet           
2000e0ad  ClockP_sysTickHandler            
2000e0f5  PRCMIntEnable                    
2000e13d  PRCMPeripheralStatusGet          
2000e185  PinConfigGet                     
2000e1cd  PRCMLPDSEnterKeepDebugIf         
2000e213  GPIODirModeSet                   
2000e257  clkFxn                           
2000e259  GPIO_disableInt                  
2000e29d  GPIO_enableInt                   
2000e2e1  Power_releaseConstraint          
2000e325  Timer_start                      
2000e3ad  PinModeSet                       
2000e3ef  TimerControlStall                
2000e431  Timer_close                      
2000e4b5  SemaphoreP_post                  
2000e4f5  Timer_stop                       
2000e535  PinDirModeSet                    
2000e575  ClockP_stop                      
2000e5b1  initTimer                        
2000e5ed  TimerSupport_timerEnable         
2000e629  ClockP_destruct                  
2000e661  Power_setConstraint              
2000e699  SwiP_restore                     
2000e6d1  setMorseLEDs                     
2000e709  __TI_auto_init_nobinit_nopinit   
2000e741  PinLock                          
2000e7ad  ClockP_start                     
2000e7e1  PinDirModeGet                    
2000e815  PinModeGet                       
2000e849  PowerCC32XX_parkPin              
2000e87d  TimerCC32XX_freeTimerResource    
2000e8b1  initVectors                      
2000e8e5  ClockP_getTicksUntilInterrupt    
2000e915  PRCMLPDSIntervalSet              
2000e945  PRCMSlowClkCtrFastGet            
2000e975  TimerLoadSet                     
2000e9a5  TimerPrescaleSet                 
2000ea05  GPIOIntStatus                    
2000ea35  gpioButtonFxn1                   
2000ea61  HwiP_create                      
2000ea8b  PRCMLPDSWakeUpGPIOSelect         
2000eab5  PRCMPeripheralClkDisable         
2000eadf  List_remove                      
2000eb07  PRCMSRAMRetentionEnable          
2000eb2f  TimerSupport_timerDisable        
2000eb81  IntUnregister                    
2000eba5  List_put                         
2000ebc9  PRCMLPDSWakeupSourceEnable       
2000ebed  PowerCC32XX_restoreParkedPin     
2000ec11  Power_registerNotify             
2000ec35  gpioButtonFxn0                   
2000ec59  _c_int00_noargs                  
2000ec7d  GPIOPinWrite                     
2000ec9f  PinUnlock                        
2000ecc1  IntRegister                      
2000ece1  Power_unregisterNotify           
2000ed01  SemaphoreP_constructBinary       
2000ed21  SemaphoreP_createBinary          
2000ed41  TimerDisable                     
2000ed61  GPIO_setCallback                 
2000ed7d  HwiP_dispatch                    
2000ed99  SwiP_disable                     
2000eded  resetISR                         
2000ee09  GPIOIntDisable                   
2000ee23  PRCMHIBRegRead                   
2000ee3d  PRCMHIBRegWrite                  
2000ee57  PRCMLPDSWakeupSourceDisable      
2000ee71  PinToPadGet                      
2000ee8b  TimerEnable                      
2000eea5  GPIOIntEnable                    
2000eebd  SemaphoreP_create                
2000eed5  Board_init                       
2000eeeb  SysTickPeriodSet                 
2000ef01  TimerIntDisable                  
2000ef17  CPUcpsid                         
2000ef2b  CPUcpsie                         
2000ef3f  HwiP_destruct                    
2000ef53  IntVTableBaseSet                 
2000ef69  Power_disablePolicy              
2000ef7d  Power_getTransitionLatency       
2000ef91  Power_idleFunc                   
2000efa5  TimerIntEnable                   
2000efb9  __aeabi_uldivmod                 
2000efcd  ClockP_add                       
2000efdf  GPIOIntClear                     
2000eff1  HwiP_Params_init                 
2000f003  HwiP_delete                      
2000f015  SysTickEnable                    
2000f027  SysTickIntDisable                
2000f039  SysTickIntEnable                 
2000f04b  TI_memcpy_small                  
2000f05d  __TI_zero_init_nomemset          
2000f071  ClockP_getCpuFreq                
2000f081  ClockP_getSystemTicks            
2000f091  ClockP_setTicks                  
2000f0a1  HwiP_inISR                       
2000f0b1  Power_enablePolicy               
2000f0c1  TimerIntClear                    
2000f0d1  Timer_Params_init                
2000f0e1  main                             
2000f0f1  __TI_decompress_none             
2000f0ff  CPUwfi                           
2000f10b  PRCMLPDSWakeupCauseGet           
2000f119  Power_getConstraintMask          
2000f131  ClockP_isActive                  
2000f13b  IntMasterDisable                 
2000f145  IntMasterEnable                  
2000f14f  HwiP_disable                     
2000f157  HwiP_restore                     
2000f15f  PRCMSleepEnter                   
2000f167  UtilsDelay                       
2000f16f  malloc                           
2000f177  ClockP_doTick                    
2000f17b  HwiP_clearInterrupt              
2000f17f  HwiP_enable                      
2000f183  HwiP_post                        
2000f18b  NoRTOS_start                     
2000f18f  SemaphoreP_delete                
2000f195  __aeabi_memcpy                   
2000f195  __aeabi_memcpy4                  
2000f195  __aeabi_memcpy8                  
2000f199  _system_pre_init                 
2000f19c  C$$EXIT                          
2000f19d  abort                            
2000f4ac  PowerCC32XX_module               
2000f618  parkInfo                         
2000f710  gpioPinConfigs                   
2000f7e0  messageCounter                   
2000f7e4  blinkingActive                   
2000f7e8  okMessage                        
2000f807  sosMessage                       
2000f848  SemaphoreP_defaultParams         
2000f854  ClockP_tickPeriod                
2000f858  HwiP_swiPIntNum                  
2000f85c  _lock                            
2000f860  _unlock                          
2000fae8  PowerCC32XX_config               
2000fb75  GPIO_pinUpperBound               
2000fb76  Timer_count                      
2000fbd8  GPIO_config                      
2000fbe8  timerCC32XXHWAttrs               
2000fc28  Timer_config                     
2000fc30  PowerCC32XX_contextSave          
2000fd5c  gpioCallbackFunctions            
2000fde0  gpioUserArgs                     
2000fe64  timerCC32XXObjects               
2000fee8  ClockP_ctrl                      
2000ff04  BUTTON_STATE                     
2000ff05  CURRENT_MESSAGE                  
2000ff06  LED_STATE                        
2000ff08  __TI_static_base__               
2000fffc  __TI_Handler_Table_Base          
20010008  __TI_Handler_Table_Limit         
20010010  __TI_CINIT_Base                  
20010020  __TI_CINIT_Limit                 
20010020  __TI_CINIT_Warm                  
ffffffff  __TI_pprof_out_hndl              
ffffffff  __TI_prof_data_size              
ffffffff  __TI_prof_data_start             
ffffffff  __binit__                        
ffffffff  binit                            
UNDEFED   ITM_flush                        
UNDEFED   ITM_restore                      
UNDEFED   __mpu_init                       
UNDEFED   _system_post_cinit               

[234 symbols]
