******************************************************************************
            TI ARM Clang Linker PC v3.2.2                      
******************************************************************************
>> Linked Mon Oct 28 11:39:44 2024

OUTPUT FILE NAME:   <pwmled2_CC3220S_LAUNCHXL_nortos_ticlang.out>
ENTRY POINT SYMBOL: "resetISR"  address: 2000ef3d


MEMORY CONFIGURATION

         name            origin    length      used     unused   attr    fill
----------------------  --------  ---------  --------  --------  ----  --------
  SRAM2                 20000000   00004000  0000130c  00002cf4  RW X
  SRAM                  20004000   0003c000  0000c0cd  0002ff33  RW X
  LOG_DATA              90000000   00040000  00000000  00040000  R   
  LOG_PTR               94000008   00040000  00000000  00040000  R   


SEGMENT ALLOCATION MAP

run origin  load origin   length   init length attrs members
----------  ----------- ---------- ----------- ----- -------
20003000    20003000    00001000   00000000    rw-
  20003000    20003000    00001000   00000000    rw- .stack
20004000    20004000    00000040   00000040    r--
  20004000    20004000    00000040   00000040    r-- .resetVecs
20004040    20004040    00008000   00000000    rw-
  20004040    20004040    00008000   00000000    rw- .sysmem
2000c040    2000c040    0000329c   0000329c    r-x
  2000c040    2000c040    0000329c   0000329c    r-x .text
2000f2e0    2000f2e0    00000681   00000000    rw-
  2000f2e0    2000f2e0    00000681   00000000    rw- .data
2000f964    2000f964    000003f0   000003f0    r--
  2000f964    2000f964    000003f0   000003f0    r-- .rodata
2000fd58    2000fd58    00000298   00000000    rw-
  2000fd58    2000fd58    00000298   00000000    rw- .bss
2000fff0    2000fff0    000000e8   000000e8    r--
  2000fff0    2000fff0    000000e8   000000e8    r-- .cinit


SECTION ALLOCATION MAP

 output                                  attributes/
section   page    origin      length       input sections
--------  ----  ----------  ----------   ----------------
.text      0    2000c040    0000329c     
                  2000c040    000004b8     driverlib.a : prcm.obj (.text.PRCMCC3200MCUInit)
                  2000c4f8    000003e4     drivers_cc32xx.a : PowerCC32XX.c.obj (.text.Power_sleep)
                  2000c8dc    00000150     nortos_cc32xx.a : PowerCC32XX_nortos.c.obj (.text.PowerCC32XX_sleepPolicy)
                  2000ca2c    00000140     drivers_cc32xx.a : GPIOCC32XX.c.obj (.text.GPIO_setConfig)
                  2000cb6c    00000120     libc.a : memory.c.obj (.text.aligned_alloc)
                  2000cc8c    000000f0            : memory.c.obj (.text.free)
                  2000cd7c    000000e4     drivers_cc32xx.a : PWMTimerCC32XX.c.obj (.text.PWMTimerCC32XX_open)
                  2000ce60    000000dc                      : PWMTimerCC32XX.c.obj (.text.PWMTimerCC32XX_setDutyAndPeriod)
                  2000cf3c    000000c8     driverlib.a : interrupt.obj (.text.IntEnable)
                  2000d004    000000b0     libclang_rt.builtins.a : udivmoddi4.S.obj (.text)
                  2000d0b4    000000ac     driverlib.a : gpio.obj (.text.GPIOIntTypeSet)
                  2000d160    000000a8     drivers_cc32xx.a : PWMTimerCC32XX.c.obj (.text.PWMTimerCC32XX_stop)
                  2000d208    000000a4     driverlib.a : interrupt.obj (.text.IntPendSet)
                  2000d2ac    000000a2                 : pin.obj (.text.PinConfigSet)
                  2000d34e    00000002     ti_drivers_config.o (.text.Board_initHook)
                  2000d350    000000a0     drivers_cc32xx.a : PWMTimerCC32XX.c.obj (.text.PWMTimerCC32XX_setDuty)
                  2000d3f0    00000098     nortos_cc32xx.a : SemaphoreP_nortos.c.obj (.text.SemaphoreP_pend)
                  2000d488    00000008                     : HwiPCC32XX_nortos.c.obj (.text.HwiP_disable)
                  2000d490    00000096     drivers_cc32xx.a : PowerCC32XX_ticlang.asm.obj (.text)
                  2000d526    00000002                      : PWMTimerCC32XX.c.obj (.text.PWMTimerCC32XX_init)
                  2000d528    00000090                      : GPIOCC32XX.c.obj (.text.GPIO_init)
                  2000d5b8    0000008e     driverlib.a : prcm.obj (.text.PRCMSysResetCauseGet)
                  2000d646    00000002     nortos_cc32xx.a : PowerCC32XX_nortos.c.obj (.text.PowerCC32XX_initPolicy)
                  2000d648    00000088     drivers_cc32xx.a : PowerCC32XX.c.obj (.text.PowerCC32XX_configureWakeup)
                  2000d6d0    00000084                      : PWMTimerCC32XX.c.obj (.text.PWMTimerCC32XX_close)
                  2000d754    00000084                      : PWMTimerCC32XX.c.obj (.text.PWMTimerCC32XX_setPeriod)
                  2000d7d8    00000084                      : PWMTimerCC32XX.c.obj (.text.initHw)
                  2000d85c    00000080     pwmled2.o (.text.mainThread)
                  2000d8dc    00000078     drivers_cc32xx.a : PowerCC32XX.c.obj (.text.Power_init)
                  2000d954    00000074     nortos_cc32xx.a : HwiPCC32XX_nortos.c.obj (.text.HwiP_construct)
                  2000d9c8    00000074     driverlib.a : prcm.obj (.text.PRCMHibernateWakeUpGPIOSelect)
                  2000da3c    00000070     libc.a : copy_decompress_lzss.c.obj (.text:decompress:lzss)
                  2000daac    0000006c     driverlib.a : pin.obj (.text.PinLockLevelSet)
                  2000db18    0000006c     drivers_cc32xx.a : PowerCC32XX.c.obj (.text.Power_setDependency)
                  2000db84    0000006c                      : GPIOCC32XX.c.obj (.text.powerNotifyFxn)
                  2000dbf0    0000006c     libc.a : memory.c.obj (.text.split)
                  2000dc5c    0000006a     driverlib.a : prcm.obj (.text.PRCMPeripheralReset)
                  2000dcc6    0000005c                 : flash.obj (.text.FlashDisable)
                  2000dd22    0000005c                 : prcm.obj (.text.PRCMHibernateWakeupSourceDisable)
                  2000dd7e    00000002     nortos_cc32xx.a : SemaphoreP_nortos.c.obj (.text.SemaphoreP_destruct)
                  2000dd80    0000005c     drivers_cc32xx.a : TimerCC32XX.c.obj (.text.TimerCC32XX_allocateTimerResource)
                  2000dddc    0000005a     driverlib.a : prcm.obj (.text.PRCMPeripheralClkEnable)
                  2000de36    00000002     libclang_rt.builtins.a : aeabi_div0.c.obj (.text.__aeabi_ldiv0)
                  2000de38    00000058     nortos_cc32xx.a : ClockPSysTick_nortos.c.obj (.text.ClockP_startup)
                  2000de90    00000058     driverlib.a : interrupt.obj (.text.IntPrioritySet)
                  2000dee8    00000058     drivers_cc32xx.a : PWMTimerCC32XX.c.obj (.text.PWMTimerCC32XX_start)
                  2000df40    00000056     driverlib.a : prcm.obj (.text.PRCMLPDSEnter)
                  2000df96    00000002     libc.a : _lock.c.obj (.text._nop)
                  2000df98    00000054     drivers_cc32xx.a : PowerCC32XX.c.obj (.text.PowerCC32XX_setParkState)
                  2000dfec    00000054                      : PowerCC32XX.c.obj (.text.Power_releaseDependency)
                  2000e040    00000050                      : GPIOCC32XX.c.obj (.text.GPIO_hwiIntFxn)
                  2000e090    00000050     driverlib.a : prcm.obj (.text.PRCMHibernateWakeupSourceEnable)
                  2000e0e0    00000050     nortos_cc32xx.a : SemaphoreP_nortos.c.obj (.text.SemaphoreP_construct)
                  2000e130    0000004c     drivers_cc32xx.a : GPIOCC32XX.c.obj (.text.GPIO_setInterruptConfig)
                  2000e17c    0000004c     driverlib.a : prcm.obj (.text.PRCMLPDSRestoreInfoSet)
                  2000e1c8    00000048     nortos_cc32xx.a : ClockPSysTick_nortos.c.obj (.text.ClockP_sysTickHandler)
                  2000e210    00000048     driverlib.a : prcm.obj (.text.PRCMIntEnable)
                  2000e258    00000048                 : prcm.obj (.text.PRCMPeripheralStatusGet)
                  2000e2a0    00000048                 : pin.obj (.text.PinConfigGet)
                  2000e2e8    00000048     drivers_cc32xx.a : PWMTimerCC32XX.c.obj (.text.getDutyCounts)
                  2000e330    00000048                      : PWMTimerCC32XX.c.obj (.text.getPowerMgrId)
                  2000e378    00000048     nortos_cc32xx.a : ClockPSysTick_nortos.c.obj (.text.getTimeUsec)
                  2000e3c0    00000046     driverlib.a : prcm.obj (.text.PRCMLPDSEnterKeepDebugIf)
                  2000e406    00000044                 : gpio.obj (.text.GPIODirModeSet)
                  2000e44a    00000002     nortos_cc32xx.a : startup_cc32xx_ticlang.c.obj (.text.busFaultHandler)
                  2000e44c    00000044     drivers_cc32xx.a : GPIOCC32XX.c.obj (.text.GPIO_disableInt)
                  2000e490    00000044                      : GPIOCC32XX.c.obj (.text.GPIO_enableInt)
                  2000e4d4    00000044                      : PWM.c.obj (.text.PWM_init)
                  2000e518    00000044                      : PowerCC32XX.c.obj (.text.Power_releaseConstraint)
                  2000e55c    00000044     nortos_cc32xx.a : ClockPSysTick_nortos.c.obj (.text.addToList)
                  2000e5a0    00000044     drivers_cc32xx.a : PWMTimerCC32XX.c.obj (.text.getPeriodCounts)
                  2000e5e4    00000042     driverlib.a : pin.obj (.text.PinModeSet)
                  2000e626    00000042                 : timer.obj (.text.TimerControlLevel)
                  2000e668    00000042     nortos_cc32xx.a : PowerCC32XX_nortos.c.obj (.text.getCountsRTC)
                  2000e6aa    00000002                     : SemaphoreP_nortos.c.obj (.text.clkFxn)
                  2000e6ac    00000040     drivers_cc32xx.a : PWM.c.obj (.text.PWM_open)
                  2000e6ec    00000040     nortos_cc32xx.a : SemaphoreP_nortos.c.obj (.text.SemaphoreP_post)
                  2000e72c    0000003e     driverlib.a : pin.obj (.text.PinDirModeSet)
                  2000e76a    00000002     nortos_cc32xx.a : startup_cc32xx_ticlang.c.obj (.text.defaultHandler)
                  2000e76c    0000003c                     : ClockPSysTick_nortos.c.obj (.text.ClockP_stop)
                  2000e7a8    0000003c     driverlib.a : pin.obj (.text.PinTypeGPIO)
                  2000e7e4    00000038     nortos_cc32xx.a : ClockPSysTick_nortos.c.obj (.text.ClockP_destruct)
                  2000e81c    00000038     drivers_cc32xx.a : PowerCC32XX.c.obj (.text.Power_setConstraint)
                  2000e854    00000038     nortos_cc32xx.a : SwiP_nortos.c.obj (.text.SwiP_restore)
                  2000e88c    00000038     libc.a : autoinit.c.obj (.text:__TI_auto_init_nobinit_nopinit)
                  2000e8c4    00000036     driverlib.a : pin.obj (.text.PinLock)
                  2000e8fa    00000002     nortos_cc32xx.a : startup_cc32xx_ticlang.c.obj (.text.faultISR)
                  2000e8fc    00000034                     : ClockPSysTick_nortos.c.obj (.text.ClockP_start)
                  2000e930    00000034                     : ClockPSysTick_nortos.c.obj (.text.ClockP_usleep)
                  2000e964    00000034     driverlib.a : pin.obj (.text.PinDirModeGet)
                  2000e998    00000034                 : pin.obj (.text.PinModeGet)
                  2000e9cc    00000034     drivers_cc32xx.a : PowerCC32XX.c.obj (.text.PowerCC32XX_parkPin)
                  2000ea00    00000034                      : TimerCC32XX.c.obj (.text.TimerCC32XX_freeTimerResource)
                  2000ea34    00000034     nortos_cc32xx.a : startup_cc32xx_ticlang.c.obj (.text.initVectors)
                  2000ea68    00000030                     : ClockPSysTick_nortos.c.obj (.text.ClockP_getTicksUntilInterrupt)
                  2000ea98    00000030     driverlib.a : prcm.obj (.text.PRCMLPDSIntervalSet)
                  2000eac8    00000030                 : prcm.obj (.text.PRCMSlowClkCtrFastGet)
                  2000eaf8    00000030                 : timer.obj (.text.TimerLoadSet)
                  2000eb28    00000030                 : timer.obj (.text.TimerMatchSet)
                  2000eb58    00000030                 : timer.obj (.text.TimerPrescaleMatchSet)
                  2000eb88    00000030                 : timer.obj (.text.TimerPrescaleSet)
                  2000ebb8    00000030     drivers_cc32xx.a : PowerCC32XX.c.obj (.text.notify)
                  2000ebe8    0000002e     driverlib.a : gpio.obj (.text.GPIOIntStatus)
                  2000ec16    0000002a     nortos_cc32xx.a : HwiPCC32XX_nortos.c.obj (.text.HwiP_create)
                  2000ec40    0000002a     driverlib.a : prcm.obj (.text.PRCMLPDSWakeUpGPIOSelect)
                  2000ec6a    0000002a                 : prcm.obj (.text.PRCMPeripheralClkDisable)
                  2000ec94    00000028     drivers_cc32xx.a : List.c.obj (.text.List_remove)
                  2000ecbc    00000028     driverlib.a : prcm.obj (.text.PRCMSRAMRetentionEnable)
                  2000ece4    00000028     libc.a : memory.c.obj (.text.free_list_insert)
                  2000ed0c    00000028     nortos_cc32xx.a : ClockPSysTick_nortos.c.obj (.text.sleepTicks)
                  2000ed34    00000024     drivers_cc32xx.a : List.c.obj (.text.List_put)
                  2000ed58    00000024     driverlib.a : prcm.obj (.text.PRCMLPDSWakeupSourceEnable)
                  2000ed7c    00000024     drivers_cc32xx.a : PowerCC32XX.c.obj (.text.PowerCC32XX_restoreParkedPin)
                  2000eda0    00000024                      : PowerCC32XX.c.obj (.text.Power_registerNotify)
                  2000edc4    00000024     libc.a : boot_cortex_m.c.obj (.text:_c_int00_noargs)
                  2000ede8    00000022     driverlib.a : gpio.obj (.text.GPIOPinWrite)
                  2000ee0a    00000022                 : pin.obj (.text.PinUnlock)
                  2000ee2c    00000020                 : interrupt.obj (.text.IntRegister)
                  2000ee4c    00000020     drivers_cc32xx.a : PowerCC32XX.c.obj (.text.Power_unregisterNotify)
                  2000ee6c    00000020     nortos_cc32xx.a : SemaphoreP_nortos.c.obj (.text.SemaphoreP_createBinary)
                  2000ee8c    00000020     driverlib.a : timer.obj (.text.TimerDisable)
                  2000eeac    0000001e                 : pin.obj (.text.PinTypeTimer)
                  2000eeca    00000002     nortos_cc32xx.a : startup_cc32xx_ticlang.c.obj (.text.nmiISR)
                  2000eecc    0000001c                     : HwiPCC32XX_nortos.c.obj (.text.HwiP_dispatch)
                  2000eee8    0000001c                     : SwiP_nortos.c.obj (.text.SwiP_disable)
                  2000ef04    0000001c     libc.a : memory.c.obj (.text.free_list_remove)
                  2000ef20    0000001c     drivers_cc32xx.a : TimerCC32XX.c.obj (.text.getPowerMgrId)
                  2000ef3c    0000001c     nortos_cc32xx.a : startup_cc32xx_ticlang.c.obj (.text.resetISR)
                  2000ef58    0000001a     driverlib.a : gpio.obj (.text.GPIOIntDisable)
                  2000ef72    0000001a                 : prcm.obj (.text.PRCMHIBRegRead)
                  2000ef8c    0000001a                 : prcm.obj (.text.PRCMHIBRegWrite)
                  2000efa6    0000001a                 : prcm.obj (.text.PRCMLPDSWakeupSourceDisable)
                  2000efc0    0000001a                 : pin.obj (.text.PinToPadGet)
                  2000efda    0000001a                 : timer.obj (.text.TimerEnable)
                  2000eff4    00000018                 : gpio.obj (.text.GPIOIntEnable)
                  2000f00c    00000018     nortos_cc32xx.a : SemaphoreP_nortos.c.obj (.text.SemaphoreP_create)
                  2000f024    00000016     ti_drivers_config.o (.text.Board_init)
                  2000f03a    00000016     driverlib.a : systick.obj (.text.SysTickPeriodSet)
                  2000f050    00000014                 : cpu.obj (.text.CPUcpsid)
                  2000f064    00000014                 : cpu.obj (.text.CPUcpsie)
                  2000f078    00000014                 : interrupt.obj (.text.IntVTableBaseSet)
                  2000f08c    00000014     drivers_cc32xx.a : PowerCC32XX.c.obj (.text.Power_disablePolicy)
                  2000f0a0    00000014                      : PowerCC32XX.c.obj (.text.Power_getTransitionLatency)
                  2000f0b4    00000014                      : PowerCC32XX.c.obj (.text.Power_idleFunc)
                  2000f0c8    00000014     libclang_rt.builtins.a : aeabi_uldivmod.S.obj (.text.__aeabi_uldivmod)
                  2000f0dc    00000012     nortos_cc32xx.a : ClockPSysTick_nortos.c.obj (.text.ClockP_add)
                  2000f0ee    00000012     driverlib.a : gpio.obj (.text.GPIOIntClear)
                  2000f100    00000012     nortos_cc32xx.a : HwiPCC32XX_nortos.c.obj (.text.HwiP_Params_init)
                  2000f112    00000012     drivers_cc32xx.a : PWMTimerCC32XX.c.obj (.text.OUTLINED_FUNCTION_0)
                  2000f124    00000012     driverlib.a : systick.obj (.text.SysTickEnable)
                  2000f136    00000012                 : systick.obj (.text.SysTickIntDisable)
                  2000f148    00000012                 : systick.obj (.text.SysTickIntEnable)
                  2000f15a    00000012     drivers_cc32xx.a : PWMTimerCC32XX.c.obj (.text.postNotifyFxn)
                  2000f16c    00000012     libc.a : memcpy_t2.S.obj (.text:TI_memcpy_small)
                  2000f17e    00000012            : copy_zero_init.c.obj (.text:decompress:ZI:__TI_zero_init_nomemset)
                  2000f190    00000010     nortos_cc32xx.a : ClockPSysTick_nortos.c.obj (.text.ClockP_getCpuFreq)
                  2000f1a0    00000010                     : ClockPSysTick_nortos.c.obj (.text.ClockP_getSystemTicks)
                  2000f1b0    00000010                     : ClockPSysTick_nortos.c.obj (.text.ClockP_setTicks)
                  2000f1c0    00000010                     : HwiPCC32XX_nortos.c.obj (.text.HwiP_inISR)
                  2000f1d0    00000010     drivers_cc32xx.a : PWM.c.obj (.text.PWM_Params_init)
                  2000f1e0    00000010                      : PowerCC32XX.c.obj (.text.Power_enablePolicy)
                  2000f1f0    00000010     main_nortos.o (.text.main)
                  2000f200    0000000e     drivers_cc32xx.a : PWMTimerCC32XX.c.obj (.text.OUTLINED_FUNCTION_1)
                  2000f20e    0000000e                      : PWMTimerCC32XX.c.obj (.text.OUTLINED_FUNCTION_2)
                  2000f21c    0000000e                      : PWMTimerCC32XX.c.obj (.text.OUTLINED_FUNCTION_3)
                  2000f22a    0000000e     libc.a : copy_decompress_none.c.obj (.text:decompress:none)
                  2000f238    0000000c     driverlib.a : cpu.obj (.text.CPUwfi)
                  2000f244    0000000c                 : prcm.obj (.text.PRCMLPDSWakeupCauseGet)
                  2000f250    0000000c     drivers_cc32xx.a : PowerCC32XX.c.obj (.text.Power_getConstraintMask)
                  2000f25c    0000000c     driverlib.a : systick.obj (.text.SysTickValueGet)
                  2000f268    0000000a     nortos_cc32xx.a : ClockPSysTick_nortos.c.obj (.text.ClockP_isActive)
                  2000f272    0000000a     driverlib.a : interrupt.obj (.text.IntMasterDisable)
                  2000f27c    0000000a                 : interrupt.obj (.text.IntMasterEnable)
                  2000f286    00000008     nortos_cc32xx.a : HwiPCC32XX_nortos.c.obj (.text.HwiP_restore)
                  2000f28e    00000008     driverlib.a : prcm.obj (.text.PRCMSleepEnter)
                  2000f296    00000008                 : utils.obj (.text.UtilsDelay)
                  2000f29e    00000008     libc.a : memory.c.obj (.text.malloc)
                  2000f2a6    00000006     drivers_cc32xx.a : PWMTimerCC32XX.c.obj (.text.PWMTimerCC32XX_control)
                  2000f2ac    00000006                      : PWM.c.obj (.text.PWM_setDuty)
                  2000f2b2    00000006                      : PWM.c.obj (.text.PWM_start)
                  2000f2b8    00000004     nortos_cc32xx.a : ClockPSysTick_nortos.c.obj (.text.ClockP_doTick)
                  2000f2bc    00000004                     : HwiPCC32XX_nortos.c.obj (.text.HwiP_enable)
                  2000f2c0    00000004                     : HwiPCC32XX_nortos.c.obj (.text.HwiP_post)
                  2000f2c4    00000004                     : NoRTOS.c.obj (.text.NoRTOS_start)
                  2000f2c8    00000004                     : SemaphoreP_nortos.c.obj (.text.SemaphoreP_delete)
                  2000f2cc    00000004     libclang_rt.builtins.a : aeabi_memcpy.S.obj (.text.__aeabi_memcpy)
                  2000f2d0    00000004     libc.a : pre_init.c.obj (.text._system_pre_init)
                  2000f2d4    00000004     nortos_cc32xx.a : posix_sleep.c.obj (.text.usleep)
                  2000f2d8    00000004     libc.a : exit.c.obj (.text:abort)

.ramVecs   0    20000000    0000030c     NOLOAD SECTION
                  20000000    0000030c     nortos_cc32xx.a : startup_cc32xx_ticlang.c.obj (.ramVecs)

.stack     0    20003000    00001000     UNINITIALIZED
                  20003000    00000004     libc.a : boot_cortex_m.c.obj (.stack)
                  20003004    00000ffc     --HOLE--

.resetVecs 
*          0    20004000    00000040     
                  20004000    00000040     nortos_cc32xx.a : startup_cc32xx_ticlang.c.obj (.resetVecs)

.sysmem    0    20004040    00008000     UNINITIALIZED
                  20004040    00000010     libc.a : memory.c.obj (.sysmem)
                  20004050    00007ff0     --HOLE--

.rodata    0    2000f964    000003f0     
                  2000f964    00000100     driverlib.a : pin.obj (.rodata.g_ulPinToPadMap)
                  2000fa64    000000d4                 : interrupt.obj (.rodata.g_pulRegs)
                  2000fb38    000000a8                 : prcm.obj (.rodata.PRCM_PeriphRegsList)
                  2000fbe0    00000044     ti_drivers_config.o (.rodata.PowerCC32XX_config)
                  2000fc24    00000028     drivers_cc32xx.a : GPIOCC32XX.c.obj (.rodata.portConfigs)
                  2000fc4c    00000024                      : PWMTimerCC32XX.c.obj (.rodata.PWMTimerCC32XX_fxnTable)
                  2000fc70    00000021                      : GPIOCC32XX.c.obj (.rodata.pinTable)
                  2000fc91    00000001     ti_drivers_config.o (.rodata.GPIO_pinUpperBound)
                  2000fc92    00000001     ti_drivers_config.o (.rodata.PWM_count)
                  2000fc93    00000001     --HOLE-- [fill = 0]
                  2000fc94    00000020     drivers_cc32xx.a : PWMTimerCC32XX.c.obj (.rodata.cst16)
                  2000fcb4    00000020                      : PWMTimerCC32XX.c.obj (.rodata.cst32)
                  2000fcd4    00000018     ti_drivers_config.o (.rodata.PWM_config)
                  2000fcec    00000018     drivers_cc32xx.a : PWM.c.obj (.rodata.PWM_defaultParams)
                  2000fd04    00000018     driverlib.a : interrupt.obj (.rodata.g_pulEnRegs)
                  2000fd1c    00000018                 : interrupt.obj (.rodata.g_pulPendRegs)
                  2000fd34    00000010     ti_drivers_config.o (.rodata.GPIO_config)
                  2000fd44    00000008     drivers_cc32xx.a : PWMTimerCC32XX.c.obj (.rodata.cst8)
                  2000fd4c    00000008     ti_drivers_config.o (.rodata.pwmTimerCC32XXHWAttrs)

.cinit     0    2000fff0    000000e8     
                  2000fff0    000000c4     (.cinit..data.load) [load image, compression = lzss]
                  200100b4    0000000c     (__TI_handler_table)
                  200100c0    00000008     (.cinit..bss.load) [load image, compression = zero_init]
                  200100c8    00000010     (__TI_cinit_table)

.init_array 
*          0    20004000    00000000     UNINITIALIZED

.data      0    2000f2e0    00000681     UNINITIALIZED
                  2000f2e0    0000030c     nortos_cc32xx.a : HwiPCC32XX_nortos.c.obj (.data.HwiP_dispatchTable)
                  2000f5ec    0000016c     drivers_cc32xx.a : PowerCC32XX.c.obj (.data.PowerCC32XX_module)
                  2000f758    000000f8     ti_drivers_config.o (.data.parkInfo)
                  2000f850    00000084     ti_drivers_config.o (.data.gpioPinConfigs)
                  2000f8d4    0000004c     nortos_cc32xx.a : SwiP_nortos.c.obj (.data..L_MergedGlobals)
                  2000f920    00000018     drivers_cc32xx.a : GPIOCC32XX.c.obj (.data..L_MergedGlobals)
                  2000f938    00000010     nortos_cc32xx.a : SemaphoreP_nortos.c.obj (.data..L_MergedGlobals)
                  2000f948    00000008                     : ClockPSysTick_nortos.c.obj (.data..L_MergedGlobals)
                  2000f950    00000004                     : HwiPCC32XX_nortos.c.obj (.data.HwiP_swiPIntNum)
                  2000f954    00000004     libc.a : _lock.c.obj (.data._lock)
                  2000f958    00000004            : _lock.c.obj (.data._unlock)
                  2000f95c    00000001     drivers_cc32xx.a : GPIOCC32XX.c.obj (.data.initCalled)
                  2000f95d    00000001                      : PWM.c.obj (.data.isInitialized)
                  2000f95e    00000001                      : GPIOCC32XX.c.obj (.data.portHwiCreatedBitMask)
                  2000f95f    00000001     --HOLE--
                  2000f960    00000001     libc.a : memory.c.obj (.data.memory_is_initialized)

.bss       0    2000fd58    00000298     UNINITIALIZED
                  2000fd58    0000012c     (.common:PowerCC32XX_contextSave)
                  2000fe84    00000084     (.common:gpioCallbackFunctions)
                  2000ff08    00000084     (.common:gpioUserArgs)
                  2000ff8c    00000048     (.common:pwmTimerCC32XXObjects)
                  2000ffd4    00000004     nortos_cc32xx.a : ClockPSysTick_nortos.c.obj (.bss.sysTickPeriod)
                  2000ffd8    00000010     (.common:ClockP_ctrl)
                  2000ffe8    00000004     libc.a : memory.c.obj (.bss.sys_free)
                  2000ffec    00000004     drivers_cc32xx.a : TimerCC32XX.c.obj (.bss.timerState.0)

.log_data 
*          0    90000000    00000000     COPY SECTION

.log_ptr   0    94000008    00000000     COPY SECTION

__llvm_prf_cnts 
*          0    20004000    00000000     UNINITIALIZED

__llvm_prf_bits 
*          0    20004000    00000000     UNINITIALIZED

MODULE SUMMARY

       Module                         code    ro data   rw data
       ------                         ----    -------   -------
    .\
       pwmled2.o                      128     0         0      
       main_nortos.o                  16      0         0      
    +--+------------------------------+-------+---------+---------+
       Total:                         144     0         0      
                                                               
    .\syscfg\
       ti_drivers_config.o            24      118       716    
    +--+------------------------------+-------+---------+---------+
       Total:                         24      118       716    
                                                               
    C:/ti/simplelink_cc32xx_sdk_7_10_00_13/kernel/nortos/lib/ticlang/m4/nortos_cc32xx.a
       HwiPCC32XX_nortos.c.obj        244     0         784    
       startup_cc32xx_ticlang.c.obj   88      64        780    
       ClockPSysTick_nortos.c.obj     688     0         28     
       PowerCC32XX_nortos.c.obj       404     0         0      
       SemaphoreP_nortos.c.obj        360     0         16     
       SwiP_nortos.c.obj              84      0         76     
       NoRTOS.c.obj                   4       0         0      
       posix_sleep.c.obj              4       0         0      
    +--+------------------------------+-------+---------+---------+
       Total:                         1876    64        1684   
                                                               
    C:/ti/simplelink_cc32xx_sdk_7_10_00_13/source/ti/devices/cc32xx/driverlib/ticlang/Release/driverlib.a
       prcm.obj                       2564    168       0      
       pin.obj                        778     256       0      
       interrupt.obj                  524     260       0      
       gpio.obj                       388     0         0      
       timer.obj                      316     0         0      
       flash.obj                      92      0         0      
       systick.obj                    88      0         0      
       cpu.obj                        52      0         0      
       utils.obj                      8       0         0      
    +--+------------------------------+-------+---------+---------+
       Total:                         4810    684       0      
                                                               
    C:/ti/simplelink_cc32xx_sdk_7_10_00_13/source/ti/drivers/lib/ticlang/m4/drivers_cc32xx.a
       PowerCC32XX.c.obj              1944    0         664    
       PWMTimerCC32XX.c.obj           1558    108       0      
       GPIOCC32XX.c.obj               864     73        26     
       PWM.c.obj                      160     24        1      
       TimerCC32XX.c.obj              172     0         4      
       PowerCC32XX_ticlang.asm.obj    150     0         0      
       List.c.obj                     76      0         0      
    +--+------------------------------+-------+---------+---------+
       Total:                         4924    205       695    
                                                               
    C:\ti\ccs1281\ccs\tools\compiler\ti-cgt-armllvm_3.2.2.LTS\lib\armv7em-ti-none-eabi/c/libc.a
       memory.c.obj                   712     0         5      
       copy_decompress_lzss.c.obj     112     0         0      
       autoinit.c.obj                 56      0         0      
       boot_cortex_m.c.obj            36      0         0      
       copy_zero_init.c.obj           18      0         0      
       memcpy_t2.S.obj                18      0         0      
       copy_decompress_none.c.obj     14      0         0      
       _lock.c.obj                    2       0         8      
       exit.c.obj                     4       0         0      
       pre_init.c.obj                 4       0         0      
    +--+------------------------------+-------+---------+---------+
       Total:                         976     0         13     
                                                               
    C:\ti\ccs1281\ccs\tools\compiler\ti-cgt-armllvm_3.2.2.LTS\lib\clang/15.0.7/lib/armv7em-ti-none-eabi/libclang_rt.builtins.a
       udivmoddi4.S.obj               176     0         0      
       aeabi_uldivmod.S.obj           20      0         0      
       aeabi_memcpy.S.obj             4       0         0      
       aeabi_div0.c.obj               2       0         0      
    +--+------------------------------+-------+---------+---------+
       Total:                         202     0         0      
                                                               
       Heap:                          0       0         32768  
       Stack:                         0       0         4096   
       Linker Generated:              0       232       0      
    +--+------------------------------+-------+---------+---------+
       Grand Total:                   12956   1303      39972  


LINKER GENERATED COPY TABLES

__TI_cinit_table @ 200100c8 records: 2, size/record: 8, table size: 16
	.data: load addr=2000fff0, load size=000000c4 bytes, run addr=2000f2e0, run size=00000681 bytes, compression=lzss
	.bss: load addr=200100c0, load size=00000008 bytes, run addr=2000fd58, run size=00000298 bytes, compression=zero_init


LINKER GENERATED HANDLER TABLE

__TI_handler_table @ 200100b4 records: 3, size/record: 4, table size: 12
	index: 0, handler: __TI_decompress_lzss
	index: 1, handler: __TI_decompress_none
	index: 2, handler: __TI_zero_init


GLOBAL SYMBOLS: SORTED ALPHABETICALLY BY Name 

address   name                             
-------   ----                             
2000f025  Board_init                       
2000d34f  Board_initHook                   
2000f2d8  C$$EXIT                          
2000f051  CPUcpsid                         
2000f065  CPUcpsie                         
2000f239  CPUwfi                           
2000f0dd  ClockP_add                       
2000ffd8  ClockP_ctrl                      
2000e7e5  ClockP_destruct                  
2000f2b9  ClockP_doTick                    
2000f191  ClockP_getCpuFreq                
2000f1a1  ClockP_getSystemTicks            
2000ea69  ClockP_getTicksUntilInterrupt    
2000f269  ClockP_isActive                  
2000f1b1  ClockP_setTicks                  
2000e8fd  ClockP_start                     
2000de39  ClockP_startup                   
2000e76d  ClockP_stop                      
2000e1c9  ClockP_sysTickHandler            
2000f94c  ClockP_tickPeriod                
2000e931  ClockP_usleep                    
2000dcc7  FlashDisable                     
2000e407  GPIODirModeSet                   
2000f0ef  GPIOIntClear                     
2000ef59  GPIOIntDisable                   
2000eff5  GPIOIntEnable                    
2000ebe9  GPIOIntStatus                    
2000d0b5  GPIOIntTypeSet                   
2000ede9  GPIOPinWrite                     
2000fd34  GPIO_config                      
2000e44d  GPIO_disableInt                  
2000e491  GPIO_enableInt                   
2000e041  GPIO_hwiIntFxn                   
2000d529  GPIO_init                        
2000fc91  GPIO_pinUpperBound               
2000ca2d  GPIO_setConfig                   
2000e131  GPIO_setInterruptConfig          
2000f101  HwiP_Params_init                 
2000d955  HwiP_construct                   
2000ec17  HwiP_create                      
2000d489  HwiP_disable                     
2000eecd  HwiP_dispatch                    
2000f2bd  HwiP_enable                      
2000f1c1  HwiP_inISR                       
2000f2c1  HwiP_post                        
2000f287  HwiP_restore                     
2000f950  HwiP_swiPIntNum                  
UNDEFED   ITM_flush                        
UNDEFED   ITM_restore                      
2000cf3d  IntEnable                        
2000f273  IntMasterDisable                 
2000f27d  IntMasterEnable                  
2000d209  IntPendSet                       
2000de91  IntPrioritySet                   
2000ee2d  IntRegister                      
2000f079  IntVTableBaseSet                 
2000ed35  List_put                         
2000ec95  List_remove                      
2000f2c5  NoRTOS_start                     
2000c041  PRCMCC3200MCUInit                
2000ef73  PRCMHIBRegRead                   
2000ef8d  PRCMHIBRegWrite                  
2000d9c9  PRCMHibernateWakeUpGPIOSelect    
2000dd23  PRCMHibernateWakeupSourceDisable 
2000e091  PRCMHibernateWakeupSourceEnable  
2000e211  PRCMIntEnable                    
2000df41  PRCMLPDSEnter                    
2000e3c1  PRCMLPDSEnterKeepDebugIf         
2000ea99  PRCMLPDSIntervalSet              
2000e17d  PRCMLPDSRestoreInfoSet           
2000ec41  PRCMLPDSWakeUpGPIOSelect         
2000f245  PRCMLPDSWakeupCauseGet           
2000efa7  PRCMLPDSWakeupSourceDisable      
2000ed59  PRCMLPDSWakeupSourceEnable       
2000ec6b  PRCMPeripheralClkDisable         
2000dddd  PRCMPeripheralClkEnable          
2000dc5d  PRCMPeripheralReset              
2000e259  PRCMPeripheralStatusGet          
2000ecbd  PRCMSRAMRetentionEnable          
2000f28f  PRCMSleepEnter                   
2000eac9  PRCMSlowClkCtrFastGet            
2000d5b9  PRCMSysResetCauseGet             
2000d6d1  PWMTimerCC32XX_close             
2000f2a7  PWMTimerCC32XX_control           
2000fc4c  PWMTimerCC32XX_fxnTable          
2000d527  PWMTimerCC32XX_init              
2000cd7d  PWMTimerCC32XX_open              
2000d351  PWMTimerCC32XX_setDuty           
2000ce61  PWMTimerCC32XX_setDutyAndPeriod  
2000d755  PWMTimerCC32XX_setPeriod         
2000dee9  PWMTimerCC32XX_start             
2000d161  PWMTimerCC32XX_stop              
2000f1d1  PWM_Params_init                  
2000fcd4  PWM_config                       
2000fc92  PWM_count                        
2000fcec  PWM_defaultParams                
2000e4d5  PWM_init                         
2000e6ad  PWM_open                         
2000f2ad  PWM_setDuty                      
2000f2b3  PWM_start                        
2000e2a1  PinConfigGet                     
2000d2ad  PinConfigSet                     
2000e965  PinDirModeGet                    
2000e72d  PinDirModeSet                    
2000e8c5  PinLock                          
2000daad  PinLockLevelSet                  
2000e999  PinModeGet                       
2000e5e5  PinModeSet                       
2000efc1  PinToPadGet                      
2000e7a9  PinTypeGPIO                      
2000eead  PinTypeTimer                     
2000ee0b  PinUnlock                        
2000fbe0  PowerCC32XX_config               
2000d649  PowerCC32XX_configureWakeup      
2000fd58  PowerCC32XX_contextSave          
2000d491  PowerCC32XX_enterLPDS            
2000d647  PowerCC32XX_initPolicy           
2000f5ec  PowerCC32XX_module               
2000e9cd  PowerCC32XX_parkPin              
2000ed7d  PowerCC32XX_restoreParkedPin     
2000d4d5  PowerCC32XX_resumeLPDS           
2000df99  PowerCC32XX_setParkState         
2000c8dd  PowerCC32XX_sleepPolicy          
2000f08d  Power_disablePolicy              
2000f1e1  Power_enablePolicy               
2000f251  Power_getConstraintMask          
2000f0a1  Power_getTransitionLatency       
2000f0b5  Power_idleFunc                   
2000d8dd  Power_init                       
2000eda1  Power_registerNotify             
2000e519  Power_releaseConstraint          
2000dfed  Power_releaseDependency          
2000e81d  Power_setConstraint              
2000db19  Power_setDependency              
2000c4f9  Power_sleep                      
2000ee4d  Power_unregisterNotify           
2000e0e1  SemaphoreP_construct             
2000f00d  SemaphoreP_create                
2000ee6d  SemaphoreP_createBinary          
2000f940  SemaphoreP_defaultParams         
2000f2c9  SemaphoreP_delete                
2000dd7f  SemaphoreP_destruct              
2000d3f1  SemaphoreP_pend                  
2000e6ed  SemaphoreP_post                  
2000eee9  SwiP_disable                     
2000e855  SwiP_restore                     
2000f125  SysTickEnable                    
2000f137  SysTickIntDisable                
2000f149  SysTickIntEnable                 
2000f03b  SysTickPeriodSet                 
2000f25d  SysTickValueGet                  
2000f16d  TI_memcpy_small                  
2000dd81  TimerCC32XX_allocateTimerResource
2000ea01  TimerCC32XX_freeTimerResource    
2000e627  TimerControlLevel                
2000ee8d  TimerDisable                     
2000efdb  TimerEnable                      
2000eaf9  TimerLoadSet                     
2000eb29  TimerMatchSet                    
2000eb59  TimerPrescaleMatchSet            
2000eb89  TimerPrescaleSet                 
2000f297  UtilsDelay                       
20004000  __STACK_END                      
00001000  __STACK_SIZE                     
00008000  __SYSMEM_SIZE                    
00000000  __TI_ATRegion0_region_sz         
00000000  __TI_ATRegion0_src_addr          
00000000  __TI_ATRegion0_trg_addr          
00000000  __TI_ATRegion1_region_sz         
00000000  __TI_ATRegion1_src_addr          
00000000  __TI_ATRegion1_trg_addr          
00000000  __TI_ATRegion2_region_sz         
00000000  __TI_ATRegion2_src_addr          
00000000  __TI_ATRegion2_trg_addr          
200100c8  __TI_CINIT_Base                  
200100d8  __TI_CINIT_Limit                 
200100d8  __TI_CINIT_Warm                  
200100b4  __TI_Handler_Table_Base          
200100c0  __TI_Handler_Table_Limit         
2000e88d  __TI_auto_init_nobinit_nopinit   
2000da3d  __TI_decompress_lzss             
2000f22b  __TI_decompress_none             
ffffffff  __TI_pprof_out_hndl              
ffffffff  __TI_prof_data_size              
ffffffff  __TI_prof_data_start             
2000fff0  __TI_static_base__               
2000f17f  __TI_zero_init_nomemset          
2000de37  __aeabi_ldiv0                    
2000f2cd  __aeabi_memcpy                   
2000f2cd  __aeabi_memcpy4                  
2000f2cd  __aeabi_memcpy8                  
2000f0c9  __aeabi_uldivmod                 
ffffffff  __binit__                        
UNDEFED   __mpu_init                       
20003000  __stack                          
20004000  __start___llvm_prf_bits          
20004000  __start___llvm_prf_cnts          
20004000  __stop___llvm_prf_bits           
20004000  __stop___llvm_prf_cnts           
2000d005  __udivmoddi4                     
2000edc5  _c_int00_noargs                  
2000f954  _lock                            
2000df97  _nop                             
20004040  _sys_memory                      
UNDEFED   _system_post_cinit               
2000f2d1  _system_pre_init                 
2000f958  _unlock                          
2000f2d9  abort                            
2000cb6d  aligned_alloc                    
ffffffff  binit                            
2000e6ab  clkFxn                           
2000cc8d  free                             
2000fe84  gpioCallbackFunctions            
2000f850  gpioPinConfigs                   
2000ff08  gpioUserArgs                     
2000ea35  initVectors                      
2000f1f1  main                             
2000d85d  mainThread                       
2000f29f  malloc                           
2000cb6d  memalign                         
2000f758  parkInfo                         
2000fd4c  pwmTimerCC32XXHWAttrs            
2000ff8c  pwmTimerCC32XXObjects            
2000ef3d  resetISR                         
2000f2d5  usleep                           


GLOBAL SYMBOLS: SORTED BY Symbol Address 

address   name                             
-------   ----                             
00000000  __TI_ATRegion0_region_sz         
00000000  __TI_ATRegion0_src_addr          
00000000  __TI_ATRegion0_trg_addr          
00000000  __TI_ATRegion1_region_sz         
00000000  __TI_ATRegion1_src_addr          
00000000  __TI_ATRegion1_trg_addr          
00000000  __TI_ATRegion2_region_sz         
00000000  __TI_ATRegion2_src_addr          
00000000  __TI_ATRegion2_trg_addr          
00001000  __STACK_SIZE                     
00008000  __SYSMEM_SIZE                    
20003000  __stack                          
20004000  __STACK_END                      
20004000  __start___llvm_prf_bits          
20004000  __start___llvm_prf_cnts          
20004000  __stop___llvm_prf_bits           
20004000  __stop___llvm_prf_cnts           
20004040  _sys_memory                      
2000c041  PRCMCC3200MCUInit                
2000c4f9  Power_sleep                      
2000c8dd  PowerCC32XX_sleepPolicy          
2000ca2d  GPIO_setConfig                   
2000cb6d  aligned_alloc                    
2000cb6d  memalign                         
2000cc8d  free                             
2000cd7d  PWMTimerCC32XX_open              
2000ce61  PWMTimerCC32XX_setDutyAndPeriod  
2000cf3d  IntEnable                        
2000d005  __udivmoddi4                     
2000d0b5  GPIOIntTypeSet                   
2000d161  PWMTimerCC32XX_stop              
2000d209  IntPendSet                       
2000d2ad  PinConfigSet                     
2000d34f  Board_initHook                   
2000d351  PWMTimerCC32XX_setDuty           
2000d3f1  SemaphoreP_pend                  
2000d489  HwiP_disable                     
2000d491  PowerCC32XX_enterLPDS            
2000d4d5  PowerCC32XX_resumeLPDS           
2000d527  PWMTimerCC32XX_init              
2000d529  GPIO_init                        
2000d5b9  PRCMSysResetCauseGet             
2000d647  PowerCC32XX_initPolicy           
2000d649  PowerCC32XX_configureWakeup      
2000d6d1  PWMTimerCC32XX_close             
2000d755  PWMTimerCC32XX_setPeriod         
2000d85d  mainThread                       
2000d8dd  Power_init                       
2000d955  HwiP_construct                   
2000d9c9  PRCMHibernateWakeUpGPIOSelect    
2000da3d  __TI_decompress_lzss             
2000daad  PinLockLevelSet                  
2000db19  Power_setDependency              
2000dc5d  PRCMPeripheralReset              
2000dcc7  FlashDisable                     
2000dd23  PRCMHibernateWakeupSourceDisable 
2000dd7f  SemaphoreP_destruct              
2000dd81  TimerCC32XX_allocateTimerResource
2000dddd  PRCMPeripheralClkEnable          
2000de37  __aeabi_ldiv0                    
2000de39  ClockP_startup                   
2000de91  IntPrioritySet                   
2000dee9  PWMTimerCC32XX_start             
2000df41  PRCMLPDSEnter                    
2000df97  _nop                             
2000df99  PowerCC32XX_setParkState         
2000dfed  Power_releaseDependency          
2000e041  GPIO_hwiIntFxn                   
2000e091  PRCMHibernateWakeupSourceEnable  
2000e0e1  SemaphoreP_construct             
2000e131  GPIO_setInterruptConfig          
2000e17d  PRCMLPDSRestoreInfoSet           
2000e1c9  ClockP_sysTickHandler            
2000e211  PRCMIntEnable                    
2000e259  PRCMPeripheralStatusGet          
2000e2a1  PinConfigGet                     
2000e3c1  PRCMLPDSEnterKeepDebugIf         
2000e407  GPIODirModeSet                   
2000e44d  GPIO_disableInt                  
2000e491  GPIO_enableInt                   
2000e4d5  PWM_init                         
2000e519  Power_releaseConstraint          
2000e5e5  PinModeSet                       
2000e627  TimerControlLevel                
2000e6ab  clkFxn                           
2000e6ad  PWM_open                         
2000e6ed  SemaphoreP_post                  
2000e72d  PinDirModeSet                    
2000e76d  ClockP_stop                      
2000e7a9  PinTypeGPIO                      
2000e7e5  ClockP_destruct                  
2000e81d  Power_setConstraint              
2000e855  SwiP_restore                     
2000e88d  __TI_auto_init_nobinit_nopinit   
2000e8c5  PinLock                          
2000e8fd  ClockP_start                     
2000e931  ClockP_usleep                    
2000e965  PinDirModeGet                    
2000e999  PinModeGet                       
2000e9cd  PowerCC32XX_parkPin              
2000ea01  TimerCC32XX_freeTimerResource    
2000ea35  initVectors                      
2000ea69  ClockP_getTicksUntilInterrupt    
2000ea99  PRCMLPDSIntervalSet              
2000eac9  PRCMSlowClkCtrFastGet            
2000eaf9  TimerLoadSet                     
2000eb29  TimerMatchSet                    
2000eb59  TimerPrescaleMatchSet            
2000eb89  TimerPrescaleSet                 
2000ebe9  GPIOIntStatus                    
2000ec17  HwiP_create                      
2000ec41  PRCMLPDSWakeUpGPIOSelect         
2000ec6b  PRCMPeripheralClkDisable         
2000ec95  List_remove                      
2000ecbd  PRCMSRAMRetentionEnable          
2000ed35  List_put                         
2000ed59  PRCMLPDSWakeupSourceEnable       
2000ed7d  PowerCC32XX_restoreParkedPin     
2000eda1  Power_registerNotify             
2000edc5  _c_int00_noargs                  
2000ede9  GPIOPinWrite                     
2000ee0b  PinUnlock                        
2000ee2d  IntRegister                      
2000ee4d  Power_unregisterNotify           
2000ee6d  SemaphoreP_createBinary          
2000ee8d  TimerDisable                     
2000eead  PinTypeTimer                     
2000eecd  HwiP_dispatch                    
2000eee9  SwiP_disable                     
2000ef3d  resetISR                         
2000ef59  GPIOIntDisable                   
2000ef73  PRCMHIBRegRead                   
2000ef8d  PRCMHIBRegWrite                  
2000efa7  PRCMLPDSWakeupSourceDisable      
2000efc1  PinToPadGet                      
2000efdb  TimerEnable                      
2000eff5  GPIOIntEnable                    
2000f00d  SemaphoreP_create                
2000f025  Board_init                       
2000f03b  SysTickPeriodSet                 
2000f051  CPUcpsid                         
2000f065  CPUcpsie                         
2000f079  IntVTableBaseSet                 
2000f08d  Power_disablePolicy              
2000f0a1  Power_getTransitionLatency       
2000f0b5  Power_idleFunc                   
2000f0c9  __aeabi_uldivmod                 
2000f0dd  ClockP_add                       
2000f0ef  GPIOIntClear                     
2000f101  HwiP_Params_init                 
2000f125  SysTickEnable                    
2000f137  SysTickIntDisable                
2000f149  SysTickIntEnable                 
2000f16d  TI_memcpy_small                  
2000f17f  __TI_zero_init_nomemset          
2000f191  ClockP_getCpuFreq                
2000f1a1  ClockP_getSystemTicks            
2000f1b1  ClockP_setTicks                  
2000f1c1  HwiP_inISR                       
2000f1d1  PWM_Params_init                  
2000f1e1  Power_enablePolicy               
2000f1f1  main                             
2000f22b  __TI_decompress_none             
2000f239  CPUwfi                           
2000f245  PRCMLPDSWakeupCauseGet           
2000f251  Power_getConstraintMask          
2000f25d  SysTickValueGet                  
2000f269  ClockP_isActive                  
2000f273  IntMasterDisable                 
2000f27d  IntMasterEnable                  
2000f287  HwiP_restore                     
2000f28f  PRCMSleepEnter                   
2000f297  UtilsDelay                       
2000f29f  malloc                           
2000f2a7  PWMTimerCC32XX_control           
2000f2ad  PWM_setDuty                      
2000f2b3  PWM_start                        
2000f2b9  ClockP_doTick                    
2000f2bd  HwiP_enable                      
2000f2c1  HwiP_post                        
2000f2c5  NoRTOS_start                     
2000f2c9  SemaphoreP_delete                
2000f2cd  __aeabi_memcpy                   
2000f2cd  __aeabi_memcpy4                  
2000f2cd  __aeabi_memcpy8                  
2000f2d1  _system_pre_init                 
2000f2d5  usleep                           
2000f2d8  C$$EXIT                          
2000f2d9  abort                            
2000f5ec  PowerCC32XX_module               
2000f758  parkInfo                         
2000f850  gpioPinConfigs                   
2000f940  SemaphoreP_defaultParams         
2000f94c  ClockP_tickPeriod                
2000f950  HwiP_swiPIntNum                  
2000f954  _lock                            
2000f958  _unlock                          
2000fbe0  PowerCC32XX_config               
2000fc4c  PWMTimerCC32XX_fxnTable          
2000fc91  GPIO_pinUpperBound               
2000fc92  PWM_count                        
2000fcd4  PWM_config                       
2000fcec  PWM_defaultParams                
2000fd34  GPIO_config                      
2000fd4c  pwmTimerCC32XXHWAttrs            
2000fd58  PowerCC32XX_contextSave          
2000fe84  gpioCallbackFunctions            
2000ff08  gpioUserArgs                     
2000ff8c  pwmTimerCC32XXObjects            
2000ffd8  ClockP_ctrl                      
2000fff0  __TI_static_base__               
200100b4  __TI_Handler_Table_Base          
200100c0  __TI_Handler_Table_Limit         
200100c8  __TI_CINIT_Base                  
200100d8  __TI_CINIT_Limit                 
200100d8  __TI_CINIT_Warm                  
ffffffff  __TI_pprof_out_hndl              
ffffffff  __TI_prof_data_size              
ffffffff  __TI_prof_data_start             
ffffffff  __binit__                        
ffffffff  binit                            
UNDEFED   ITM_flush                        
UNDEFED   ITM_restore                      
UNDEFED   __mpu_init                       
UNDEFED   _system_post_cinit               

[225 symbols]
