<?xml version="1.0" encoding="ISO-8859-1" ?>
<link_info>
   <banner>TI ARM Clang Linker PC v3.2.2.LTS</banner>
   <copyright>Copyright (c) 1996-2018 Texas Instruments Incorporated</copyright>
   <link_time>0x67589934</link_time>
   <link_errors>0x0</link_errors>
   <output_file>C:\Users\Gavin Bish\workspace_v12\gpiointerrupt_CC3220S_LAUNCHXL_nortos_ticlang\MCU+Image\gpiointerrupt_CC3220S_LAUNCHXL_nortos_ticlang.out</output_file>
   <entry_point>
      <name>resetISR</name>
      <address>0x20011f75</address>
   </entry_point>
   <input_file_list>
      <input_file id="fl-1">
         <path>C:\Users\Gavin Bish\workspace_v12\gpiointerrupt_CC3220S_LAUNCHXL_nortos_ticlang\MCU+Image\.\</path>
         <kind>object</kind>
         <file>gpiointerrupt.o</file>
         <name>gpiointerrupt.o</name>
      </input_file>
      <input_file id="fl-2">
         <path>C:\Users\Gavin Bish\workspace_v12\gpiointerrupt_CC3220S_LAUNCHXL_nortos_ticlang\MCU+Image\.\syscfg\</path>
         <kind>object</kind>
         <file>ti_drivers_config.o</file>
         <name>ti_drivers_config.o</name>
      </input_file>
      <input_file id="fl-3">
         <path>C:\Users\Gavin Bish\workspace_v12\gpiointerrupt_CC3220S_LAUNCHXL_nortos_ticlang\MCU+Image\.\</path>
         <kind>object</kind>
         <file>main_nortos.o</file>
         <name>main_nortos.o</name>
      </input_file>
      <input_file id="fl-13">
         <path>C:\Users\Gavin Bish\workspace_v12\gpiointerrupt_CC3220S_LAUNCHXL_nortos_ticlang\MCU+Image\</path>
         <kind>object</kind>
         <file>&lt;internal&gt;</file>
         <name>&lt;internal&gt;</name>
      </input_file>
      <input_file id="fl-14">
         <path>C:\ti\simplelink_cc32xx_sdk_7_10_00_13\source\ti\drivers\lib\ticlang\m4\</path>
         <kind>archive</kind>
         <file>drivers_cc32xx.a</file>
         <name>GPIO.c.obj</name>
      </input_file>
      <input_file id="fl-15">
         <path>C:\ti\simplelink_cc32xx_sdk_7_10_00_13\source\ti\drivers\lib\ticlang\m4\</path>
         <kind>archive</kind>
         <file>drivers_cc32xx.a</file>
         <name>GPIOCC32XX.c.obj</name>
      </input_file>
      <input_file id="fl-16">
         <path>C:\ti\simplelink_cc32xx_sdk_7_10_00_13\source\ti\drivers\lib\ticlang\m4\</path>
         <kind>archive</kind>
         <file>drivers_cc32xx.a</file>
         <name>I2C.c.obj</name>
      </input_file>
      <input_file id="fl-17">
         <path>C:\ti\simplelink_cc32xx_sdk_7_10_00_13\source\ti\drivers\lib\ticlang\m4\</path>
         <kind>archive</kind>
         <file>drivers_cc32xx.a</file>
         <name>I2CCC32XX.c.obj</name>
      </input_file>
      <input_file id="fl-18">
         <path>C:\ti\simplelink_cc32xx_sdk_7_10_00_13\source\ti\drivers\lib\ticlang\m4\</path>
         <kind>archive</kind>
         <file>drivers_cc32xx.a</file>
         <name>PowerCC32XX.c.obj</name>
      </input_file>
      <input_file id="fl-19">
         <path>C:\ti\simplelink_cc32xx_sdk_7_10_00_13\source\ti\drivers\lib\ticlang\m4\</path>
         <kind>archive</kind>
         <file>drivers_cc32xx.a</file>
         <name>PowerCC32XX_ticlang.asm.obj</name>
      </input_file>
      <input_file id="fl-1a">
         <path>C:\ti\simplelink_cc32xx_sdk_7_10_00_13\source\ti\drivers\lib\ticlang\m4\</path>
         <kind>archive</kind>
         <file>drivers_cc32xx.a</file>
         <name>Timer.c.obj</name>
      </input_file>
      <input_file id="fl-1b">
         <path>C:\ti\simplelink_cc32xx_sdk_7_10_00_13\source\ti\drivers\lib\ticlang\m4\</path>
         <kind>archive</kind>
         <file>drivers_cc32xx.a</file>
         <name>TimerCC32XX.c.obj</name>
      </input_file>
      <input_file id="fl-1c">
         <path>C:\ti\simplelink_cc32xx_sdk_7_10_00_13\source\ti\drivers\lib\ticlang\m4\</path>
         <kind>archive</kind>
         <file>drivers_cc32xx.a</file>
         <name>UART2.c.obj</name>
      </input_file>
      <input_file id="fl-1d">
         <path>C:\ti\simplelink_cc32xx_sdk_7_10_00_13\source\ti\drivers\lib\ticlang\m4\</path>
         <kind>archive</kind>
         <file>drivers_cc32xx.a</file>
         <name>UART2CC32XX.c.obj</name>
      </input_file>
      <input_file id="fl-1e">
         <path>C:\ti\simplelink_cc32xx_sdk_7_10_00_13\source\ti\drivers\lib\ticlang\m4\</path>
         <kind>archive</kind>
         <file>drivers_cc32xx.a</file>
         <name>List.c.obj</name>
      </input_file>
      <input_file id="fl-1f">
         <path>C:\ti\simplelink_cc32xx_sdk_7_10_00_13\source\ti\drivers\lib\ticlang\m4\</path>
         <kind>archive</kind>
         <file>drivers_cc32xx.a</file>
         <name>RingBuf.c.obj</name>
      </input_file>
      <input_file id="fl-20">
         <path>C:\ti\simplelink_cc32xx_sdk_7_10_00_13\source\ti\drivers\lib\ticlang\m4\</path>
         <kind>archive</kind>
         <file>drivers_cc32xx.a</file>
         <name>UDMACC32XX.c.obj</name>
      </input_file>
      <input_file id="fl-21">
         <path>C:\ti\simplelink_cc32xx_sdk_7_10_00_13\kernel\nortos\lib\ticlang\m4\</path>
         <kind>archive</kind>
         <file>nortos_cc32xx.a</file>
         <name>NoRTOS.c.obj</name>
      </input_file>
      <input_file id="fl-22">
         <path>C:\ti\simplelink_cc32xx_sdk_7_10_00_13\kernel\nortos\lib\ticlang\m4\</path>
         <kind>archive</kind>
         <file>nortos_cc32xx.a</file>
         <name>SemaphoreP_nortos.c.obj</name>
      </input_file>
      <input_file id="fl-23">
         <path>C:\ti\simplelink_cc32xx_sdk_7_10_00_13\kernel\nortos\lib\ticlang\m4\</path>
         <kind>archive</kind>
         <file>nortos_cc32xx.a</file>
         <name>ClockPSysTick_nortos.c.obj</name>
      </input_file>
      <input_file id="fl-24">
         <path>C:\ti\simplelink_cc32xx_sdk_7_10_00_13\kernel\nortos\lib\ticlang\m4\</path>
         <kind>archive</kind>
         <file>nortos_cc32xx.a</file>
         <name>HwiPCC32XX_nortos.c.obj</name>
      </input_file>
      <input_file id="fl-25">
         <path>C:\ti\simplelink_cc32xx_sdk_7_10_00_13\kernel\nortos\lib\ticlang\m4\</path>
         <kind>archive</kind>
         <file>nortos_cc32xx.a</file>
         <name>PowerCC32XX_nortos.c.obj</name>
      </input_file>
      <input_file id="fl-26">
         <path>C:\ti\simplelink_cc32xx_sdk_7_10_00_13\kernel\nortos\lib\ticlang\m4\</path>
         <kind>archive</kind>
         <file>nortos_cc32xx.a</file>
         <name>startup_cc32xx_ticlang.c.obj</name>
      </input_file>
      <input_file id="fl-27">
         <path>C:\ti\simplelink_cc32xx_sdk_7_10_00_13\kernel\nortos\lib\ticlang\m4\</path>
         <kind>archive</kind>
         <file>nortos_cc32xx.a</file>
         <name>SwiP_nortos.c.obj</name>
      </input_file>
      <input_file id="fl-28">
         <path>C:\ti\simplelink_cc32xx_sdk_7_10_00_13\source\ti\devices\cc32xx\driverlib\ticlang\Release\</path>
         <kind>archive</kind>
         <file>driverlib.a</file>
         <name>cpu.obj</name>
      </input_file>
      <input_file id="fl-29">
         <path>C:\ti\simplelink_cc32xx_sdk_7_10_00_13\source\ti\devices\cc32xx\driverlib\ticlang\Release\</path>
         <kind>archive</kind>
         <file>driverlib.a</file>
         <name>gpio.obj</name>
      </input_file>
      <input_file id="fl-2a">
         <path>C:\ti\simplelink_cc32xx_sdk_7_10_00_13\source\ti\devices\cc32xx\driverlib\ticlang\Release\</path>
         <kind>archive</kind>
         <file>driverlib.a</file>
         <name>hwspinlock.obj</name>
      </input_file>
      <input_file id="fl-2b">
         <path>C:\ti\simplelink_cc32xx_sdk_7_10_00_13\source\ti\devices\cc32xx\driverlib\ticlang\Release\</path>
         <kind>archive</kind>
         <file>driverlib.a</file>
         <name>i2c.obj</name>
      </input_file>
      <input_file id="fl-2c">
         <path>C:\ti\simplelink_cc32xx_sdk_7_10_00_13\source\ti\devices\cc32xx\driverlib\ticlang\Release\</path>
         <kind>archive</kind>
         <file>driverlib.a</file>
         <name>interrupt.obj</name>
      </input_file>
      <input_file id="fl-2d">
         <path>C:\ti\simplelink_cc32xx_sdk_7_10_00_13\source\ti\devices\cc32xx\driverlib\ticlang\Release\</path>
         <kind>archive</kind>
         <file>driverlib.a</file>
         <name>pin.obj</name>
      </input_file>
      <input_file id="fl-2e">
         <path>C:\ti\simplelink_cc32xx_sdk_7_10_00_13\source\ti\devices\cc32xx\driverlib\ticlang\Release\</path>
         <kind>archive</kind>
         <file>driverlib.a</file>
         <name>prcm.obj</name>
      </input_file>
      <input_file id="fl-2f">
         <path>C:\ti\simplelink_cc32xx_sdk_7_10_00_13\source\ti\devices\cc32xx\driverlib\ticlang\Release\</path>
         <kind>archive</kind>
         <file>driverlib.a</file>
         <name>spi.obj</name>
      </input_file>
      <input_file id="fl-30">
         <path>C:\ti\simplelink_cc32xx_sdk_7_10_00_13\source\ti\devices\cc32xx\driverlib\ticlang\Release\</path>
         <kind>archive</kind>
         <file>driverlib.a</file>
         <name>systick.obj</name>
      </input_file>
      <input_file id="fl-31">
         <path>C:\ti\simplelink_cc32xx_sdk_7_10_00_13\source\ti\devices\cc32xx\driverlib\ticlang\Release\</path>
         <kind>archive</kind>
         <file>driverlib.a</file>
         <name>timer.obj</name>
      </input_file>
      <input_file id="fl-32">
         <path>C:\ti\simplelink_cc32xx_sdk_7_10_00_13\source\ti\devices\cc32xx\driverlib\ticlang\Release\</path>
         <kind>archive</kind>
         <file>driverlib.a</file>
         <name>uart.obj</name>
      </input_file>
      <input_file id="fl-33">
         <path>C:\ti\simplelink_cc32xx_sdk_7_10_00_13\source\ti\devices\cc32xx\driverlib\ticlang\Release\</path>
         <kind>archive</kind>
         <file>driverlib.a</file>
         <name>udma.obj</name>
      </input_file>
      <input_file id="fl-34">
         <path>C:\ti\simplelink_cc32xx_sdk_7_10_00_13\source\ti\devices\cc32xx\driverlib\ticlang\Release\</path>
         <kind>archive</kind>
         <file>driverlib.a</file>
         <name>utils.obj</name>
      </input_file>
      <input_file id="fl-35">
         <path>C:\ti\simplelink_cc32xx_sdk_7_10_00_13\source\ti\devices\cc32xx\driverlib\ticlang\Release\</path>
         <kind>archive</kind>
         <file>driverlib.a</file>
         <name>flash.obj</name>
      </input_file>
      <input_file id="fl-44">
         <path>C:\ti\ccs1281\ccs\tools\compiler\ti-cgt-armllvm_3.2.2.LTS\lib\armv7em-ti-none-eabi\c\</path>
         <kind>archive</kind>
         <file>libc.a</file>
         <name>printf.c.obj</name>
      </input_file>
      <input_file id="fl-45">
         <path>C:\ti\ccs1281\ccs\tools\compiler\ti-cgt-armllvm_3.2.2.LTS\lib\armv7em-ti-none-eabi\c\</path>
         <kind>archive</kind>
         <file>libc.a</file>
         <name>_printfi.c.obj</name>
      </input_file>
      <input_file id="fl-46">
         <path>C:\ti\ccs1281\ccs\tools\compiler\ti-cgt-armllvm_3.2.2.LTS\lib\armv7em-ti-none-eabi\c\</path>
         <kind>archive</kind>
         <file>libc.a</file>
         <name>snprintf.c.obj</name>
      </input_file>
      <input_file id="fl-47">
         <path>C:\ti\ccs1281\ccs\tools\compiler\ti-cgt-armllvm_3.2.2.LTS\lib\armv7em-ti-none-eabi\c\</path>
         <kind>archive</kind>
         <file>libc.a</file>
         <name>fputc.c.obj</name>
      </input_file>
      <input_file id="fl-48">
         <path>C:\ti\ccs1281\ccs\tools\compiler\ti-cgt-armllvm_3.2.2.LTS\lib\armv7em-ti-none-eabi\c\</path>
         <kind>archive</kind>
         <file>libc.a</file>
         <name>fputs.c.obj</name>
      </input_file>
      <input_file id="fl-49">
         <path>C:\ti\ccs1281\ccs\tools\compiler\ti-cgt-armllvm_3.2.2.LTS\lib\armv7em-ti-none-eabi\c\</path>
         <kind>archive</kind>
         <file>libc.a</file>
         <name>_io_perm.c.obj</name>
      </input_file>
      <input_file id="fl-4a">
         <path>C:\ti\ccs1281\ccs\tools\compiler\ti-cgt-armllvm_3.2.2.LTS\lib\armv7em-ti-none-eabi\c\</path>
         <kind>archive</kind>
         <file>libc.a</file>
         <name>setvbuf.c.obj</name>
      </input_file>
      <input_file id="fl-4b">
         <path>C:\ti\ccs1281\ccs\tools\compiler\ti-cgt-armllvm_3.2.2.LTS\lib\armv7em-ti-none-eabi\c\</path>
         <kind>archive</kind>
         <file>libc.a</file>
         <name>s_frexp.c.obj</name>
      </input_file>
      <input_file id="fl-4c">
         <path>C:\ti\ccs1281\ccs\tools\compiler\ti-cgt-armllvm_3.2.2.LTS\lib\armv7em-ti-none-eabi\c\</path>
         <kind>archive</kind>
         <file>libc.a</file>
         <name>s_scalbn.c.obj</name>
      </input_file>
      <input_file id="fl-4d">
         <path>C:\ti\ccs1281\ccs\tools\compiler\ti-cgt-armllvm_3.2.2.LTS\lib\armv7em-ti-none-eabi\c\</path>
         <kind>archive</kind>
         <file>libc.a</file>
         <name>aeabi_portable.c.obj</name>
      </input_file>
      <input_file id="fl-4e">
         <path>C:\ti\ccs1281\ccs\tools\compiler\ti-cgt-armllvm_3.2.2.LTS\lib\armv7em-ti-none-eabi\c\</path>
         <kind>archive</kind>
         <file>libc.a</file>
         <name>exit.c.obj</name>
      </input_file>
      <input_file id="fl-4f">
         <path>C:\ti\ccs1281\ccs\tools\compiler\ti-cgt-armllvm_3.2.2.LTS\lib\armv7em-ti-none-eabi\c\</path>
         <kind>archive</kind>
         <file>libc.a</file>
         <name>_lock.c.obj</name>
      </input_file>
      <input_file id="fl-50">
         <path>C:\ti\ccs1281\ccs\tools\compiler\ti-cgt-armllvm_3.2.2.LTS\lib\armv7em-ti-none-eabi\c\</path>
         <kind>archive</kind>
         <file>libc.a</file>
         <name>_ltoa.c.obj</name>
      </input_file>
      <input_file id="fl-51">
         <path>C:\ti\ccs1281\ccs\tools\compiler\ti-cgt-armllvm_3.2.2.LTS\lib\armv7em-ti-none-eabi\c\</path>
         <kind>archive</kind>
         <file>libc.a</file>
         <name>assert.c.obj</name>
      </input_file>
      <input_file id="fl-52">
         <path>C:\ti\ccs1281\ccs\tools\compiler\ti-cgt-armllvm_3.2.2.LTS\lib\armv7em-ti-none-eabi\c\</path>
         <kind>archive</kind>
         <file>libc.a</file>
         <name>atoi.c.obj</name>
      </input_file>
      <input_file id="fl-53">
         <path>C:\ti\ccs1281\ccs\tools\compiler\ti-cgt-armllvm_3.2.2.LTS\lib\armv7em-ti-none-eabi\c\</path>
         <kind>archive</kind>
         <file>libc.a</file>
         <name>defs.c.obj</name>
      </input_file>
      <input_file id="fl-54">
         <path>C:\ti\ccs1281\ccs\tools\compiler\ti-cgt-armllvm_3.2.2.LTS\lib\armv7em-ti-none-eabi\c\</path>
         <kind>archive</kind>
         <file>libc.a</file>
         <name>memccpy.c.obj</name>
      </input_file>
      <input_file id="fl-55">
         <path>C:\ti\ccs1281\ccs\tools\compiler\ti-cgt-armllvm_3.2.2.LTS\lib\armv7em-ti-none-eabi\c\</path>
         <kind>archive</kind>
         <file>libc.a</file>
         <name>memory.c.obj</name>
      </input_file>
      <input_file id="fl-56">
         <path>C:\ti\ccs1281\ccs\tools\compiler\ti-cgt-armllvm_3.2.2.LTS\lib\armv7em-ti-none-eabi\c\</path>
         <kind>archive</kind>
         <file>libc.a</file>
         <name>boot_cortex_m.c.obj</name>
      </input_file>
      <input_file id="fl-57">
         <path>C:\ti\ccs1281\ccs\tools\compiler\ti-cgt-armllvm_3.2.2.LTS\lib\armv7em-ti-none-eabi\c\</path>
         <kind>archive</kind>
         <file>libc.a</file>
         <name>mathacl_init.c.obj</name>
      </input_file>
      <input_file id="fl-58">
         <path>C:\ti\ccs1281\ccs\tools\compiler\ti-cgt-armllvm_3.2.2.LTS\lib\armv7em-ti-none-eabi\c\</path>
         <kind>archive</kind>
         <file>libc.a</file>
         <name>autoinit.c.obj</name>
      </input_file>
      <input_file id="fl-59">
         <path>C:\ti\ccs1281\ccs\tools\compiler\ti-cgt-armllvm_3.2.2.LTS\lib\armv7em-ti-none-eabi\c\</path>
         <kind>archive</kind>
         <file>libc.a</file>
         <name>pre_init.c.obj</name>
      </input_file>
      <input_file id="fl-5a">
         <path>C:\ti\ccs1281\ccs\tools\compiler\ti-cgt-armllvm_3.2.2.LTS\lib\armv7em-ti-none-eabi\c\</path>
         <kind>archive</kind>
         <file>libc.a</file>
         <name>cpy_tbl.c.obj</name>
      </input_file>
      <input_file id="fl-5b">
         <path>C:\ti\ccs1281\ccs\tools\compiler\ti-cgt-armllvm_3.2.2.LTS\lib\armv7em-ti-none-eabi\c\</path>
         <kind>archive</kind>
         <file>libc.a</file>
         <name>copy_zero_init.c.obj</name>
      </input_file>
      <input_file id="fl-5c">
         <path>C:\ti\ccs1281\ccs\tools\compiler\ti-cgt-armllvm_3.2.2.LTS\lib\armv7em-ti-none-eabi\c\</path>
         <kind>archive</kind>
         <file>libc.a</file>
         <name>copy_decompress_none.c.obj</name>
      </input_file>
      <input_file id="fl-5d">
         <path>C:\ti\ccs1281\ccs\tools\compiler\ti-cgt-armllvm_3.2.2.LTS\lib\armv7em-ti-none-eabi\c\</path>
         <kind>archive</kind>
         <file>libc.a</file>
         <name>copy_decompress_lzss.c.obj</name>
      </input_file>
      <input_file id="fl-5e">
         <path>C:\ti\ccs1281\ccs\tools\compiler\ti-cgt-armllvm_3.2.2.LTS\lib\armv7em-ti-none-eabi\c\</path>
         <kind>archive</kind>
         <file>libc.a</file>
         <name>wcslen.c.obj</name>
      </input_file>
      <input_file id="fl-5f">
         <path>C:\ti\ccs1281\ccs\tools\compiler\ti-cgt-armllvm_3.2.2.LTS\lib\armv7em-ti-none-eabi\c\</path>
         <kind>archive</kind>
         <file>libc.a</file>
         <name>sprintf.c.obj</name>
      </input_file>
      <input_file id="fl-60">
         <path>C:\ti\ccs1281\ccs\tools\compiler\ti-cgt-armllvm_3.2.2.LTS\lib\armv7em-ti-none-eabi\c\</path>
         <kind>archive</kind>
         <file>libc.a</file>
         <name>fflush.c.obj</name>
      </input_file>
      <input_file id="fl-61">
         <path>C:\ti\ccs1281\ccs\tools\compiler\ti-cgt-armllvm_3.2.2.LTS\lib\armv7em-ti-none-eabi\c\</path>
         <kind>archive</kind>
         <file>libc.a</file>
         <name>fopen.c.obj</name>
      </input_file>
      <input_file id="fl-62">
         <path>C:\ti\ccs1281\ccs\tools\compiler\ti-cgt-armllvm_3.2.2.LTS\lib\armv7em-ti-none-eabi\c\</path>
         <kind>archive</kind>
         <file>libc.a</file>
         <name>fseek.c.obj</name>
      </input_file>
      <input_file id="fl-63">
         <path>C:\ti\ccs1281\ccs\tools\compiler\ti-cgt-armllvm_3.2.2.LTS\lib\armv7em-ti-none-eabi\c\</path>
         <kind>archive</kind>
         <file>libc.a</file>
         <name>aeabi_ctype.S.obj</name>
      </input_file>
      <input_file id="fl-64">
         <path>C:\ti\ccs1281\ccs\tools\compiler\ti-cgt-armllvm_3.2.2.LTS\lib\armv7em-ti-none-eabi\c\</path>
         <kind>archive</kind>
         <file>libc.a</file>
         <name>args_main.c.obj</name>
      </input_file>
      <input_file id="fl-65">
         <path>C:\ti\ccs1281\ccs\tools\compiler\ti-cgt-armllvm_3.2.2.LTS\lib\armv7em-ti-none-eabi\c\</path>
         <kind>archive</kind>
         <file>libc.a</file>
         <name>fclose.c.obj</name>
      </input_file>
      <input_file id="fl-cb">
         <path>C:\ti\ccs1281\ccs\tools\compiler\ti-cgt-armllvm_3.2.2.LTS\lib\armv7em-ti-none-eabi\c\</path>
         <kind>archive</kind>
         <file>libsysbm.a</file>
         <name>write.c.obj</name>
      </input_file>
      <input_file id="fl-cc">
         <path>C:\ti\ccs1281\ccs\tools\compiler\ti-cgt-armllvm_3.2.2.LTS\lib\armv7em-ti-none-eabi\c\</path>
         <kind>archive</kind>
         <file>libsysbm.a</file>
         <name>host_device.c.obj</name>
      </input_file>
      <input_file id="fl-cd">
         <path>C:\ti\ccs1281\ccs\tools\compiler\ti-cgt-armllvm_3.2.2.LTS\lib\armv7em-ti-none-eabi\c\</path>
         <kind>archive</kind>
         <file>libsysbm.a</file>
         <name>remove.c.obj</name>
      </input_file>
      <input_file id="fl-ce">
         <path>C:\ti\ccs1281\ccs\tools\compiler\ti-cgt-armllvm_3.2.2.LTS\lib\armv7em-ti-none-eabi\c\</path>
         <kind>archive</kind>
         <file>libsysbm.a</file>
         <name>open.c.obj</name>
      </input_file>
      <input_file id="fl-cf">
         <path>C:\ti\ccs1281\ccs\tools\compiler\ti-cgt-armllvm_3.2.2.LTS\lib\armv7em-ti-none-eabi\c\</path>
         <kind>archive</kind>
         <file>libsysbm.a</file>
         <name>lseek.c.obj</name>
      </input_file>
      <input_file id="fl-d0">
         <path>C:\ti\ccs1281\ccs\tools\compiler\ti-cgt-armllvm_3.2.2.LTS\lib\armv7em-ti-none-eabi\c\</path>
         <kind>archive</kind>
         <file>libsysbm.a</file>
         <name>close.c.obj</name>
      </input_file>
      <input_file id="fl-d1">
         <path>C:\ti\ccs1281\ccs\tools\compiler\ti-cgt-armllvm_3.2.2.LTS\lib\armv7em-ti-none-eabi\c\</path>
         <kind>archive</kind>
         <file>libsysbm.a</file>
         <name>unlink.c.obj</name>
      </input_file>
      <input_file id="fl-d2">
         <path>C:\ti\ccs1281\ccs\tools\compiler\ti-cgt-armllvm_3.2.2.LTS\lib\armv7em-ti-none-eabi\c\</path>
         <kind>archive</kind>
         <file>libsysbm.a</file>
         <name>hostclose.c.obj</name>
      </input_file>
      <input_file id="fl-d3">
         <path>C:\ti\ccs1281\ccs\tools\compiler\ti-cgt-armllvm_3.2.2.LTS\lib\armv7em-ti-none-eabi\c\</path>
         <kind>archive</kind>
         <file>libsysbm.a</file>
         <name>hostlseek.c.obj</name>
      </input_file>
      <input_file id="fl-d4">
         <path>C:\ti\ccs1281\ccs\tools\compiler\ti-cgt-armllvm_3.2.2.LTS\lib\armv7em-ti-none-eabi\c\</path>
         <kind>archive</kind>
         <file>libsysbm.a</file>
         <name>hostopen.c.obj</name>
      </input_file>
      <input_file id="fl-d5">
         <path>C:\ti\ccs1281\ccs\tools\compiler\ti-cgt-armllvm_3.2.2.LTS\lib\armv7em-ti-none-eabi\c\</path>
         <kind>archive</kind>
         <file>libsysbm.a</file>
         <name>hostread.c.obj</name>
      </input_file>
      <input_file id="fl-d6">
         <path>C:\ti\ccs1281\ccs\tools\compiler\ti-cgt-armllvm_3.2.2.LTS\lib\armv7em-ti-none-eabi\c\</path>
         <kind>archive</kind>
         <file>libsysbm.a</file>
         <name>hostrename.c.obj</name>
      </input_file>
      <input_file id="fl-d7">
         <path>C:\ti\ccs1281\ccs\tools\compiler\ti-cgt-armllvm_3.2.2.LTS\lib\armv7em-ti-none-eabi\c\</path>
         <kind>archive</kind>
         <file>libsysbm.a</file>
         <name>hostunlink.c.obj</name>
      </input_file>
      <input_file id="fl-d8">
         <path>C:\ti\ccs1281\ccs\tools\compiler\ti-cgt-armllvm_3.2.2.LTS\lib\armv7em-ti-none-eabi\c\</path>
         <kind>archive</kind>
         <file>libsysbm.a</file>
         <name>hostwrite.c.obj</name>
      </input_file>
      <input_file id="fl-d9">
         <path>C:\ti\ccs1281\ccs\tools\compiler\ti-cgt-armllvm_3.2.2.LTS\lib\armv7em-ti-none-eabi\c\</path>
         <kind>archive</kind>
         <file>libsysbm.a</file>
         <name>trgmsg.c.obj</name>
      </input_file>
      <input_file id="fl-da">
         <path>C:\ti\ccs1281\ccs\tools\compiler\ti-cgt-armllvm_3.2.2.LTS\lib\clang\15.0.7\lib\armv7em-ti-none-eabi\</path>
         <kind>archive</kind>
         <file>libclang_rt.builtins.a</file>
         <name>adddf3.S.obj</name>
      </input_file>
      <input_file id="fl-db">
         <path>C:\ti\ccs1281\ccs\tools\compiler\ti-cgt-armllvm_3.2.2.LTS\lib\clang\15.0.7\lib\armv7em-ti-none-eabi\</path>
         <kind>archive</kind>
         <file>libclang_rt.builtins.a</file>
         <name>muldf3.S.obj</name>
      </input_file>
      <input_file id="fl-dc">
         <path>C:\ti\ccs1281\ccs\tools\compiler\ti-cgt-armllvm_3.2.2.LTS\lib\clang\15.0.7\lib\armv7em-ti-none-eabi\</path>
         <kind>archive</kind>
         <file>libclang_rt.builtins.a</file>
         <name>divdf3.S.obj</name>
      </input_file>
      <input_file id="fl-dd">
         <path>C:\ti\ccs1281\ccs\tools\compiler\ti-cgt-armllvm_3.2.2.LTS\lib\clang\15.0.7\lib\armv7em-ti-none-eabi\</path>
         <kind>archive</kind>
         <file>libclang_rt.builtins.a</file>
         <name>fixdfsi.S.obj</name>
      </input_file>
      <input_file id="fl-de">
         <path>C:\ti\ccs1281\ccs\tools\compiler\ti-cgt-armllvm_3.2.2.LTS\lib\clang\15.0.7\lib\armv7em-ti-none-eabi\</path>
         <kind>archive</kind>
         <file>libclang_rt.builtins.a</file>
         <name>floatsidf.S.obj</name>
      </input_file>
      <input_file id="fl-df">
         <path>C:\ti\ccs1281\ccs\tools\compiler\ti-cgt-armllvm_3.2.2.LTS\lib\clang\15.0.7\lib\armv7em-ti-none-eabi\</path>
         <kind>archive</kind>
         <file>libclang_rt.builtins.a</file>
         <name>aeabi_dcmp.S.obj</name>
      </input_file>
      <input_file id="fl-e0">
         <path>C:\ti\ccs1281\ccs\tools\compiler\ti-cgt-armllvm_3.2.2.LTS\lib\clang\15.0.7\lib\armv7em-ti-none-eabi\</path>
         <kind>archive</kind>
         <file>libclang_rt.builtins.a</file>
         <name>aeabi_memcpy.S.obj</name>
      </input_file>
      <input_file id="fl-e1">
         <path>C:\ti\ccs1281\ccs\tools\compiler\ti-cgt-armllvm_3.2.2.LTS\lib\clang\15.0.7\lib\armv7em-ti-none-eabi\</path>
         <kind>archive</kind>
         <file>libclang_rt.builtins.a</file>
         <name>aeabi_memset.S.obj</name>
      </input_file>
      <input_file id="fl-e2">
         <path>C:\ti\ccs1281\ccs\tools\compiler\ti-cgt-armllvm_3.2.2.LTS\lib\clang\15.0.7\lib\armv7em-ti-none-eabi\</path>
         <kind>archive</kind>
         <file>libclang_rt.builtins.a</file>
         <name>aeabi_uldivmod.S.obj</name>
      </input_file>
      <input_file id="fl-e3">
         <path>C:\ti\ccs1281\ccs\tools\compiler\ti-cgt-armllvm_3.2.2.LTS\lib\clang\15.0.7\lib\armv7em-ti-none-eabi\</path>
         <kind>archive</kind>
         <file>libclang_rt.builtins.a</file>
         <name>udivmoddi4.S.obj</name>
      </input_file>
      <input_file id="fl-e4">
         <path>C:\ti\ccs1281\ccs\tools\compiler\ti-cgt-armllvm_3.2.2.LTS\lib\clang\15.0.7\lib\armv7em-ti-none-eabi\</path>
         <kind>archive</kind>
         <file>libclang_rt.builtins.a</file>
         <name>comparedf2.c.obj</name>
      </input_file>
      <input_file id="fl-e5">
         <path>C:\ti\ccs1281\ccs\tools\compiler\ti-cgt-armllvm_3.2.2.LTS\lib\clang\15.0.7\lib\armv7em-ti-none-eabi\</path>
         <kind>archive</kind>
         <file>libclang_rt.builtins.a</file>
         <name>aeabi_div0.c.obj</name>
      </input_file>
      <input_file id="fl-e6">
         <path>C:\ti\ccs1281\ccs\tools\compiler\ti-cgt-armllvm_3.2.2.LTS\lib\armv7em-ti-none-eabi\c\</path>
         <kind>archive</kind>
         <file>libc.a</file>
         <name>getdevice.c.obj</name>
      </input_file>
      <input_file id="fl-e7">
         <path>C:\ti\ccs1281\ccs\tools\compiler\ti-cgt-armllvm_3.2.2.LTS\lib\armv7em-ti-none-eabi\c\</path>
         <kind>archive</kind>
         <file>libc.a</file>
         <name>strcmp_t2.S.obj</name>
      </input_file>
      <input_file id="fl-e8">
         <path>C:\ti\ccs1281\ccs\tools\compiler\ti-cgt-armllvm_3.2.2.LTS\lib\armv7em-ti-none-eabi\c\</path>
         <kind>archive</kind>
         <file>libc.a</file>
         <name>memcpy_t2.S.obj</name>
      </input_file>
      <input_file id="fl-e9">
         <path>C:\ti\ccs1281\ccs\tools\compiler\ti-cgt-armllvm_3.2.2.LTS\lib\armv7em-ti-none-eabi\c\</path>
         <kind>archive</kind>
         <file>libc.a</file>
         <name>memset_t2.S.obj</name>
      </input_file>
   </input_file_list>
   <object_component_list>
      <object_component id="oc-239">
         <name>.text:__TI_printfi_nofloat</name>
         <load_address>0x2000c040</load_address>
         <readonly>true</readonly>
         <executable>true</executable>
         <run_address>0x2000c040</run_address>
         <size>0x86c</size>
         <alignment>0x4</alignment>
         <input_file_ref idref="fl-45"/>
      </object_component>
      <object_component id="oc-d2">
         <name>.text.PRCMCC3200MCUInit</name>
         <load_address>0x2000c8ac</load_address>
         <readonly>true</readonly>
         <executable>true</executable>
         <run_address>0x2000c8ac</run_address>
         <size>0x4b8</size>
         <alignment>0x2</alignment>
         <input_file_ref idref="fl-2e"/>
      </object_component>
      <object_component id="oc-264">
         <name>.text.Power_sleep</name>
         <load_address>0x2000cd64</load_address>
         <readonly>true</readonly>
         <executable>true</executable>
         <run_address>0x2000cd64</run_address>
         <size>0x3e4</size>
         <alignment>0x4</alignment>
         <input_file_ref idref="fl-18"/>
      </object_component>
      <object_component id="oc-147">
         <name>.text.GPIOIntEnable</name>
         <load_address>0x2000d148</load_address>
         <readonly>true</readonly>
         <executable>true</executable>
         <run_address>0x2000d148</run_address>
         <size>0x18</size>
         <alignment>0x2</alignment>
         <input_file_ref idref="fl-29"/>
      </object_component>
      <object_component id="oc-453">
         <name>.text:strcmp</name>
         <load_address>0x2000d160</load_address>
         <readonly>true</readonly>
         <executable>true</executable>
         <run_address>0x2000d160</run_address>
         <size>0x2dc</size>
         <alignment>0x20</alignment>
         <input_file_ref idref="fl-e7"/>
      </object_component>
      <object_component id="oc-205">
         <name>.text.UART2CC32XX_hwiIntFxn</name>
         <load_address>0x2000d43c</load_address>
         <readonly>true</readonly>
         <executable>true</executable>
         <run_address>0x2000d43c</run_address>
         <size>0x222</size>
         <alignment>0x2</alignment>
         <input_file_ref idref="fl-1d"/>
      </object_component>
      <object_component id="oc-e2">
         <name>.text.Board_initHook</name>
         <load_address>0x2000d65e</load_address>
         <readonly>true</readonly>
         <executable>true</executable>
         <run_address>0x2000d65e</run_address>
         <size>0x2</size>
         <alignment>0x2</alignment>
         <input_file_ref idref="fl-2"/>
      </object_component>
      <object_component id="oc-152">
         <name>.text.UART2_open</name>
         <load_address>0x2000d660</load_address>
         <readonly>true</readonly>
         <executable>true</executable>
         <run_address>0x2000d660</run_address>
         <size>0x1cc</size>
         <alignment>0x4</alignment>
         <input_file_ref idref="fl-1d"/>
      </object_component>
      <object_component id="oc-2b2">
         <name>.text.UART2_writeTimeoutBlocking</name>
         <load_address>0x2000d82c</load_address>
         <readonly>true</readonly>
         <executable>true</executable>
         <run_address>0x2000d82c</run_address>
         <size>0x174</size>
         <alignment>0x2</alignment>
         <input_file_ref idref="fl-1c"/>
      </object_component>
      <object_component id="oc-1ca">
         <name>.text.PowerCC32XX_sleepPolicy</name>
         <load_address>0x2000d9a0</load_address>
         <readonly>true</readonly>
         <executable>true</executable>
         <run_address>0x2000d9a0</run_address>
         <size>0x150</size>
         <alignment>0x4</alignment>
         <input_file_ref idref="fl-25"/>
      </object_component>
      <object_component id="oc-185">
         <name>.text.Timer_open</name>
         <load_address>0x2000daf0</load_address>
         <readonly>true</readonly>
         <executable>true</executable>
         <run_address>0x2000daf0</run_address>
         <size>0x148</size>
         <alignment>0x4</alignment>
         <input_file_ref idref="fl-1b"/>
      </object_component>
      <object_component id="oc-100">
         <name>.text.GPIO_setConfig</name>
         <load_address>0x2000dc38</load_address>
         <readonly>true</readonly>
         <executable>true</executable>
         <run_address>0x2000dc38</run_address>
         <size>0x140</size>
         <alignment>0x4</alignment>
         <input_file_ref idref="fl-15"/>
      </object_component>
      <object_component id="oc-216">
         <name>.text.I2CCC32XX_hwiFxn</name>
         <load_address>0x2000dd78</load_address>
         <readonly>true</readonly>
         <executable>true</executable>
         <run_address>0x2000dd78</run_address>
         <size>0x138</size>
         <alignment>0x2</alignment>
         <input_file_ref idref="fl-17"/>
      </object_component>
      <object_component id="oc-21e">
         <name>.text.I2C_transferTimeout</name>
         <load_address>0x2000deb0</load_address>
         <readonly>true</readonly>
         <executable>true</executable>
         <run_address>0x2000deb0</run_address>
         <size>0x126</size>
         <alignment>0x2</alignment>
         <input_file_ref idref="fl-16"/>
      </object_component>
      <object_component id="oc-15d">
         <name>.text.I2C_init</name>
         <load_address>0x2000dfd6</load_address>
         <readonly>true</readonly>
         <executable>true</executable>
         <run_address>0x2000dfd6</run_address>
         <size>0x2</size>
         <alignment>0x2</alignment>
         <input_file_ref idref="fl-16"/>
      </object_component>
      <object_component id="oc-310">
         <name>.text.aligned_alloc</name>
         <load_address>0x2000dfd8</load_address>
         <readonly>true</readonly>
         <executable>true</executable>
         <run_address>0x2000dfd8</run_address>
         <size>0x120</size>
         <alignment>0x4</alignment>
         <input_file_ref idref="fl-55"/>
      </object_component>
      <object_component id="oc-2b1">
         <name>.text.UART2_writeTimeoutNonblocking</name>
         <load_address>0x2000e0f8</load_address>
         <readonly>true</readonly>
         <executable>true</executable>
         <run_address>0x2000e0f8</run_address>
         <size>0x11a</size>
         <alignment>0x2</alignment>
         <input_file_ref idref="fl-1c"/>
      </object_component>
      <object_component id="oc-349">
         <name>.text.uDMAChannelTransferSet</name>
         <load_address>0x2000e212</load_address>
         <readonly>true</readonly>
         <executable>true</executable>
         <run_address>0x2000e212</run_address>
         <size>0x112</size>
         <alignment>0x2</alignment>
         <input_file_ref idref="fl-33"/>
      </object_component>
      <object_component id="oc-19a">
         <name>.text.__muldf3</name>
         <load_address>0x2000e324</load_address>
         <readonly>true</readonly>
         <executable>true</executable>
         <run_address>0x2000e324</run_address>
         <size>0xfc</size>
         <alignment>0x4</alignment>
         <input_file_ref idref="fl-db"/>
      </object_component>
      <object_component id="oc-b0">
         <name>.text.mainThread</name>
         <load_address>0x2000e420</load_address>
         <readonly>true</readonly>
         <executable>true</executable>
         <run_address>0x2000e420</run_address>
         <size>0xf4</size>
         <alignment>0x4</alignment>
         <input_file_ref idref="fl-1"/>
      </object_component>
      <object_component id="oc-21a">
         <name>.text.fputs</name>
         <load_address>0x2000e514</load_address>
         <readonly>true</readonly>
         <executable>true</executable>
         <run_address>0x2000e514</run_address>
         <size>0xf0</size>
         <alignment>0x4</alignment>
         <input_file_ref idref="fl-48"/>
      </object_component>
      <object_component id="oc-1d1">
         <name>.text.free</name>
         <load_address>0x2000e604</load_address>
         <readonly>true</readonly>
         <executable>true</executable>
         <run_address>0x2000e604</run_address>
         <size>0xf0</size>
         <alignment>0x4</alignment>
         <input_file_ref idref="fl-55"/>
      </object_component>
      <object_component id="oc-163">
         <name>.text.I2C_open</name>
         <load_address>0x2000e6f4</load_address>
         <readonly>true</readonly>
         <executable>true</executable>
         <run_address>0x2000e6f4</run_address>
         <size>0xe8</size>
         <alignment>0x4</alignment>
         <input_file_ref idref="fl-17"/>
      </object_component>
      <object_component id="oc-200">
         <name>.text.UART2_close</name>
         <load_address>0x2000e7dc</load_address>
         <readonly>true</readonly>
         <executable>true</executable>
         <run_address>0x2000e7dc</run_address>
         <size>0xe8</size>
         <alignment>0x4</alignment>
         <input_file_ref idref="fl-1d"/>
      </object_component>
      <object_component id="oc-35e">
         <name>.text.setvbuf</name>
         <load_address>0x2000e8c4</load_address>
         <readonly>true</readonly>
         <executable>true</executable>
         <run_address>0x2000e8c4</run_address>
         <size>0xd8</size>
         <alignment>0x4</alignment>
         <input_file_ref idref="fl-4a"/>
      </object_component>
      <object_component id="oc-2ad">
         <name>.text.UART2Support_dmaStartRx</name>
         <load_address>0x2000e99c</load_address>
         <readonly>true</readonly>
         <executable>true</executable>
         <run_address>0x2000e99c</run_address>
         <size>0xcc</size>
         <alignment>0x4</alignment>
         <input_file_ref idref="fl-1d"/>
      </object_component>
      <object_component id="oc-33c">
         <name>.text.IntDisable</name>
         <load_address>0x2000ea68</load_address>
         <readonly>true</readonly>
         <executable>true</executable>
         <run_address>0x2000ea68</run_address>
         <size>0xc8</size>
         <alignment>0x2</alignment>
         <input_file_ref idref="fl-2c"/>
      </object_component>
      <object_component id="oc-296">
         <name>.text.IntEnable</name>
         <load_address>0x2000eb30</load_address>
         <readonly>true</readonly>
         <executable>true</executable>
         <run_address>0x2000eb30</run_address>
         <size>0xc8</size>
         <alignment>0x2</alignment>
         <input_file_ref idref="fl-2c"/>
      </object_component>
      <object_component id="oc-1fc">
         <name>.text.UART2CC32XX_initHw</name>
         <load_address>0x2000ebf8</load_address>
         <readonly>true</readonly>
         <executable>true</executable>
         <run_address>0x2000ebf8</run_address>
         <size>0xc4</size>
         <alignment>0x4</alignment>
         <input_file_ref idref="fl-1d"/>
      </object_component>
      <object_component id="oc-2b0">
         <name>.text.UART2Support_dmaStartTx</name>
         <load_address>0x2000ecbc</load_address>
         <readonly>true</readonly>
         <executable>true</executable>
         <run_address>0x2000ecbc</run_address>
         <size>0xb8</size>
         <alignment>0x4</alignment>
         <input_file_ref idref="fl-1d"/>
      </object_component>
      <object_component id="oc-317">
         <name>.text</name>
         <load_address>0x2000ed74</load_address>
         <readonly>true</readonly>
         <executable>true</executable>
         <run_address>0x2000ed74</run_address>
         <size>0xb0</size>
         <alignment>0x4</alignment>
         <input_file_ref idref="fl-e3"/>
      </object_component>
      <object_component id="oc-249">
         <name>.text.GPIOIntTypeSet</name>
         <load_address>0x2000ee24</load_address>
         <readonly>true</readonly>
         <executable>true</executable>
         <run_address>0x2000ee24</run_address>
         <size>0xac</size>
         <alignment>0x2</alignment>
         <input_file_ref idref="fl-29"/>
      </object_component>
      <object_component id="oc-3b5">
         <name>.text.IntPendSet</name>
         <load_address>0x2000eed0</load_address>
         <readonly>true</readonly>
         <executable>true</executable>
         <run_address>0x2000eed0</run_address>
         <size>0xa4</size>
         <alignment>0x2</alignment>
         <input_file_ref idref="fl-2c"/>
      </object_component>
      <object_component id="oc-1a6">
         <name>.text.PinConfigSet</name>
         <load_address>0x2000ef74</load_address>
         <readonly>true</readonly>
         <executable>true</executable>
         <run_address>0x2000ef74</run_address>
         <size>0xa2</size>
         <alignment>0x2</alignment>
         <input_file_ref idref="fl-2d"/>
      </object_component>
      <object_component id="oc-2c5">
         <name>.text.I2CCC32XX_completeTransfer</name>
         <load_address>0x2000f016</load_address>
         <readonly>true</readonly>
         <executable>true</executable>
         <run_address>0x2000f016</run_address>
         <size>0x9c</size>
         <alignment>0x2</alignment>
         <input_file_ref idref="fl-17"/>
      </object_component>
      <object_component id="oc-2b6">
         <name>.text.I2CMasterInitExpClk</name>
         <load_address>0x2000f0b2</load_address>
         <readonly>true</readonly>
         <executable>true</executable>
         <run_address>0x2000f0b2</run_address>
         <size>0x98</size>
         <alignment>0x2</alignment>
         <input_file_ref idref="fl-2b"/>
      </object_component>
      <object_component id="oc-1c5">
         <name>.text.PowerCC32XX_initPolicy</name>
         <load_address>0x2000f14a</load_address>
         <readonly>true</readonly>
         <executable>true</executable>
         <run_address>0x2000f14a</run_address>
         <size>0x2</size>
         <alignment>0x2</alignment>
         <input_file_ref idref="fl-25"/>
      </object_component>
      <object_component id="oc-136">
         <name>.text.SemaphoreP_pend</name>
         <load_address>0x2000f14c</load_address>
         <readonly>true</readonly>
         <executable>true</executable>
         <run_address>0x2000f14c</run_address>
         <size>0x98</size>
         <alignment>0x4</alignment>
         <input_file_ref idref="fl-22"/>
      </object_component>
      <object_component id="oc-32e">
         <name>.text.CPUwfi</name>
         <load_address>0x2000f1e4</load_address>
         <readonly>true</readonly>
         <executable>true</executable>
         <run_address>0x2000f1e4</run_address>
         <size>0xc</size>
         <alignment>0x2</alignment>
         <input_file_ref idref="fl-28"/>
      </object_component>
      <object_component id="oc-323">
         <name>.text</name>
         <load_address>0x2000f1f0</load_address>
         <readonly>true</readonly>
         <executable>true</executable>
         <run_address>0x2000f1f0</run_address>
         <size>0x96</size>
         <alignment>0x10</alignment>
         <input_file_ref idref="fl-19"/>
      </object_component>
      <object_component id="oc-28f">
         <name>.text.uDMAChannelAttributeDisable</name>
         <load_address>0x2000f286</load_address>
         <readonly>true</readonly>
         <executable>true</executable>
         <run_address>0x2000f286</run_address>
         <size>0x92</size>
         <alignment>0x2</alignment>
         <input_file_ref idref="fl-33"/>
      </object_component>
      <object_component id="oc-dc">
         <name>.text.GPIO_init</name>
         <load_address>0x2000f318</load_address>
         <readonly>true</readonly>
         <executable>true</executable>
         <run_address>0x2000f318</run_address>
         <size>0x90</size>
         <alignment>0x4</alignment>
         <input_file_ref idref="fl-15"/>
      </object_component>
      <object_component id="oc-115">
         <name>.text.PRCMSysResetCauseGet</name>
         <load_address>0x2000f3a8</load_address>
         <readonly>true</readonly>
         <executable>true</executable>
         <run_address>0x2000f3a8</run_address>
         <size>0x8e</size>
         <alignment>0x2</alignment>
         <input_file_ref idref="fl-2e"/>
      </object_component>
      <object_component id="oc-29f">
         <name>.text.SemaphoreP_destruct</name>
         <load_address>0x2000f436</load_address>
         <readonly>true</readonly>
         <executable>true</executable>
         <run_address>0x2000f436</run_address>
         <size>0x2</size>
         <alignment>0x2</alignment>
         <input_file_ref idref="fl-22"/>
      </object_component>
      <object_component id="oc-127">
         <name>.text.PowerCC32XX_configureWakeup</name>
         <load_address>0x2000f438</load_address>
         <readonly>true</readonly>
         <executable>true</executable>
         <run_address>0x2000f438</run_address>
         <size>0x88</size>
         <alignment>0x4</alignment>
         <input_file_ref idref="fl-18"/>
      </object_component>
      <object_component id="oc-23e">
         <name>.text.fputc</name>
         <load_address>0x2000f4c0</load_address>
         <readonly>true</readonly>
         <executable>true</executable>
         <run_address>0x2000f4c0</run_address>
         <size>0x88</size>
         <alignment>0x4</alignment>
         <input_file_ref idref="fl-47"/>
      </object_component>
      <object_component id="oc-fd">
         <name>.text.readTemp</name>
         <load_address>0x2000f548</load_address>
         <readonly>true</readonly>
         <executable>true</executable>
         <run_address>0x2000f548</run_address>
         <size>0x84</size>
         <alignment>0x4</alignment>
         <input_file_ref idref="fl-1"/>
      </object_component>
      <object_component id="oc-2c2">
         <name>.text.I2CCC32XX_primeReadBurst</name>
         <load_address>0x2000f5cc</load_address>
         <readonly>true</readonly>
         <executable>true</executable>
         <run_address>0x2000f5cc</run_address>
         <size>0x7a</size>
         <alignment>0x2</alignment>
         <input_file_ref idref="fl-17"/>
      </object_component>
      <object_component id="oc-17e">
         <name>.text.Timer_init</name>
         <load_address>0x2000f646</load_address>
         <readonly>true</readonly>
         <executable>true</executable>
         <run_address>0x2000f646</run_address>
         <size>0x2</size>
         <alignment>0x2</alignment>
         <input_file_ref idref="fl-1a"/>
      </object_component>
      <object_component id="oc-d7">
         <name>.text.Power_init</name>
         <load_address>0x2000f648</load_address>
         <readonly>true</readonly>
         <executable>true</executable>
         <run_address>0x2000f648</run_address>
         <size>0x78</size>
         <alignment>0x4</alignment>
         <input_file_ref idref="fl-18"/>
      </object_component>
      <object_component id="oc-1fe">
         <name>.text.HwiP_construct</name>
         <load_address>0x2000f6c0</load_address>
         <readonly>true</readonly>
         <executable>true</executable>
         <run_address>0x2000f6c0</run_address>
         <size>0x74</size>
         <alignment>0x4</alignment>
         <input_file_ref idref="fl-24"/>
      </object_component>
      <object_component id="oc-1c2">
         <name>.text.PRCMHibernateWakeUpGPIOSelect</name>
         <load_address>0x2000f734</load_address>
         <readonly>true</readonly>
         <executable>true</executable>
         <run_address>0x2000f734</run_address>
         <size>0x74</size>
         <alignment>0x2</alignment>
         <input_file_ref idref="fl-2e"/>
      </object_component>
      <object_component id="oc-284">
         <name>.text.UARTConfigSetExpClk</name>
         <load_address>0x2000f7a8</load_address>
         <readonly>true</readonly>
         <executable>true</executable>
         <run_address>0x2000f7a8</run_address>
         <size>0x74</size>
         <alignment>0x2</alignment>
         <input_file_ref idref="fl-32"/>
      </object_component>
      <object_component id="oc-3e8">
         <name>.text.__TI_closefile</name>
         <load_address>0x2000f81c</load_address>
         <readonly>true</readonly>
         <executable>true</executable>
         <run_address>0x2000f81c</run_address>
         <size>0x74</size>
         <alignment>0x4</alignment>
         <input_file_ref idref="fl-65"/>
      </object_component>
      <object_component id="oc-f5">
         <name>.text.initTMP006</name>
         <load_address>0x2000f890</load_address>
         <readonly>true</readonly>
         <executable>true</executable>
         <run_address>0x2000f890</run_address>
         <size>0x74</size>
         <alignment>0x4</alignment>
         <input_file_ref idref="fl-1"/>
      </object_component>
      <object_component id="oc-18">
         <name>.text:decompress:lzss</name>
         <load_address>0x2000f904</load_address>
         <readonly>true</readonly>
         <executable>true</executable>
         <run_address>0x2000f904</run_address>
         <size>0x70</size>
         <alignment>0x2</alignment>
         <input_file_ref idref="fl-5d"/>
      </object_component>
      <object_component id="oc-321">
         <name>.text.PinLockLevelSet</name>
         <load_address>0x2000f974</load_address>
         <readonly>true</readonly>
         <executable>true</executable>
         <run_address>0x2000f974</run_address>
         <size>0x6c</size>
         <alignment>0x2</alignment>
         <input_file_ref idref="fl-2d"/>
      </object_component>
      <object_component id="oc-1a7">
         <name>.text.Power_setDependency</name>
         <load_address>0x2000f9e0</load_address>
         <readonly>true</readonly>
         <executable>true</executable>
         <run_address>0x2000f9e0</run_address>
         <size>0x6c</size>
         <alignment>0x4</alignment>
         <input_file_ref idref="fl-18"/>
      </object_component>
      <object_component id="oc-1fa">
         <name>.text.UDMACC32XX_open</name>
         <load_address>0x2000fa4c</load_address>
         <readonly>true</readonly>
         <executable>true</executable>
         <run_address>0x2000fa4c</run_address>
         <size>0x6c</size>
         <alignment>0x4</alignment>
         <input_file_ref idref="fl-20"/>
      </object_component>
      <object_component id="oc-f6">
         <name>.text.initTimer</name>
         <load_address>0x2000fab8</load_address>
         <readonly>true</readonly>
         <executable>true</executable>
         <run_address>0x2000fab8</run_address>
         <size>0x6c</size>
         <alignment>0x4</alignment>
         <input_file_ref idref="fl-1"/>
      </object_component>
      <object_component id="oc-13d">
         <name>.text.powerNotifyFxn</name>
         <load_address>0x2000fb24</load_address>
         <readonly>true</readonly>
         <executable>true</executable>
         <run_address>0x2000fb24</run_address>
         <size>0x6c</size>
         <alignment>0x4</alignment>
         <input_file_ref idref="fl-15"/>
      </object_component>
      <object_component id="oc-3a1">
         <name>.text.split</name>
         <load_address>0x2000fb90</load_address>
         <readonly>true</readonly>
         <executable>true</executable>
         <run_address>0x2000fb90</run_address>
         <size>0x6c</size>
         <alignment>0x4</alignment>
         <input_file_ref idref="fl-55"/>
      </object_component>
      <object_component id="oc-11d">
         <name>.text.PRCMPeripheralReset</name>
         <load_address>0x2000fbfc</load_address>
         <readonly>true</readonly>
         <executable>true</executable>
         <run_address>0x2000fbfc</run_address>
         <size>0x6a</size>
         <alignment>0x2</alignment>
         <input_file_ref idref="fl-2e"/>
      </object_component>
      <object_component id="oc-203">
         <name>.text.UART2CC32XX_eventCallback</name>
         <load_address>0x2000fc66</load_address>
         <readonly>true</readonly>
         <executable>true</executable>
         <run_address>0x2000fc66</run_address>
         <size>0x2</size>
         <alignment>0x2</alignment>
         <input_file_ref idref="fl-1d"/>
      </object_component>
      <object_component id="oc-211">
         <name>.text.I2CCC32XX_initHw</name>
         <load_address>0x2000fc68</load_address>
         <readonly>true</readonly>
         <executable>true</executable>
         <run_address>0x2000fc68</run_address>
         <size>0x68</size>
         <alignment>0x4</alignment>
         <input_file_ref idref="fl-17"/>
      </object_component>
      <object_component id="oc-293">
         <name>.text.IntPendClear</name>
         <load_address>0x2000fcd0</load_address>
         <readonly>true</readonly>
         <executable>true</executable>
         <run_address>0x2000fcd0</run_address>
         <size>0x68</size>
         <alignment>0x2</alignment>
         <input_file_ref idref="fl-2c"/>
      </object_component>
      <object_component id="oc-3bd">
         <name>.text.fseeko</name>
         <load_address>0x2000fd38</load_address>
         <readonly>true</readonly>
         <executable>true</executable>
         <run_address>0x2000fd38</run_address>
         <size>0x68</size>
         <alignment>0x4</alignment>
         <input_file_ref idref="fl-62"/>
      </object_component>
      <object_component id="oc-447">
         <name>.text.getdevice</name>
         <load_address>0x2000fda0</load_address>
         <readonly>true</readonly>
         <executable>true</executable>
         <run_address>0x2000fda0</run_address>
         <size>0x68</size>
         <alignment>0x4</alignment>
         <input_file_ref idref="fl-e6"/>
      </object_component>
      <object_component id="oc-2c3">
         <name>.text.I2CCC32XX_primeWriteBurst</name>
         <load_address>0x2000fe08</load_address>
         <readonly>true</readonly>
         <executable>true</executable>
         <run_address>0x2000fe08</run_address>
         <size>0x66</size>
         <alignment>0x2</alignment>
         <input_file_ref idref="fl-17"/>
      </object_component>
      <object_component id="oc-3a4">
         <name>.text.__aeabi_ldiv0</name>
         <load_address>0x2000fe6e</load_address>
         <readonly>true</readonly>
         <executable>true</executable>
         <run_address>0x2000fe6e</run_address>
         <size>0x2</size>
         <alignment>0x2</alignment>
         <input_file_ref idref="fl-e5"/>
      </object_component>
      <object_component id="oc-409">
         <name>.text.HOSTrename</name>
         <load_address>0x2000fe70</load_address>
         <readonly>true</readonly>
         <executable>true</executable>
         <run_address>0x2000fe70</run_address>
         <size>0x64</size>
         <alignment>0x4</alignment>
         <input_file_ref idref="fl-d6"/>
      </object_component>
      <object_component id="oc-1a4">
         <name>.text.GPIO_write</name>
         <load_address>0x2000fed4</load_address>
         <readonly>true</readonly>
         <executable>true</executable>
         <run_address>0x2000fed4</run_address>
         <size>0x60</size>
         <alignment>0x4</alignment>
         <input_file_ref idref="fl-15"/>
      </object_component>
      <object_component id="oc-2af">
         <name>.text.UART2Support_dmaStopTx</name>
         <load_address>0x2000ff34</load_address>
         <readonly>true</readonly>
         <executable>true</executable>
         <run_address>0x2000ff34</run_address>
         <size>0x60</size>
         <alignment>0x2</alignment>
         <input_file_ref idref="fl-1d"/>
      </object_component>
      <object_component id="oc-2c6">
         <name>.text.__TI_wrt_ok</name>
         <load_address>0x2000ff94</load_address>
         <readonly>true</readonly>
         <executable>true</executable>
         <run_address>0x2000ff94</run_address>
         <size>0x60</size>
         <alignment>0x2</alignment>
         <input_file_ref idref="fl-49"/>
      </object_component>
      <object_component id="oc-412">
         <name>.text.close</name>
         <load_address>0x2000fff4</load_address>
         <readonly>true</readonly>
         <executable>true</executable>
         <run_address>0x2000fff4</run_address>
         <size>0x60</size>
         <alignment>0x4</alignment>
         <input_file_ref idref="fl-d0"/>
      </object_component>
      <object_component id="oc-f7">
         <name>.text.printf</name>
         <load_address>0x20010054</load_address>
         <readonly>true</readonly>
         <executable>true</executable>
         <run_address>0x20010054</run_address>
         <size>0x60</size>
         <alignment>0x4</alignment>
         <input_file_ref idref="fl-44"/>
      </object_component>
      <object_component id="oc-3b0">
         <name>.text.FlashDisable</name>
         <load_address>0x200100b4</load_address>
         <readonly>true</readonly>
         <executable>true</executable>
         <run_address>0x200100b4</run_address>
         <size>0x5c</size>
         <alignment>0x2</alignment>
         <input_file_ref idref="fl-35"/>
      </object_component>
      <object_component id="oc-2d8">
         <name>.text.I2CSupport_primeTransfer</name>
         <load_address>0x20010110</load_address>
         <readonly>true</readonly>
         <executable>true</executable>
         <run_address>0x20010110</run_address>
         <size>0x5c</size>
         <alignment>0x2</alignment>
         <input_file_ref idref="fl-17"/>
      </object_component>
      <object_component id="oc-1c4">
         <name>.text.PRCMHibernateWakeupSourceDisable</name>
         <load_address>0x2001016c</load_address>
         <readonly>true</readonly>
         <executable>true</executable>
         <run_address>0x2001016c</run_address>
         <size>0x5c</size>
         <alignment>0x2</alignment>
         <input_file_ref idref="fl-2e"/>
      </object_component>
      <object_component id="oc-226">
         <name>.text.TimerCC32XX_allocateTimerResource</name>
         <load_address>0x200101c8</load_address>
         <readonly>true</readonly>
         <executable>true</executable>
         <run_address>0x200101c8</run_address>
         <size>0x5c</size>
         <alignment>0x4</alignment>
         <input_file_ref idref="fl-1b"/>
      </object_component>
      <object_component id="oc-11c">
         <name>.text.PRCMPeripheralClkEnable</name>
         <load_address>0x20010224</load_address>
         <readonly>true</readonly>
         <executable>true</executable>
         <run_address>0x20010224</run_address>
         <size>0x5a</size>
         <alignment>0x2</alignment>
         <input_file_ref idref="fl-2e"/>
      </object_component>
      <object_component id="oc-1b0">
         <name>.text._nop</name>
         <load_address>0x2001027e</load_address>
         <readonly>true</readonly>
         <executable>true</executable>
         <run_address>0x2001027e</run_address>
         <size>0x2</size>
         <alignment>0x2</alignment>
         <input_file_ref idref="fl-4f"/>
      </object_component>
      <object_component id="oc-315">
         <name>.text.ClockP_startup</name>
         <load_address>0x20010280</load_address>
         <readonly>true</readonly>
         <executable>true</executable>
         <run_address>0x20010280</run_address>
         <size>0x58</size>
         <alignment>0x4</alignment>
         <input_file_ref idref="fl-23"/>
      </object_component>
      <object_component id="oc-401">
         <name>.text.HOSTlseek</name>
         <load_address>0x200102d8</load_address>
         <readonly>true</readonly>
         <executable>true</executable>
         <run_address>0x200102d8</run_address>
         <size>0x58</size>
         <alignment>0x4</alignment>
         <input_file_ref idref="fl-d3"/>
      </object_component>
      <object_component id="oc-3f1">
         <name>.text.HOSTopen</name>
         <load_address>0x20010330</load_address>
         <readonly>true</readonly>
         <executable>true</executable>
         <run_address>0x20010330</run_address>
         <size>0x58</size>
         <alignment>0x4</alignment>
         <input_file_ref idref="fl-d4"/>
      </object_component>
      <object_component id="oc-295">
         <name>.text.IntPrioritySet</name>
         <load_address>0x20010388</load_address>
         <readonly>true</readonly>
         <executable>true</executable>
         <run_address>0x20010388</run_address>
         <size>0x58</size>
         <alignment>0x2</alignment>
         <input_file_ref idref="fl-2c"/>
      </object_component>
      <object_component id="oc-32d">
         <name>.text.PRCMLPDSEnter</name>
         <load_address>0x200103e0</load_address>
         <readonly>true</readonly>
         <executable>true</executable>
         <run_address>0x200103e0</run_address>
         <size>0x56</size>
         <alignment>0x2</alignment>
         <input_file_ref idref="fl-2e"/>
      </object_component>
      <object_component id="oc-57">
         <name>.text.busFaultHandler</name>
         <load_address>0x20010436</load_address>
         <readonly>true</readonly>
         <executable>true</executable>
         <run_address>0x20010436</run_address>
         <size>0x2</size>
         <alignment>0x2</alignment>
         <input_file_ref idref="fl-26"/>
      </object_component>
      <object_component id="oc-3f9">
         <name>.text.HOSTread</name>
         <load_address>0x20010438</load_address>
         <readonly>true</readonly>
         <executable>true</executable>
         <run_address>0x20010438</run_address>
         <size>0x54</size>
         <alignment>0x4</alignment>
         <input_file_ref idref="fl-d5"/>
      </object_component>
      <object_component id="oc-3fd">
         <name>.text.HOSTwrite</name>
         <load_address>0x2001048c</load_address>
         <readonly>true</readonly>
         <executable>true</executable>
         <run_address>0x2001048c</run_address>
         <size>0x54</size>
         <alignment>0x4</alignment>
         <input_file_ref idref="fl-d8"/>
      </object_component>
      <object_component id="oc-1e4">
         <name>.text.PowerCC32XX_setParkState</name>
         <load_address>0x200104e0</load_address>
         <readonly>true</readonly>
         <executable>true</executable>
         <run_address>0x200104e0</run_address>
         <size>0x54</size>
         <alignment>0x4</alignment>
         <input_file_ref idref="fl-18"/>
      </object_component>
      <object_component id="oc-2a2">
         <name>.text.Power_releaseDependency</name>
         <load_address>0x20010534</load_address>
         <readonly>true</readonly>
         <executable>true</executable>
         <run_address>0x20010534</run_address>
         <size>0x54</size>
         <alignment>0x4</alignment>
         <input_file_ref idref="fl-18"/>
      </object_component>
      <object_component id="oc-1af">
         <name>.text.GPIO_hwiIntFxn</name>
         <load_address>0x20010588</load_address>
         <readonly>true</readonly>
         <executable>true</executable>
         <run_address>0x20010588</run_address>
         <size>0x50</size>
         <alignment>0x4</alignment>
         <input_file_ref idref="fl-15"/>
      </object_component>
      <object_component id="oc-1c3">
         <name>.text.PRCMHibernateWakeupSourceEnable</name>
         <load_address>0x200105d8</load_address>
         <readonly>true</readonly>
         <executable>true</executable>
         <run_address>0x200105d8</run_address>
         <size>0x50</size>
         <alignment>0x2</alignment>
         <input_file_ref idref="fl-2e"/>
      </object_component>
      <object_component id="oc-26d">
         <name>.text.SemaphoreP_construct</name>
         <load_address>0x20010628</load_address>
         <readonly>true</readonly>
         <executable>true</executable>
         <run_address>0x20010628</run_address>
         <size>0x50</size>
         <alignment>0x4</alignment>
         <input_file_ref idref="fl-22"/>
      </object_component>
      <object_component id="oc-2d0">
         <name>.text.__TI_doflush</name>
         <load_address>0x20010678</load_address>
         <readonly>true</readonly>
         <executable>true</executable>
         <run_address>0x20010678</run_address>
         <size>0x50</size>
         <alignment>0x2</alignment>
         <input_file_ref idref="fl-60"/>
      </object_component>
      <object_component id="oc-28e">
         <name>.text.uDMAChannelAssign</name>
         <load_address>0x200106c8</load_address>
         <readonly>true</readonly>
         <executable>true</executable>
         <run_address>0x200106c8</run_address>
         <size>0x4e</size>
         <alignment>0x2</alignment>
         <input_file_ref idref="fl-33"/>
      </object_component>
      <object_component id="oc-1d8">
         <name>.text.clkFxn</name>
         <load_address>0x20010716</load_address>
         <readonly>true</readonly>
         <executable>true</executable>
         <run_address>0x20010716</run_address>
         <size>0x2</size>
         <alignment>0x2</alignment>
         <input_file_ref idref="fl-22"/>
      </object_component>
      <object_component id="oc-1ac">
         <name>.text.GPIO_setInterruptConfig</name>
         <load_address>0x20010718</load_address>
         <readonly>true</readonly>
         <executable>true</executable>
         <run_address>0x20010718</run_address>
         <size>0x4c</size>
         <alignment>0x4</alignment>
         <input_file_ref idref="fl-15"/>
      </object_component>
      <object_component id="oc-3ae">
         <name>.text.PRCMLPDSRestoreInfoSet</name>
         <load_address>0x20010764</load_address>
         <readonly>true</readonly>
         <executable>true</executable>
         <run_address>0x20010764</run_address>
         <size>0x4c</size>
         <alignment>0x2</alignment>
         <input_file_ref idref="fl-2e"/>
      </object_component>
      <object_component id="oc-22a">
         <name>.text.initHw</name>
         <load_address>0x200107b0</load_address>
         <readonly>true</readonly>
         <executable>true</executable>
         <run_address>0x200107b0</run_address>
         <size>0x4c</size>
         <alignment>0x2</alignment>
         <input_file_ref idref="fl-1b"/>
      </object_component>
      <object_component id="oc-f3">
         <name>.text.initUART</name>
         <load_address>0x200107fc</load_address>
         <readonly>true</readonly>
         <executable>true</executable>
         <run_address>0x200107fc</run_address>
         <size>0x4c</size>
         <alignment>0x4</alignment>
         <input_file_ref idref="fl-1"/>
      </object_component>
      <object_component id="oc-2ab">
         <name>.text.UART2Support_dmaStopRx</name>
         <load_address>0x20010848</load_address>
         <readonly>true</readonly>
         <executable>true</executable>
         <run_address>0x20010848</run_address>
         <size>0x4a</size>
         <alignment>0x2</alignment>
         <input_file_ref idref="fl-1d"/>
      </object_component>
      <object_component id="oc-229">
         <name>.text.getPrescaler</name>
         <load_address>0x20010892</load_address>
         <readonly>true</readonly>
         <executable>true</executable>
         <run_address>0x20010892</run_address>
         <size>0x4a</size>
         <alignment>0x2</alignment>
         <input_file_ref idref="fl-1b"/>
      </object_component>
      <object_component id="oc-343">
         <name>.text.uDMAChannelSizeGet</name>
         <load_address>0x200108dc</load_address>
         <readonly>true</readonly>
         <executable>true</executable>
         <run_address>0x200108dc</run_address>
         <size>0x4a</size>
         <alignment>0x2</alignment>
         <input_file_ref idref="fl-33"/>
      </object_component>
      <object_component id="oc-56">
         <name>.text.defaultHandler</name>
         <load_address>0x20010926</load_address>
         <readonly>true</readonly>
         <executable>true</executable>
         <run_address>0x20010926</run_address>
         <size>0x2</size>
         <alignment>0x2</alignment>
         <input_file_ref idref="fl-26"/>
      </object_component>
      <object_component id="oc-58">
         <name>.text.ClockP_sysTickHandler</name>
         <load_address>0x20010928</load_address>
         <readonly>true</readonly>
         <executable>true</executable>
         <run_address>0x20010928</run_address>
         <size>0x48</size>
         <alignment>0x4</alignment>
         <input_file_ref idref="fl-23"/>
      </object_component>
      <object_component id="oc-327">
         <name>.text.PRCMIntEnable</name>
         <load_address>0x20010970</load_address>
         <readonly>true</readonly>
         <executable>true</executable>
         <run_address>0x20010970</run_address>
         <size>0x48</size>
         <alignment>0x2</alignment>
         <input_file_ref idref="fl-2e"/>
      </object_component>
      <object_component id="oc-247">
         <name>.text.PRCMPeripheralStatusGet</name>
         <load_address>0x200109b8</load_address>
         <readonly>true</readonly>
         <executable>true</executable>
         <run_address>0x200109b8</run_address>
         <size>0x48</size>
         <alignment>0x2</alignment>
         <input_file_ref idref="fl-2e"/>
      </object_component>
      <object_component id="oc-3ab">
         <name>.text.PinConfigGet</name>
         <load_address>0x20010a00</load_address>
         <readonly>true</readonly>
         <executable>true</executable>
         <run_address>0x20010a00</run_address>
         <size>0x48</size>
         <alignment>0x2</alignment>
         <input_file_ref idref="fl-2d"/>
      </object_component>
      <object_component id="oc-19e">
         <name>.text.__fixdfsi</name>
         <load_address>0x20010a48</load_address>
         <readonly>true</readonly>
         <executable>true</executable>
         <run_address>0x20010a48</run_address>
         <size>0x48</size>
         <alignment>0x4</alignment>
         <input_file_ref idref="fl-dd"/>
      </object_component>
      <object_component id="oc-ff">
         <name>.text.reportStatus</name>
         <load_address>0x20010a90</load_address>
         <readonly>true</readonly>
         <executable>true</executable>
         <run_address>0x20010a90</run_address>
         <size>0x48</size>
         <alignment>0x4</alignment>
         <input_file_ref idref="fl-1"/>
      </object_component>
      <object_component id="oc-2c1">
         <name>.text.I2CCC32XX_fillTransmitFifo</name>
         <load_address>0x20010ad8</load_address>
         <readonly>true</readonly>
         <executable>true</executable>
         <run_address>0x20010ad8</run_address>
         <size>0x46</size>
         <alignment>0x2</alignment>
         <input_file_ref idref="fl-17"/>
      </object_component>
      <object_component id="oc-32c">
         <name>.text.PRCMLPDSEnterKeepDebugIf</name>
         <load_address>0x20010b1e</load_address>
         <readonly>true</readonly>
         <executable>true</executable>
         <run_address>0x20010b1e</run_address>
         <size>0x46</size>
         <alignment>0x2</alignment>
         <input_file_ref idref="fl-2e"/>
      </object_component>
      <object_component id="oc-341">
         <name>.text.RingBuf_put</name>
         <load_address>0x20010b64</load_address>
         <readonly>true</readonly>
         <executable>true</executable>
         <run_address>0x20010b64</run_address>
         <size>0x46</size>
         <alignment>0x2</alignment>
         <input_file_ref idref="fl-1f"/>
      </object_component>
      <object_component id="oc-1aa">
         <name>.text.GPIODirModeSet</name>
         <load_address>0x20010baa</load_address>
         <readonly>true</readonly>
         <executable>true</executable>
         <run_address>0x20010baa</run_address>
         <size>0x44</size>
         <alignment>0x2</alignment>
         <input_file_ref idref="fl-29"/>
      </object_component>
      <object_component id="oc-55">
         <name>.text.faultISR</name>
         <load_address>0x20010bee</load_address>
         <readonly>true</readonly>
         <executable>true</executable>
         <run_address>0x20010bee</run_address>
         <size>0x2</size>
         <alignment>0x2</alignment>
         <input_file_ref idref="fl-26"/>
      </object_component>
      <object_component id="oc-24a">
         <name>.text.GPIO_disableInt</name>
         <load_address>0x20010bf0</load_address>
         <readonly>true</readonly>
         <executable>true</executable>
         <run_address>0x20010bf0</run_address>
         <size>0x44</size>
         <alignment>0x4</alignment>
         <input_file_ref idref="fl-15"/>
      </object_component>
      <object_component id="oc-f2">
         <name>.text.GPIO_enableInt</name>
         <load_address>0x20010c34</load_address>
         <readonly>true</readonly>
         <executable>true</executable>
         <run_address>0x20010c34</run_address>
         <size>0x44</size>
         <alignment>0x4</alignment>
         <input_file_ref idref="fl-15"/>
      </object_component>
      <object_component id="oc-405">
         <name>.text.HOSTunlink</name>
         <load_address>0x20010c78</load_address>
         <readonly>true</readonly>
         <executable>true</executable>
         <run_address>0x20010c78</run_address>
         <size>0x44</size>
         <alignment>0x4</alignment>
         <input_file_ref idref="fl-d7"/>
      </object_component>
      <object_component id="oc-2ae">
         <name>.text.Power_releaseConstraint</name>
         <load_address>0x20010cbc</load_address>
         <readonly>true</readonly>
         <executable>true</executable>
         <run_address>0x20010cbc</run_address>
         <size>0x44</size>
         <alignment>0x4</alignment>
         <input_file_ref idref="fl-18"/>
      </object_component>
      <object_component id="oc-18b">
         <name>.text.Timer_start</name>
         <load_address>0x20010d00</load_address>
         <readonly>true</readonly>
         <executable>true</executable>
         <run_address>0x20010d00</run_address>
         <size>0x44</size>
         <alignment>0x2</alignment>
         <input_file_ref idref="fl-1a"/>
      </object_component>
      <object_component id="oc-7d">
         <name>.text.addToList</name>
         <load_address>0x20010d44</load_address>
         <readonly>true</readonly>
         <executable>true</executable>
         <run_address>0x20010d44</run_address>
         <size>0x44</size>
         <alignment>0x4</alignment>
         <input_file_ref idref="fl-23"/>
      </object_component>
      <object_component id="oc-174">
         <name>.text.snprintf</name>
         <load_address>0x20010d88</load_address>
         <readonly>true</readonly>
         <executable>true</executable>
         <run_address>0x20010d88</run_address>
         <size>0x44</size>
         <alignment>0x4</alignment>
         <input_file_ref idref="fl-46"/>
      </object_component>
      <object_component id="oc-124">
         <name>.text.PinModeSet</name>
         <load_address>0x20010dcc</load_address>
         <readonly>true</readonly>
         <executable>true</executable>
         <run_address>0x20010dcc</run_address>
         <size>0x42</size>
         <alignment>0x2</alignment>
         <input_file_ref idref="fl-2d"/>
      </object_component>
      <object_component id="oc-2e8">
         <name>.text.TimerControlStall</name>
         <load_address>0x20010e0e</load_address>
         <readonly>true</readonly>
         <executable>true</executable>
         <run_address>0x20010e0e</run_address>
         <size>0x42</size>
         <alignment>0x2</alignment>
         <input_file_ref idref="fl-31"/>
      </object_component>
      <object_component id="oc-228">
         <name>.text.Timer_close</name>
         <load_address>0x20010e50</load_address>
         <readonly>true</readonly>
         <executable>true</executable>
         <run_address>0x20010e50</run_address>
         <size>0x42</size>
         <alignment>0x2</alignment>
         <input_file_ref idref="fl-1b"/>
      </object_component>
      <object_component id="oc-259">
         <name>.text.getCountsRTC</name>
         <load_address>0x20010e92</load_address>
         <readonly>true</readonly>
         <executable>true</executable>
         <run_address>0x20010e92</run_address>
         <size>0x42</size>
         <alignment>0x2</alignment>
         <input_file_ref idref="fl-25"/>
      </object_component>
      <object_component id="oc-138">
         <name>.text.SemaphoreP_post</name>
         <load_address>0x20010ed4</load_address>
         <readonly>true</readonly>
         <executable>true</executable>
         <run_address>0x20010ed4</run_address>
         <size>0x40</size>
         <alignment>0x4</alignment>
         <input_file_ref idref="fl-22"/>
      </object_component>
      <object_component id="oc-2de">
         <name>.text.Timer_stop</name>
         <load_address>0x20010f14</load_address>
         <readonly>true</readonly>
         <executable>true</executable>
         <run_address>0x20010f14</run_address>
         <size>0x40</size>
         <alignment>0x2</alignment>
         <input_file_ref idref="fl-1a"/>
      </object_component>
      <object_component id="oc-2f8">
         <name>.text.atoi</name>
         <load_address>0x20010f54</load_address>
         <readonly>true</readonly>
         <executable>true</executable>
         <run_address>0x20010f54</run_address>
         <size>0x40</size>
         <alignment>0x4</alignment>
         <input_file_ref idref="fl-52"/>
      </object_component>
      <object_component id="oc-f4">
         <name>.text.initI2C</name>
         <load_address>0x20010f94</load_address>
         <readonly>true</readonly>
         <executable>true</executable>
         <run_address>0x20010f94</run_address>
         <size>0x40</size>
         <alignment>0x4</alignment>
         <input_file_ref idref="fl-1"/>
      </object_component>
      <object_component id="oc-348">
         <name>.text.uDMAChannelControlSet</name>
         <load_address>0x20010fd4</load_address>
         <readonly>true</readonly>
         <executable>true</executable>
         <run_address>0x20010fd4</run_address>
         <size>0x40</size>
         <alignment>0x2</alignment>
         <input_file_ref idref="fl-33"/>
      </object_component>
      <object_component id="oc-3ad">
         <name>.text.PinDirModeSet</name>
[...]
         <value>0x20011631</value>
         <object_component_ref idref="oc-2e6"/>
      </symbol>
      <symbol id="sm-6cd">
         <name>UARTBusy</name>
         <value>0x20012419</value>
         <object_component_ref idref="oc-3bc"/>
      </symbol>
      <symbol id="sm-6ce">
         <name>UARTCharPutNonBlocking</name>
         <value>0x20011301</value>
         <object_component_ref idref="oc-3bb"/>
      </symbol>
      <symbol id="sm-6cf">
         <name>UARTCharsAvail</name>
         <value>0x20012111</value>
         <object_component_ref idref="oc-2ac"/>
      </symbol>
      <symbol id="sm-6d0">
         <name>UARTConfigSetExpClk</name>
         <value>0x2000f7a9</value>
         <object_component_ref idref="oc-284"/>
      </symbol>
      <symbol id="sm-6d1">
         <name>UARTDMADisable</name>
         <value>0x20012127</value>
         <object_component_ref idref="oc-29b"/>
      </symbol>
      <symbol id="sm-6d2">
         <name>UARTDMAEnable</name>
         <value>0x2001221d</value>
         <object_component_ref idref="oc-34b"/>
      </symbol>
      <symbol id="sm-6d3">
         <name>UARTDisable</name>
         <value>0x200117ab</value>
         <object_component_ref idref="oc-29d"/>
      </symbol>
      <symbol id="sm-6d4">
         <name>UARTEnable</name>
         <value>0x20011e51</value>
         <object_component_ref idref="oc-28a"/>
      </symbol>
      <symbol id="sm-6d5">
         <name>UARTFIFOLevelSet</name>
         <value>0x2001213d</value>
         <object_component_ref idref="oc-28c"/>
      </symbol>
      <symbol id="sm-6d6">
         <name>UARTFlowControlSet</name>
         <value>0x2001202d</value>
         <object_component_ref idref="oc-28d"/>
      </symbol>
      <symbol id="sm-6d7">
         <name>UARTIntClear</name>
         <value>0x20012429</value>
         <object_component_ref idref="oc-289"/>
      </symbol>
      <symbol id="sm-6d8">
         <name>UARTIntDisable</name>
         <value>0x20012153</value>
         <object_component_ref idref="oc-29a"/>
      </symbol>
      <symbol id="sm-6d9">
         <name>UARTIntEnable</name>
         <value>0x20012231</value>
         <object_component_ref idref="oc-28b"/>
      </symbol>
      <symbol id="sm-6da">
         <name>UARTIntStatus</name>
         <value>0x2001198f</value>
         <object_component_ref idref="oc-2a7"/>
      </symbol>
      <symbol id="sm-6db">
         <name>UARTRxErrorGet</name>
         <value>0x20012439</value>
         <object_component_ref idref="oc-2a9"/>
      </symbol>
      <symbol id="sm-734">
         <name>uDMAChannelAssign</name>
         <value>0x200106c9</value>
         <object_component_ref idref="oc-28e"/>
      </symbol>
      <symbol id="sm-735">
         <name>uDMAChannelAttributeDisable</name>
         <value>0x2000f287</value>
         <object_component_ref idref="oc-28f"/>
      </symbol>
      <symbol id="sm-736">
         <name>uDMAChannelControlSet</name>
         <value>0x20010fd5</value>
         <object_component_ref idref="oc-348"/>
      </symbol>
      <symbol id="sm-737">
         <name>uDMAChannelDisable</name>
         <value>0x20011e8d</value>
         <object_component_ref idref="oc-342"/>
      </symbol>
      <symbol id="sm-738">
         <name>uDMAChannelEnable</name>
         <value>0x20011eab</value>
         <object_component_ref idref="oc-34a"/>
      </symbol>
      <symbol id="sm-739">
         <name>uDMAChannelIsEnabled</name>
         <value>0x20011ec9</value>
         <object_component_ref idref="oc-2aa"/>
      </symbol>
      <symbol id="sm-73a">
         <name>uDMAChannelSizeGet</name>
         <value>0x200108dd</value>
         <object_component_ref idref="oc-343"/>
      </symbol>
      <symbol id="sm-73b">
         <name>uDMAChannelTransferSet</name>
         <value>0x2000e213</value>
         <object_component_ref idref="oc-349"/>
      </symbol>
      <symbol id="sm-73c">
         <name>uDMAControlBaseSet</name>
         <value>0x20012259</value>
         <object_component_ref idref="oc-281"/>
      </symbol>
      <symbol id="sm-73d">
         <name>uDMAEnable</name>
         <value>0x200124cd</value>
         <object_component_ref idref="oc-27c"/>
      </symbol>
      <symbol id="sm-73e">
         <name>uDMAErrorStatusClear</name>
         <value>0x200124db</value>
         <object_component_ref idref="oc-3e3"/>
      </symbol>
      <symbol id="sm-73f">
         <name>uDMAErrorStatusGet</name>
         <value>0x200125ad</value>
         <object_component_ref idref="oc-3e2"/>
      </symbol>
      <symbol id="sm-740">
         <name>uDMAIntClear</name>
         <value>0x2001226d</value>
         <object_component_ref idref="oc-344"/>
      </symbol>
      <symbol id="sm-74b">
         <name>UtilsDelay</name>
         <value>0x20012631</value>
         <object_component_ref idref="oc-116"/>
      </symbol>
      <symbol id="sm-778">
         <name>FlashDisable</name>
         <value>0x200100b5</value>
         <object_component_ref idref="oc-3b0"/>
      </symbol>
      <symbol id="sm-789">
         <name>printf</name>
         <value>0x20010055</value>
         <object_component_ref idref="oc-f7"/>
      </symbol>
      <symbol id="sm-7a9">
         <name>__TI_printfi_nofloat</name>
         <value>0x2000c041</value>
         <object_component_ref idref="oc-239"/>
      </symbol>
      <symbol id="sm-7ba">
         <name>snprintf</name>
         <value>0x20010d89</value>
         <object_component_ref idref="oc-174"/>
      </symbol>
      <symbol id="sm-7c5">
         <name>fputc</name>
         <value>0x2000f4c1</value>
         <object_component_ref idref="oc-23e"/>
      </symbol>
      <symbol id="sm-7d4">
         <name>puts</name>
         <value>0x20011c41</value>
         <object_component_ref idref="oc-169"/>
      </symbol>
      <symbol id="sm-7d5">
         <name>fputs</name>
         <value>0x2000e515</value>
         <object_component_ref idref="oc-21a"/>
      </symbol>
      <symbol id="sm-7df">
         <name>__TI_wrt_ok</name>
         <value>0x2000ff95</value>
         <object_component_ref idref="oc-2c6"/>
      </symbol>
      <symbol id="sm-7e9">
         <name>setvbuf</name>
         <value>0x2000e8c5</value>
         <object_component_ref idref="oc-35e"/>
      </symbol>
      <symbol id="sm-7f6">
         <name>__aeabi_errno_addr</name>
         <value>0x20012639</value>
         <object_component_ref idref="oc-300"/>
      </symbol>
      <symbol id="sm-7f7">
         <name>__aeabi_errno</name>
         <value>0x20013c2c</value>
         <object_component_ref idref="oc-37a"/>
      </symbol>
      <symbol id="sm-805">
         <name>abort</name>
         <value>0x200126a5</value>
         <object_component_ref idref="oc-b8"/>
      </symbol>
      <symbol id="sm-806">
         <name>C$$EXIT</name>
         <value>0x200126a4</value>
         <object_component_ref idref="oc-b8"/>
      </symbol>
      <symbol id="sm-807">
         <name>__TI_cleanup_ptr</name>
         <value>0x20013c14</value>
         <object_component_ref idref="oc-10d"/>
      </symbol>
      <symbol id="sm-808">
         <name>__TI_dtors_ptr</name>
         <value>0x20013c18</value>
         <object_component_ref idref="oc-10d"/>
      </symbol>
      <symbol id="sm-809">
         <name>exit</name>
         <value>0x200116c1</value>
         <object_component_ref idref="oc-bd"/>
      </symbol>
      <symbol id="sm-812">
         <name>_nop</name>
         <value>0x2001027f</value>
         <object_component_ref idref="oc-1b0"/>
      </symbol>
      <symbol id="sm-813">
         <name>_lock</name>
         <value>0x20013c30</value>
         <object_component_ref idref="oc-10b"/>
      </symbol>
      <symbol id="sm-814">
         <name>_unlock</name>
         <value>0x20013c34</value>
         <object_component_ref idref="oc-10e"/>
      </symbol>
      <symbol id="sm-820">
         <name>atoi</name>
         <value>0x20010f55</value>
         <object_component_ref idref="oc-2f8"/>
      </symbol>
      <symbol id="sm-825">
         <name>_ftable</name>
         <value>0x20013950</value>
         <object_component_ref idref="oc-190"/>
      </symbol>
      <symbol id="sm-826">
         <name>__TI_ft_end</name>
         <value>0x20013c28</value>
         <object_component_ref idref="oc-3ee"/>
      </symbol>
      <symbol id="sm-827">
         <name>__TI_tmpnams</name>
         <value>0x200130c0</value>
         <object_component_ref idref="oc-41a"/>
      </symbol>
      <symbol id="sm-830">
         <name>memccpy</name>
         <value>0x20011e6f</value>
         <object_component_ref idref="oc-2f1"/>
      </symbol>
      <symbol id="sm-850">
         <name>malloc</name>
         <value>0x20012649</value>
         <object_component_ref idref="oc-248"/>
      </symbol>
      <symbol id="sm-851">
         <name>aligned_alloc</name>
         <value>0x2000dfd9</value>
         <object_component_ref idref="oc-310"/>
      </symbol>
      <symbol id="sm-852">
         <name>free</name>
         <value>0x2000e605</value>
         <object_component_ref idref="oc-1d1"/>
      </symbol>
      <symbol id="sm-853">
         <name>_sys_memory</name>
         <value>0x20004040</value>
         <object_component_ref idref="oc-31"/>
      </symbol>
      <symbol id="sm-854">
         <name>memalign</name>
         <value>0x2000dfd9</value>
         <object_component_ref idref="oc-310"/>
      </symbol>
      <symbol id="sm-85f">
         <name>_c_int00_noargs</name>
         <value>0x20011c89</value>
         <object_component_ref idref="oc-76"/>
      </symbol>
      <symbol id="sm-860">
         <name>__stack</name>
         <value>0x20003000</value>
         <object_component_ref idref="oc-16"/>
      </symbol>
      <symbol id="sm-86c">
         <name>__TI_auto_init_nobinit_nopinit</name>
         <value>0x2001125d</value>
         <object_component_ref idref="oc-bf"/>
      </symbol>
      <symbol id="sm-874">
         <name>_system_pre_init</name>
         <value>0x20012699</value>
         <object_component_ref idref="oc-8b"/>
      </symbol>
      <symbol id="sm-87f">
         <name>__TI_zero_init</name>
         <value>0x20012469</value>
         <object_component_ref idref="oc-49"/>
      </symbol>
      <symbol id="sm-888">
         <name>__TI_decompress_none</name>
         <value>0x200124f7</value>
         <object_component_ref idref="oc-1c"/>
      </symbol>
      <symbol id="sm-892">
         <name>__TI_decompress_lzss</name>
         <value>0x2000f905</value>
         <object_component_ref idref="oc-18"/>
      </symbol>
      <symbol id="sm-89b">
         <name>wcslen</name>
         <value>0x20012459</value>
         <object_component_ref idref="oc-2fc"/>
      </symbol>
      <symbol id="sm-8a6">
         <name>__TI_doflush</name>
         <value>0x20010679</value>
         <object_component_ref idref="oc-2d0"/>
      </symbol>
      <symbol id="sm-8b1">
         <name>__TI_cleanup</name>
         <value>0x200114a5</value>
         <object_component_ref idref="oc-3c1"/>
      </symbol>
      <symbol id="sm-8be">
         <name>fseek</name>
         <value>0x2001269d</value>
         <object_component_ref idref="oc-359"/>
      </symbol>
      <symbol id="sm-8bf">
         <name>fseeko</name>
         <value>0x2000fd39</value>
         <object_component_ref idref="oc-3bd"/>
      </symbol>
      <symbol id="sm-8c0">
         <name>__aeabi_ctype_table_</name>
         <value>0x20013c40</value>
         <object_component_ref idref="oc-373"/>
      </symbol>
      <symbol id="sm-8c1">
         <name>__aeabi_ctype_table_C</name>
         <value>0x20013c40</value>
         <object_component_ref idref="oc-373"/>
      </symbol>
      <symbol id="sm-8cd">
         <name>__TI_closefile</name>
         <value>0x2000f81d</value>
         <object_component_ref idref="oc-3e8"/>
      </symbol>
      <symbol id="sm-8d7">
         <name>write</name>
         <value>0x200118e5</value>
         <object_component_ref idref="oc-2cc"/>
      </symbol>
      <symbol id="sm-8dc">
         <name>_device</name>
         <value>0x20013ac4</value>
         <object_component_ref idref="oc-3ca"/>
      </symbol>
      <symbol id="sm-8dd">
         <name>_stream</name>
         <value>0x20013b3c</value>
         <object_component_ref idref="oc-364"/>
      </symbol>
      <symbol id="sm-8e5">
         <name>remove</name>
         <value>0x200126a1</value>
         <object_component_ref idref="oc-416"/>
      </symbol>
      <symbol id="sm-8f0">
         <name>lseek</name>
         <value>0x2001188d</value>
         <object_component_ref idref="oc-3e4"/>
      </symbol>
      <symbol id="sm-8fa">
         <name>close</name>
         <value>0x2000fff5</value>
         <object_component_ref idref="oc-412"/>
      </symbol>
      <symbol id="sm-904">
         <name>unlink</name>
         <value>0x200118b9</value>
         <object_component_ref idref="oc-43e"/>
      </symbol>
      <symbol id="sm-90e">
         <name>HOSTclose</name>
         <value>0x20011091</value>
         <object_component_ref idref="oc-3f5"/>
      </symbol>
      <symbol id="sm-918">
         <name>HOSTlseek</name>
         <value>0x200102d9</value>
         <object_component_ref idref="oc-401"/>
      </symbol>
      <symbol id="sm-922">
         <name>HOSTopen</name>
         <value>0x20010331</value>
         <object_component_ref idref="oc-3f1"/>
      </symbol>
      <symbol id="sm-923">
         <name>parmbuf</name>
         <value>0x200133b0</value>
         <object_component_ref idref="oc-424"/>
      </symbol>
      <symbol id="sm-92d">
         <name>HOSTread</name>
         <value>0x20010439</value>
         <object_component_ref idref="oc-3f9"/>
      </symbol>
      <symbol id="sm-93e">
         <name>HOSTrename</name>
         <value>0x2000fe71</value>
         <object_component_ref idref="oc-409"/>
      </symbol>
      <symbol id="sm-948">
         <name>HOSTunlink</name>
         <value>0x20010c79</value>
         <object_component_ref idref="oc-405"/>
      </symbol>
      <symbol id="sm-952">
         <name>HOSTwrite</name>
         <value>0x2001048d</value>
         <object_component_ref idref="oc-3fd"/>
      </symbol>
      <symbol id="sm-960">
         <name>C$$IO$$</name>
         <value>0x20011503</value>
         <object_component_ref idref="oc-41d"/>
      </symbol>
      <symbol id="sm-961">
         <name>__TI_writemsg</name>
         <value>0x200114d9</value>
         <object_component_ref idref="oc-41d"/>
      </symbol>
      <symbol id="sm-962">
         <name>__CIOBUF_</name>
         <value>0x20012ea4</value>
         <object_component_ref idref="oc-444"/>
      </symbol>
      <symbol id="sm-963">
         <name>__TI_readmsg</name>
         <value>0x20011661</value>
         <object_component_ref idref="oc-423"/>
      </symbol>
      <symbol id="sm-964">
         <name>_CIOBUF_</name>
         <value>0x20012ea4</value>
         <object_component_ref idref="oc-444"/>
      </symbol>
      <symbol id="sm-96a">
         <name>__aeabi_dmul</name>
         <value>0x2000e325</value>
         <object_component_ref idref="oc-19a"/>
      </symbol>
      <symbol id="sm-96b">
         <name>__muldf3</name>
         <value>0x2000e325</value>
         <object_component_ref idref="oc-19a"/>
      </symbol>
      <symbol id="sm-971">
         <name>__aeabi_d2iz</name>
         <value>0x20010a49</value>
         <object_component_ref idref="oc-19e"/>
      </symbol>
      <symbol id="sm-972">
         <name>__fixdfsi</name>
         <value>0x20010a49</value>
         <object_component_ref idref="oc-19e"/>
      </symbol>
      <symbol id="sm-978">
         <name>__aeabi_i2d</name>
         <value>0x200117d9</value>
         <object_component_ref idref="oc-196"/>
      </symbol>
      <symbol id="sm-979">
         <name>__floatsidf</name>
         <value>0x200117d9</value>
         <object_component_ref idref="oc-196"/>
      </symbol>
      <symbol id="sm-97f">
         <name>__aeabi_memcpy</name>
         <value>0x2001268d</value>
         <object_component_ref idref="oc-3c"/>
      </symbol>
      <symbol id="sm-980">
         <name>__aeabi_memcpy4</name>
         <value>0x2001268d</value>
         <object_component_ref idref="oc-3c"/>
      </symbol>
      <symbol id="sm-981">
         <name>__aeabi_memcpy8</name>
         <value>0x2001268d</value>
         <object_component_ref idref="oc-3c"/>
      </symbol>
      <symbol id="sm-98a">
         <name>__aeabi_memset</name>
         <value>0x200125f5</value>
         <object_component_ref idref="oc-2f0"/>
      </symbol>
      <symbol id="sm-98b">
         <name>__aeabi_memset4</name>
         <value>0x200125f5</value>
         <object_component_ref idref="oc-2f0"/>
      </symbol>
      <symbol id="sm-98c">
         <name>__aeabi_memset8</name>
         <value>0x200125f5</value>
         <object_component_ref idref="oc-2f0"/>
      </symbol>
      <symbol id="sm-98d">
         <name>__aeabi_memclr</name>
         <value>0x20012641</value>
         <object_component_ref idref="oc-67"/>
      </symbol>
      <symbol id="sm-98e">
         <name>__aeabi_memclr4</name>
         <value>0x20012641</value>
         <object_component_ref idref="oc-67"/>
      </symbol>
      <symbol id="sm-98f">
         <name>__aeabi_memclr8</name>
         <value>0x20012641</value>
         <object_component_ref idref="oc-67"/>
      </symbol>
      <symbol id="sm-995">
         <name>__aeabi_uldivmod</name>
         <value>0x20012245</value>
         <object_component_ref idref="oc-25a"/>
      </symbol>
      <symbol id="sm-99b">
         <name>__udivmoddi4</name>
         <value>0x2000ed75</value>
         <object_component_ref idref="oc-317"/>
      </symbol>
      <symbol id="sm-9a6">
         <name>__aeabi_ldiv0</name>
         <value>0x2000fe6f</value>
         <object_component_ref idref="oc-3a4"/>
      </symbol>
      <symbol id="sm-9b4">
         <name>finddevice</name>
         <value>0x20011861</value>
         <object_component_ref idref="oc-450"/>
      </symbol>
      <symbol id="sm-9b5">
         <name>getdevice</name>
         <value>0x2000fda1</value>
         <object_component_ref idref="oc-447"/>
      </symbol>
      <symbol id="sm-9bc">
         <name>strcmp</name>
         <value>0x2000d169</value>
         <object_component_ref idref="oc-453"/>
      </symbol>
      <symbol id="sm-9c4">
         <name>TI_memcpy_small</name>
         <value>0x20012347</value>
         <object_component_ref idref="oc-81"/>
      </symbol>
      <symbol id="sm-9cc">
         <name>TI_memset_small</name>
         <value>0x200124e9</value>
         <object_component_ref idref="oc-9e"/>
      </symbol>
      <symbol id="sm-9cd">
         <name>__TI_static_base__</name>
         <value>0x200126a8</value>
      </symbol>
      <symbol id="sm-9d0">
         <name>ITM_flush</name>
         <value>0x0</value>
      </symbol>
      <symbol id="sm-9d1">
         <name>ITM_restore</name>
         <value>0x0</value>
      </symbol>
      <symbol id="sm-9d2">
         <name>__mpu_init</name>
         <value>0x0</value>
      </symbol>
      <symbol id="sm-9d3">
         <name>_system_post_cinit</name>
         <value>0x0</value>
      </symbol>
   </symbol_table>
   <title>Link successful</title>
</link_info>
